--------- beginning of tracking
08-04 10:33:04.759   730   730 D TrackingCore: TrackingDataPostProcessor: Set heuristic confidence param persist.ovr.tracking.chct value 0.00
08-04 10:33:04.759   730   730 D TrackingCore: TrackingDataPostProcessor: Set heuristic confidence param persist.ovr.tracking.chnopress value 2.00
08-04 10:33:04.759   730   730 D TrackingCore: TrackingDataPostProcessor: Set heuristic confidence param persist.ovr.tracking.chnotouch value -1.00
08-04 10:33:04.759   730   730 D TrackingCore: TrackingDataPostProcessor: Set heuristic confidence param persist.ovr.tracking.chnotouchct value 2.00
08-04 10:33:04.759   730   730 D TrackingCore: TrackingDataPostProcessor: Set heuristic confidence param persist.ovr.tracking.chringtilt value 0.26
08-04 10:33:04.759   730   730 D TrackingCore: TrackingDataPostProcessor: Set heuristic confidence param persist.ovr.tracking.chringrlx value 1.00
08-04 10:33:04.759   730   730 D TrackingCore: TrackingDataPostProcessor: Set heuristic confidence param persist.ovr.tracking.chstatic value 2.00
08-04 10:33:04.759   730   730 D TrackingCore: TrackingDataPostProcessor: Set heuristic confidence param persist.ovr.tracking.chstaticrlx value 0.50
08-04 10:33:04.759   730   730 D TrackingCore: TrackingDataPostProcessor: Set heuristic confidence param persist.ovr.tracking.chincenter value 2.00
08-04 10:33:04.759   730   730 D TrackingCore: TrackingDataPostProcessor: Set heuristic confidence param persist.ovr.tracking.chdeadctr value 0.20
08-04 10:33:04.989   730   730 D Tracker/CoreOS: MontereyGlue::setupCapabilityRegistry()
08-04 10:33:05.088   730   730 D TrackingCore: Scaled haptics updated to: 100
08-04 10:33:05.088   730   730 D Tracker/CoreOS: ControllerGlue()
08-04 10:33:05.088   730   730 D Tracker/CoreOS: Enumerating paired controllers
08-04 10:33:05.088   730   730 D Tracker/CoreOS: ControllerGlue:runInHeldMode(MANAGEMENT)
08-04 10:33:05.088   730   730 D Tracker/CoreOS: ControllerGlue: Setting current mode to MANAGEMENT
08-04 10:33:05.146   730   730 D Tracker/CoreOS: ControllerGlue: Releasing hold on mode MANAGEMENT, transition to DISABLED
08-04 10:33:05.146   730   730 D Tracker/CoreOS: ControllerGlue: Setting current mode to DISABLED
08-04 10:33:05.178   730   730 I Tracker/CoreOS: Creating RemoteDevice for bf3320d45d1d592b
08-04 10:33:05.179   730   730 I Tracker/CoreOS: Creating RemoteDevice for 35cb23a045486c4a
08-04 10:33:05.186   730   730 I Tracker/CoreOS: Initializing MontereyGlue
08-04 10:33:05.188   730   730 E Tracker/CoreOS: [ConstellationTrackingGlue] failed to setEnableExtendedDeadreckoning; attempting to set false
08-04 10:33:05.406   730   730 D Tracker/CoreOS: MontereyGlue: Acquiring MontereyGlue WakeLock
08-04 10:33:05.407   730  1262 I Tracker/CoreOS: MontereyGlue Handle Power State. currentState: 0, newState: 1
08-04 10:33:05.407   730  1262 D Tracker/CoreOS: MontereyGlue: Transition start SLEEP->STANDBY
08-04 10:33:05.407   730  1262 I Tracker/CoreOS: AutomationTest: ResumeFromSuspendTimeTests: MontereyGlue resume
08-04 10:33:05.407   730  1262 D Tracker/CoreOS: MontereyGlue: Skipping abort, no post process in progress
08-04 10:33:05.588   730  1262 D Tracker/CoreOS: MontereyGlue: start vision took 180ms
08-04 10:33:05.588   730  1262 D Tracker/CoreOS: MontereyGlue: starting non-camera streams
08-04 10:33:05.685   730  1262 D Tracker/CoreOS: MontereyGlue: starting non-camera streams took 97ms
08-04 10:33:05.685   730  1262 D Tracker/CoreOS: MontereyGlue: starting remote service
08-04 10:33:05.685   730  1262 D Tracker/CoreOS: Entering ControllerGlue::start()
08-04 10:33:05.685   730  1262 D Tracker/CoreOS: ControllerGlue: setting expected mode to ACTIVE
08-04 10:33:05.685   730  1262 D Tracker/CoreOS: ControllerGlue: Setting current mode to ACTIVE
08-04 10:33:05.692   730  1262 D Tracker/CoreOS: MontereyGlue: starting remote service took 6ms
08-04 10:33:05.692   730  1262 D Tracker/CoreOS: MontereyGlue: Transition complete SLEEP->STANDBY
08-04 10:33:05.692   730  1262 D Tracker/CoreOS: MontereyGlue: Releasing MontereyGlue WakeLock
08-04 10:33:09.755   730  1304 D TrackingCore: TrackingDataPostProcessor: Registered bf3320d45d1d592b
08-04 10:33:09.909   730  1304 D TrackingCore: TrackingDataPostProcessor: Registered 35cb23a045486c4a
08-04 10:33:13.751   730   730 D Tracker/CoreOS: Setting exposure hint to 0.000000
08-04 10:33:15.327   730   841 D TrackingCore: TrackingEnvironment::getSharedMemory()
08-04 10:33:15.329   730   835 D TrackingCore: TrackingEnvironment::stopMapExpansion(0)
08-04 10:34:24.859   730  3062 D Tracker/CoreOS: MontereyGlue: Acquiring MontereyGlue WakeLock
08-04 10:34:24.860   730  1262 I Tracker/CoreOS: MontereyGlue Handle Power State. currentState: 1, newState: 0
08-04 10:34:24.860   730  1262 D Tracker/CoreOS: MontereyGlue: Transition start STANDBY->SLEEP
08-04 10:34:24.860   730  1262 D Tracker/CoreOS: MontereyGlue: stopping headset streams
08-04 10:34:24.866   730  1262 D Tracker/CoreOS: MontereyGlue: stopping hand processing
08-04 10:34:24.866   730  1262 D Tracker/CoreOS: MontereyGlue: stopping controller processing
08-04 10:34:24.866   730  1262 D Tracker/CoreOS: Entering ControllerGlue::stop()
08-04 10:34:24.866   730  1262 D Tracker/CoreOS: ControllerGlue: setting expected mode to DISABLED
08-04 10:34:24.866   730  1262 D Tracker/CoreOS: ControllerGlue: Setting current mode to DISABLED
08-04 10:34:25.645   730  1262 D Tracker/CoreOS: RemoteService::handleDeviceDisconnected - device bf3320d45d1d592b
08-04 10:34:25.647   730  1262 D TrackingCore: TrackingDataPostProcessor: Unregistering bf3320d45d1d592b
08-04 10:34:25.647   730  1262 D Tracker/CoreOS: RemoteService::handleDeviceDisconnected - device 35cb23a045486c4a
08-04 10:34:25.648   730  1262 D TrackingCore: TrackingDataPostProcessor: Unregistering 35cb23a045486c4a
08-04 10:34:25.648   730  1262 D Tracker/CoreOS: MontereyGlue: stopping iot processing
08-04 10:34:25.702   730  1262 D Tracker/CoreOS: MontereyGlue: Start Vision Post Processing
08-04 10:34:25.702   730  1262 D Tracker/CoreOS: MontereyGlue: Acquiring Post Processing Wakelock
08-04 10:34:25.704   730  1262 D Tracker/CoreOS: MontereyGlue: Transition complete STANDBY->SLEEP
08-04 10:34:25.704   730  1262 D Tracker/CoreOS: MontereyGlue: Releasing MontereyGlue WakeLock
08-04 10:34:25.704   730  3402 D Tracker/CoreOS: Post Processing Complete
08-04 10:34:25.704   730  3402 D Tracker/CoreOS: MontereyGlue: Releasing Post Processing Wakelock
--------- beginning of system
08-04 11:04:09.724 16658 16658 W ContextImpl: Calling a method in the system process without a qualified user: android.app.ContextImpl.startService:1357 android.content.ContextWrapper.startService:613 android.content.ContextWrapper.startService:613 com.android.keychain.KeyChainBroadcastReceiver.onReceive:12 android.app.ActivityThread.handleReceiver:3065 
08-04 11:04:09.739  1109  1482 I ActivityManager: Start proc 16672:android.process.acore/u0a1 for broadcast com.android.providers.contacts/.PackageIntentReceiver
08-04 11:04:09.752  1109  1552 I ActivityManager: Killing 2820:com.google.android.apps.youtube.vr.oculus/u0a101 (adj 906): empty for 1850s
08-04 11:04:09.775  1109  1135 D ConnectivityService: ConnectivityService NetworkRequestInfo binderDied(NetworkRequest [ LISTEN id=8, [ Capabilities: INTERNET&NOT_RESTRICTED&TRUSTED&FOREGROUND] ], android.os.BinderProxy@957361d)
08-04 11:04:09.775  1109  1556 D ActivityManager: cleanUpApplicationRecord -- 2820
08-04 11:04:09.789  1109  1272 E ConnectivityService: RemoteException caught trying to send a callback msg for NetworkRequest [ LISTEN id=8, [ Capabilities: INTERNET&NOT_RESTRICTED&TRUSTED&FOREGROUND] ]
08-04 11:04:09.909  1109  1586 I ActivityManager: Start proc 16689:com.oculus.home/u0a46 for broadcast com.oculus.home/com.oculus.common.packagescache.PackagesCacheReceiver
08-04 11:04:09.913  1109  1586 I ActivityManager: Killing 2241:com.android.calendar/u0a34 (adj 906): empty for 1850s
08-04 11:04:09.935  1109  1482 D ActivityManager: cleanUpApplicationRecord -- 2241
08-04 11:04:10.380  1109  1134 I ActivityManager: Killing 2302:com.oculus.vrcast/1000 (adj 906): empty for 1845s
08-04 11:04:10.394  1109  1662 I ActivityManager: Start proc 16707:com.oculus.messenger/u0a45 for broadcast com.oculus.messenger/com.oculus.common.packagescache.PackagesCacheReceiver
08-04 11:04:10.394  1109  1516 D ActivityManager: cleanUpApplicationRecord -- 2302
08-04 11:04:10.620  1109  1586 I ActivityManager: Killing 1840:com.android.providers.calendar/u0a4 (adj 906): empty for 1823s
08-04 11:04:10.631  1109  1653 D ActivityManager: cleanUpApplicationRecord -- 1840
08-04 11:04:10.648  1109  1548 I ActivityManager: Start proc 16724:com.oculus.socialplatform/u0a117 for broadcast com.oculus.socialplatform/com.oculus.common.packagescache.PackagesCacheReceiver
08-04 11:04:10.915  1109  1653 I ActivityManager: Start proc 16746:com.oculus.userserver2/u0a78 for broadcast com.oculus.userserver2/com.oculus.common.packagescache.PackagesCacheReceiver
08-04 11:04:11.098  1109  1556 I ActivityManager: Start proc 16762:com.svox.pico/u0a51 for broadcast com.svox.pico/.VoiceDataInstallerReceiver
08-04 11:08:10.054  1529 16814 W ContextImpl: Calling a method in the system process without a qualified user: android.app.ContextImpl.sendBroadcast:877 android.content.ContextWrapper.sendBroadcast:421 com.facebook.analytics2.logger.UploadServiceBus.signalJobRan:60 com.facebook.analytics2.logger.UploadJobHandler.exitStateMachine:268 com.facebook.analytics2.logger.UploadJobHandler.handleMessage:98 
08-04 11:10:33.584  1109  1634 I PowerManagerService: Waking up from sleep (uid 1000)...
08-04 11:10:33.586  1109  1160 I DisplayPowerController: Blocking screen on until initial contents have been drawn.
08-04 11:10:33.589   730   841 D Tracker/CoreOS: MontereyGlue: Acquiring MontereyGlue WakeLock
08-04 11:10:33.591   730   841 D Tracker/CoreOS: MontereyGlue: Acquiring MontereyGlue WakeLock
08-04 11:10:33.591   730  1262 I Tracker/CoreOS: MontereyGlue Handle Power State. currentState: 0, newState: 1
08-04 11:10:33.591   730  1262 D Tracker/CoreOS: MontereyGlue: Transition start SLEEP->STANDBY
08-04 11:10:33.591   730  1262 I Tracker/CoreOS: AutomationTest: ResumeFromSuspendTimeTests: MontereyGlue resume
08-04 11:10:33.629  1109  1158 I DisplayManagerService: Display device changed state: "Built-in Screen", ON
08-04 11:10:33.640  1354  1354 E SchedPolicy: add_tid_to_cgroup failed; fd=-1
08-04 11:10:33.640  1354 16853 E SchedPolicy: add_tid_to_cgroup failed; fd=-1
08-04 11:10:33.684   730  1262 D Tracker/CoreOS: MontereyGlue: start vision took 70ms
08-04 11:10:33.684   730  1262 D Tracker/CoreOS: MontereyGlue: starting non-camera streams
08-04 11:10:33.750   730  1262 D Tracker/CoreOS: MontereyGlue: starting non-camera streams took 66ms
08-04 11:10:33.750   730  1262 D Tracker/CoreOS: MontereyGlue: starting remote service
08-04 11:10:33.750   730  1262 D Tracker/CoreOS: Entering ControllerGlue::start()
08-04 11:10:33.750   730  1262 D Tracker/CoreOS: ControllerGlue: setting expected mode to ACTIVE
08-04 11:10:33.750   730  1262 D Tracker/CoreOS: ControllerGlue: Setting current mode to ACTIVE
08-04 11:10:33.756   730  1262 D Tracker/CoreOS: MontereyGlue: starting remote service took 6ms
08-04 11:10:33.756   730  1262 D Tracker/CoreOS: MontereyGlue: Transition complete SLEEP->STANDBY
08-04 11:10:33.756   730  1262 D Tracker/CoreOS: MontereyGlue: Releasing MontereyGlue WakeLock
08-04 11:10:33.756   730  1262 I Tracker/CoreOS: MontereyGlue Handle Power State. currentState: 1, newState: 2
08-04 11:10:33.756   730  1262 D Tracker/CoreOS: MontereyGlue: Transition start STANDBY->RUNNING
08-04 11:10:33.757   730  1262 D Tracker/CoreOS: MontereyGlue: initializing cameras
08-04 11:10:33.891  1529 16864 W ContextImpl: Calling a method in the system process without a qualified user: android.app.ContextImpl.sendBroadcast:877 android.content.ContextWrapper.sendBroadcast:421 com.facebook.analytics2.logger.UploadServiceBus.signalJobRan:60 com.facebook.analytics2.logger.UploadJobHandler.exitStateMachine:268 com.facebook.analytics2.logger.UploadJobHandler.handleMessage:98 
08-04 11:10:34.044   730  1262 D Tracker/CoreOS: MontereyGlue: initializing cameras took 287ms
08-04 11:10:34.044   730  1262 D Tracker/CoreOS: MontereyGlue: starting camera streams
08-04 11:10:34.068   730  1262 D Tracker/CoreOS: MontereyGlue: starting camera streams took 24ms
08-04 11:10:34.068   730  1262 D Tracker/CoreOS: MontereyGlue: Starting Vision capabilities.
08-04 11:10:34.099   730  1262 D Tracker/CoreOS: MontereyGlue: Acquiring handleHandTrackingSettingChange lock
08-04 11:10:34.101   730  1262 D Tracker/CoreOS: MontereyGlue: Handling hand tracking setting enabled
08-04 11:10:34.391  1109  1556 I ActivityManager: Start proc 16914:com.oculus.vrcast/1000 for service com.oculus.vrcast/.VrCastService
08-04 11:10:34.401  1109  1160 I DisplayPowerController: Unblocked screen on after 814 ms
08-04 11:10:34.486   730 16888 D TrackingCore: TrackingDataPostProcessor: Registered 35cb23a045486c4a
08-04 11:10:34.546   730 16888 D TrackingCore: TrackingDataPostProcessor: Registered bf3320d45d1d592b
08-04 11:10:34.941   730  1262 D Tracker/CoreOS: MontereyGlue: Releasing handleHandTrackingSettingChange lock
08-04 11:10:34.941   730  1262 D Tracker/CoreOS: MontereyGlue: Transition complete STANDBY->RUNNING
08-04 11:10:34.941   730  1262 D Tracker/CoreOS: MontereyGlue: Done. Total resume time: 453ms
08-04 11:10:34.941   730  1262 I Tracker/CoreOS: Tracking starts in LibDevices stack!
08-04 11:10:34.941   730  1262 D Tracker/CoreOS: MontereyGlue: Releasing MontereyGlue WakeLock
08-04 11:10:34.969   730   835 D Tracker/CoreOS: MontereyGlue: Acquiring handleHandTrackingSettingChange lock
08-04 11:10:34.970   730   835 D Tracker/CoreOS: MontereyGlue: Handling hand tracking setting disabled
08-04 11:10:34.975   730   835 D Tracker/CoreOS: MontereyGlue: Releasing handleHandTrackingSettingChange lock
08-04 11:10:37.075   730   841 D Tracker/CoreOS: MontereyGlue: Acquiring handleHandTrackingSettingChange lock
08-04 11:10:37.077   730   841 D Tracker/CoreOS: MontereyGlue: Handling hand tracking setting enabled
08-04 11:10:37.314   730   841 D Tracker/CoreOS: MontereyGlue: Releasing handleHandTrackingSettingChange lock
08-04 11:10:37.578  1109  1482 I DisplayManagerService: Display device added: DisplayDeviceInfo{"com.oculus.android_panel_app.AndroidPanelLayer-#main": uniqueId="virtual:com.oculus.systemux,10025,com.oculus.android_panel_app.AndroidPanelLayer-#main,0", 774 x 124, modeId 2, defaultModeId 2, supportedModes [{id=2, width=774, height=124, fps=60.0}], colorMode 0, supportedColorModes [0], HdrCapabilities null, density 160, 160.0 x 160.0 dpi, appVsyncOff 0, presDeadline 16666666, touch NONE, rotation 0, type VIRTUAL, state OFF, owner com.oculus.systemux (uid 10025), FLAG_PRIVATE, FLAG_NEVER_BLANK, FLAG_OWN_CONTENT_ONLY}
08-04 11:10:37.843  1109  1482 I DisplayManagerService: Display device added: DisplayDeviceInfo{"com.oculus.android_panel_app.AndroidPanelLayer-tablet": uniqueId="virtual:com.oculus.systemux,10025,com.oculus.android_panel_app.AndroidPanelLayer-tablet,0", 768 x 340, modeId 3, defaultModeId 3, supportedModes [{id=3, width=768, height=340, fps=60.0}], colorMode 0, supportedColorModes [0], HdrCapabilities null, density 160, 160.0 x 160.0 dpi, appVsyncOff 0, presDeadline 16666666, touch NONE, rotation 0, type VIRTUAL, state OFF, owner com.oculus.systemux (uid 10025), FLAG_PRIVATE, FLAG_NEVER_BLANK, FLAG_OWN_CONTENT_ONLY}
08-04 11:10:37.889  1109  1653 I DisplayManagerService: Display device added: DisplayDeviceInfo{"com.oculus.android_panel_app.AndroidPanelLayer-tabletNav": uniqueId="virtual:com.oculus.systemux,10025,com.oculus.android_panel_app.AndroidPanelLayer-tabletNav,0", 216 x 340, modeId 4, defaultModeId 4, supportedModes [{id=4, width=216, height=340, fps=60.0}], colorMode 0, supportedColorModes [0], HdrCapabilities null, density 160, 160.0 x 160.0 dpi, appVsyncOff 0, presDeadline 16666666, touch NONE, rotation 0, type VIRTUAL, state OFF, owner com.oculus.systemux (uid 10025), FLAG_PRIVATE, FLAG_NEVER_BLANK, FLAG_OWN_CONTENT_ONLY}
08-04 11:10:37.932  1109  1598 I DisplayManagerService: Display device added: DisplayDeviceInfo{"com.oculus.android_panel_app.AndroidPanelLayer-tabletContent": uniqueId="virtual:com.oculus.systemux,10025,com.oculus.android_panel_app.AndroidPanelLayer-tabletContent,0", 552 x 340, modeId 5, defaultModeId 5, supportedModes [{id=5, width=552, height=340, fps=60.0}], colorMode 0, supportedColorModes [0], HdrCapabilities null, density 160, 160.0 x 160.0 dpi, appVsyncOff 0, presDeadline 16666666, touch NONE, rotation 0, type VIRTUAL, state OFF, owner com.oculus.systemux (uid 10025), FLAG_PRIVATE, FLAG_NEVER_BLANK, FLAG_OWN_CONTENT_ONLY}
08-04 11:10:41.256  1529 16998 W ContextImpl: Calling a method in the system process without a qualified user: android.app.ContextImpl.sendBroadcast:877 android.content.ContextWrapper.sendBroadcast:421 com.facebook.analytics2.logger.UploadServiceBus.signalJobRan:60 com.facebook.analytics2.logger.UploadJobHandler.exitStateMachine:268 com.facebook.analytics2.logger.UploadJobHandler.handleMessage:98 
08-04 11:10:41.997   730   730 D Tracker/CoreOS: MontereyGlue: Acquiring handleHandTrackingSettingChange lock
08-04 11:10:42.000   730   730 D Tracker/CoreOS: MontereyGlue: Handling hand tracking setting disabled
08-04 11:10:42.008   730   730 D Tracker/CoreOS: MontereyGlue: Releasing handleHandTrackingSettingChange lock
08-04 11:10:43.396  1109  1632 I ActivityManager: START u0 {flg=0x10008000 cmp=com.android.systemui/com.oculus.os.vrsystemui.vrmtp.MtpAlertActivity} from uid 10029 on display 0
08-04 11:10:43.404  1109  1483 W InputMethodManagerService: Window already focused, ignoring focus gain of: com.android.internal.view.IInputMethodClient$Stub$Proxy@dd73d68 attribute=android.view.inputmethod.EditorInfo@fcb0581, token = android.os.BinderProxy@26f8e56
08-04 11:10:43.425  1109  1134 W ActivityManager: Duplicate finish request for ActivityRecord{8616c3 u0 com.android.systemui/com.oculus.os.vrsystemui.vrmtp.XrspAlertActivity t705 f}
08-04 11:10:43.425  1354  1354 E SchedPolicy: add_tid_to_cgroup failed; fd=-1
08-04 11:10:43.582  1354  1354 E SchedPolicy: add_tid_to_cgroup failed; fd=-1
08-04 11:10:43.582  1354 17000 E SchedPolicy: add_tid_to_cgroup failed; fd=-1
08-04 11:10:43.733  1354  1354 E ActivityThread: Activity com.oculus.os.vrsystemui.vrmtp.XrspAlertActivity has leaked IntentReceiver com.oculus.vrapi.SystemActivitiesReceiver@856f920 that was originally registered here. Are you missing a call to unregisterReceiver()?
08-04 11:10:43.733  1354  1354 E ActivityThread: android.app.IntentReceiverLeaked: Activity com.oculus.os.vrsystemui.vrmtp.XrspAlertActivity has leaked IntentReceiver com.oculus.vrapi.SystemActivitiesReceiver@856f920 that was originally registered here. Are you missing a call to unregisterReceiver()?
08-04 11:10:43.733  1354  1354 E ActivityThread: 	at android.app.LoadedApk$ReceiverDispatcher.<init>(LoadedApk.java:1163)
08-04 11:10:43.733  1354  1354 E ActivityThread: 	at android.app.LoadedApk.getReceiverDispatcher(LoadedApk.java:950)
08-04 11:10:43.733  1354  1354 E ActivityThread: 	at android.app.ContextImpl.registerReceiverInternal(ContextImpl.java:1302)
08-04 11:10:43.733  1354  1354 E ActivityThread: 	at android.app.ContextImpl.registerReceiver(ContextImpl.java:1282)
08-04 11:10:43.733  1354  1354 E ActivityThread: 	at android.app.ContextImpl.registerReceiver(ContextImpl.java:1276)
08-04 11:10:43.733  1354  1354 E ActivityThread: 	at android.content.ContextWrapper.registerReceiver(ContextWrapper.java:586)
08-04 11:10:43.733  1354  1354 E ActivityThread: 	at android.content.ContextWrapper.registerReceiver(ContextWrapper.java:586)
08-04 11:10:43.733  1354  1354 E ActivityThread: 	at com.oculus.vrapi.SystemActivitiesReceiver.startReceiver(SystemActivitiesReceiver.java:33)
08-04 11:10:43.733  1354  1354 E ActivityThread: 	at oculus.internal.ui.VrBase.nativeOnCreate(Native Method)
08-04 11:10:43.733  1354  1354 E ActivityThread: 	at oculus.internal.ui.VrBase.recreateInternal(VrBase.java:288)
08-04 11:10:43.733  1354  1354 E ActivityThread: 	at oculus.internal.ui.VrBase.onCreate(VrBase.java:265)
08-04 11:10:43.733  1354  1354 E ActivityThread: 	at oculus.internal.ui.VrUiWrapper.commonInit(VrUiWrapper.java:134)
08-04 11:10:43.733  1354  1354 E ActivityThread: 	at oculus.internal.ui.VrUiWrapper.onCreate(VrUiWrapper.java:142)
08-04 11:10:43.733  1354  1354 E ActivityThread: 	at oculus.internal.ui.VrUiWrapper.onCreate(VrUiWrapper.java:105)
08-04 11:10:43.733  1354  1354 E ActivityThread: 	at oculus.internal.ui.VrAlertActivity.onCreate(VrAlertActivity.java:22)
08-04 11:10:43.733  1354  1354 E ActivityThread: 	at oculus.internal.ui.VrAlertActivity.onCreate(VrAlertActivity.java:15)
08-04 11:10:43.733  1354  1354 E ActivityThread: 	at com.oculus.os.vrsystemui.vrmtp.USBConnectionAlertActivity.onCreate(USBConnectionAlertActivity.java:44)
08-04 11:10:43.733  1354  1354 E ActivityThread: 	at android.app.Activity.performCreate(Activity.java:6724)
08-04 11:10:43.733  1354  1354 E ActivityThread: 	at android.app.Instrumentation.callActivityOnCreate(Instrumentation.java:1119)
08-04 11:10:43.733  1354  1354 E ActivityThread: 	at android.app.ActivityThread.performLaunchActivity(ActivityThread.java:2633)
08-04 11:10:43.733  1354  1354 E ActivityThread: 	at android.app.ActivityThread.handleLaunchActivity(ActivityThread.java:2741)
08-04 11:10:43.733  1354  1354 E ActivityThread: 	at android.app.ActivityThread.-wrap12(ActivityThread.java)
08-04 11:10:43.733  1354  1354 E ActivityThread: 	at android.app.ActivityThread$H.handleMessage(ActivityThread.java:1478)
08-04 11:10:43.733  1354  1354 E ActivityThread: 	at android.os.Handler.dispatchMessage(Handler.java:102)
08-04 11:10:43.733  1354  1354 E ActivityThread: 	at android.os.Looper.loop(Looper.java:154)
08-04 11:10:43.733  1354  1354 E ActivityThread: 	at android.app.ActivityThread.main(ActivityThread.java:6165)
08-04 11:10:43.733  1354  1354 E ActivityThread: 	at java.lang.reflect.Method.invoke(Native Method)
08-04 11:10:43.733  1354  1354 E ActivityThread: 	at com.android.internal.os.ZygoteInit$MethodAndArgsCaller.run(ZygoteInit.java:886)
08-04 11:10:43.733  1354  1354 E ActivityThread: 	at com.android.internal.os.ZygoteInit.main(ZygoteInit.java:776)
08-04 11:10:43.736  1354  1354 E ActivityThread: Activity com.oculus.os.vrsystemui.vrmtp.XrspAlertActivity has leaked ServiceConnection com.oculus.runtimeipcserviceclient.RuntimeIPCServiceClient$IPCServiceConnection@3b5e5dd that was originally bound here
08-04 11:10:43.736  1354  1354 E ActivityThread: android.app.ServiceConnectionLeaked: Activity com.oculus.os.vrsystemui.vrmtp.XrspAlertActivity has leaked ServiceConnection com.oculus.runtimeipcserviceclient.RuntimeIPCServiceClient$IPCServiceConnection@3b5e5dd that was originally bound here
08-04 11:10:43.736  1354  1354 E ActivityThread: 	at android.app.LoadedApk$ServiceDispatcher.<init>(LoadedApk.java:1340)
08-04 11:10:43.736  1354  1354 E ActivityThread: 	at android.app.LoadedApk.getServiceDispatcher(LoadedApk.java:1235)
08-04 11:10:43.736  1354  1354 E ActivityThread: 	at android.app.ContextImpl.bindServiceCommon(ContextImpl.java:1450)
08-04 11:10:43.736  1354  1354 E ActivityThread: 	at android.app.ContextImpl.bindServiceAsUser(ContextImpl.java:1440)
08-04 11:10:43.736  1354  1354 E ActivityThread: 	at java.lang.reflect.Method.invoke(Native Method)
08-04 11:10:43.736  1354  1354 E ActivityThread: 	at com.oculus.runtimeipcserviceclient.BindServiceWrapper.bindServiceWithHandler(BindServiceWrapper.java:194)
08-04 11:10:43.736  1354  1354 E ActivityThread: 	at com.oculus.runtimeipcserviceclient.RuntimeIPCServiceClient.ensureConnection(RuntimeIPCServiceClient.java:267)
08-04 11:10:43.736  1354  1354 E ActivityThread: 	at com.oculus.runtimeipcserviceclient.RuntimeIPCServiceClient.connectToService(RuntimeIPCServiceClient.java:42)
08-04 11:10:43.736  1354  1354 E ActivityThread: 	at oculus.internal.ui.VrBase.nativeOnCreate(Native Method)
08-04 11:10:43.736  1354  1354 E ActivityThread: 	at oculus.internal.ui.VrBase.recreateInternal(VrBase.java:288)
08-04 11:10:43.736  1354  1354 E ActivityThread: 	at oculus.internal.ui.VrBase.onCreate(VrBase.java:265)
08-04 11:10:43.736  1354  1354 E ActivityThread: 	at oculus.internal.ui.VrUiWrapper.commonInit(VrUiWrapper.java:134)
08-04 11:10:43.736  1354  1354 E ActivityThread: 	at oculus.internal.ui.VrUiWrapper.onCreate(VrUiWrapper.java:142)
08-04 11:10:43.736  1354  1354 E ActivityThread: 	at oculus.internal.ui.VrUiWrapper.onCreate(VrUiWrapper.java:105)
08-04 11:10:43.736  1354  1354 E ActivityThread: 	at oculus.internal.ui.VrAlertActivity.onCreate(VrAlertActivity.java:22)
08-04 11:10:43.736  1354  1354 E ActivityThread: 	at oculus.internal.ui.VrAlertActivity.onCreate(VrAlertActivity.java:15)
08-04 11:10:43.736  1354  1354 E ActivityThread: 	at com.oculus.os.vrsystemui.vrmtp.USBConnectionAlertActivity.onCreate(USBConnectionAlertActivity.java:44)
08-04 11:10:43.736  1354  1354 E ActivityThread: 	at android.app.Activity.performCreate(Activity.java:6724)
08-04 11:10:43.736  1354  1354 E ActivityThread: 	at android.app.Instrumentation.callActivityOnCreate(Instrumentation.java:1119)
08-04 11:10:43.736  1354  1354 E ActivityThread: 	at android.app.ActivityThread.performLaunchActivity(ActivityThread.java:2633)
08-04 11:10:43.736  1354  1354 E ActivityThread: 	at android.app.ActivityThread.handleLaunchActivity(ActivityThread.java:2741)
08-04 11:10:43.736  1354  1354 E ActivityThread: 	at android.app.ActivityThread.-wrap12(ActivityThread.java)
08-04 11:10:43.736  1354  1354 E ActivityThread: 	at android.app.ActivityThread$H.handleMessage(ActivityThread.java:1478)
08-04 11:10:43.736  1354  1354 E ActivityThread: 	at android.os.Handler.dispatchMessage(Handler.java:102)
08-04 11:10:43.736  1354  1354 E ActivityThread: 	at android.os.Looper.loop(Looper.java:154)
08-04 11:10:43.736  1354  1354 E ActivityThread: 	at android.app.ActivityThread.main(ActivityThread.java:6165)
08-04 11:10:43.736  1354  1354 E ActivityThread: 	at java.lang.reflect.Method.invoke(Native Method)
08-04 11:10:43.736  1354  1354 E ActivityThread: 	at com.android.internal.os.ZygoteInit$MethodAndArgsCaller.run(ZygoteInit.java:886)
08-04 11:10:43.736  1354  1354 E ActivityThread: 	at com.android.internal.os.ZygoteInit.main(ZygoteInit.java:776)
08-04 11:10:43.737  1109  1598 W ActivityManager: Unbind failed: could not find connection for android.os.BinderProxy@7295c1f
08-04 11:10:43.739  1354  1354 E ActivityThread: Activity com.oculus.os.vrsystemui.vrmtp.XrspAlertActivity has leaked ServiceConnection com.oculus.vrapi.VrRuntimeClient$RuntimeServiceConnection@5985023 that was originally bound here
08-04 11:10:43.739  1354  1354 E ActivityThread: android.app.ServiceConnectionLeaked: Activity com.oculus.os.vrsystemui.vrmtp.XrspAlertActivity has leaked ServiceConnection com.oculus.vrapi.VrRuntimeClient$RuntimeServiceConnection@5985023 that was originally bound here
08-04 11:10:43.739  1354  1354 E ActivityThread: 	at android.app.LoadedApk$ServiceDispatcher.<init>(LoadedApk.java:1340)
08-04 11:10:43.739  1354  1354 E ActivityThread: 	at android.app.LoadedApk.getServiceDispatcher(LoadedApk.java:1235)
08-04 11:10:43.739  1354  1354 E ActivityThread: 	at android.app.ContextImpl.bindServiceCommon(ContextImpl.java:1450)
08-04 11:10:43.739  1354  1354 E ActivityThread: 	at android.app.ContextImpl.bindServiceAsUser(ContextImpl.java:1440)
08-04 11:10:43.739  1354  1354 E ActivityThread: 	at java.lang.reflect.Method.invoke(Native Method)
08-04 11:10:43.739  1354  1354 E ActivityThread: 	at com.oculus.vrapi.BindServiceWrapper.bindServiceWithHandler(BindServiceWrapper.java:194)
08-04 11:10:43.739  1354  1354 E ActivityThread: 	at com.oculus.vrapi.VrRuntimeClient.EnsureRuntimeService(VrRuntimeClient.java:382)
08-04 11:10:43.739  1354  1354 E ActivityThread: 	at com.oculus.vrapi.VrRuntimeClient.connectToService(VrRuntimeClient.java:453)
08-04 11:10:43.739  1354  1354 E ActivityThread: 	at oculus.internal.ui.VrBase.nativeOnCreate(Native Method)
08-04 11:10:43.739  1354  1354 E ActivityThread: 	at oculus.internal.ui.VrBase.recreateInternal(VrBase.java:288)
08-04 11:10:43.739  1354  1354 E ActivityThread: 	at oculus.internal.ui.VrBase.onCreate(VrBase.java:265)
08-04 11:10:43.739  1354  1354 E ActivityThread: 	at oculus.internal.ui.VrUiWrapper.commonInit(VrUiWrapper.java:134)
08-04 11:10:43.739  1354  1354 E ActivityThread: 	at oculus.internal.ui.VrUiWrapper.onCreate(VrUiWrapper.java:142)
08-04 11:10:43.739  1354  1354 E ActivityThread: 	at oculus.internal.ui.VrUiWrapper.onCreate(VrUiWrapper.java:105)
08-04 11:10:43.739  1354  1354 E ActivityThread: 	at oculus.internal.ui.VrAlertActivity.onCreate(VrAlertActivity.java:22)
08-04 11:10:43.739  1354  1354 E ActivityThread: 	at oculus.internal.ui.VrAlertActivity.onCreate(VrAlertActivity.java:15)
08-04 11:10:43.739  1354  1354 E ActivityThread: 	at com.oculus.os.vrsystemui.vrmtp.USBConnectionAlertActivity.onCreate(USBConnectionAlertActivity.java:44)
08-04 11:10:43.739  1354  1354 E ActivityThread: 	at android.app.Activity.performCreate(Activity.java:6724)
08-04 11:10:43.739  1354  1354 E ActivityThread: 	at android.app.Instrumentation.callActivityOnCreate(Instrumentation.java:1119)
08-04 11:10:43.739  1354  1354 E ActivityThread: 	at android.app.ActivityThread.performLaunchActivity(ActivityThread.java:2633)
08-04 11:10:43.739  1354  1354 E ActivityThread: 	at android.app.ActivityThread.handleLaunchActivity(ActivityThread.java:2741)
08-04 11:10:43.739  1354  1354 E ActivityThread: 	at android.app.ActivityThread.-wrap12(ActivityThread.java)
08-04 11:10:43.739  1354  1354 E ActivityThread: 	at android.app.ActivityThread$H.handleMessage(ActivityThread.java:1478)
08-04 11:10:43.739  1354  1354 E ActivityThread: 	at android.os.Handler.dispatchMessage(Handler.java:102)
08-04 11:10:43.739  1354  1354 E ActivityThread: 	at android.os.Looper.loop(Looper.java:154)
08-04 11:10:43.739  1354  1354 E ActivityThread: 	at android.app.ActivityThread.main(ActivityThread.java:6165)
08-04 11:10:43.739  1354  1354 E ActivityThread: 	at java.lang.reflect.Method.invoke(Native Method)
08-04 11:10:43.739  1354  1354 E ActivityThread: 	at com.android.internal.os.ZygoteInit$MethodAndArgsCaller.run(ZygoteInit.java:886)
08-04 11:10:43.739  1354  1354 E ActivityThread: 	at com.android.internal.os.ZygoteInit.main(ZygoteInit.java:776)
08-04 11:10:43.740  1109  1653 W ActivityManager: Unbind failed: could not find connection for android.os.BinderProxy@edb8535
08-04 11:10:48.524  1354  1354 E SchedPolicy: add_tid_to_cgroup failed; fd=-1
08-04 11:10:48.531  1109  1632 W InputMethodManagerService: Window already focused, ignoring focus gain of: com.android.internal.view.IInputMethodClient$Stub$Proxy@d35a862 attribute=null, token = android.os.BinderProxy@26f8e56
08-04 11:10:48.598  1109  1632 I ActivityManager: Killing 2462:com.oculus.vrshell.home/u0a58 (adj 906): empty for 1803s
08-04 11:10:48.662  1109  1552 D ActivityManager: cleanUpApplicationRecord -- 2462
08-04 11:10:48.958  1109  1483 I DisplayManagerService: Display device added: DisplayDeviceInfo{"com.oculus.android_panel_app.AndroidPanelLayer-hand1": uniqueId="virtual:com.oculus.systemux,10025,com.oculus.android_panel_app.AndroidPanelLayer-hand1,0", 200 x 1000, modeId 6, defaultModeId 6, supportedModes [{id=6, width=200, height=1000, fps=60.0}], colorMode 0, supportedColorModes [0], HdrCapabilities null, density 160, 160.0 x 160.0 dpi, appVsyncOff 0, presDeadline 16666666, touch NONE, rotation 0, type VIRTUAL, state OFF, owner com.oculus.systemux (uid 10025), FLAG_PRIVATE, FLAG_NEVER_BLANK, FLAG_OWN_CONTENT_ONLY}
08-04 11:10:48.988  1109  1516 I DisplayManagerService: Display device removed: DisplayDeviceInfo{"com.oculus.android_panel_app.AndroidPanelLayer-hand1": uniqueId="virtual:com.oculus.systemux,10025,com.oculus.android_panel_app.AndroidPanelLayer-hand1,0", 200 x 1000, modeId 6, defaultModeId 6, supportedModes [{id=6, width=200, height=1000, fps=60.0}], colorMode 0, supportedColorModes [0], HdrCapabilities null, density 160, 160.0 x 160.0 dpi, appVsyncOff 0, presDeadline 16666666, touch NONE, rotation 0, type VIRTUAL, state OFF, owner com.oculus.systemux (uid 10025), FLAG_PRIVATE, FLAG_NEVER_BLANK, FLAG_OWN_CONTENT_ONLY}
08-04 11:10:48.989  1109  1516 I DisplayManagerService: Display device added: DisplayDeviceInfo{"com.oculus.android_panel_app.AndroidPanelLayer-hand1": uniqueId="virtual:com.oculus.systemux,10025,com.oculus.android_panel_app.AndroidPanelLayer-hand1,0", 200 x 152, modeId 7, defaultModeId 7, supportedModes [{id=7, width=200, height=152, fps=60.0}], colorMode 0, supportedColorModes [0], HdrCapabilities null, density 160, 160.0 x 160.0 dpi, appVsyncOff 0, presDeadline 16666666, touch NONE, rotation 0, type VIRTUAL, state OFF, owner com.oculus.systemux (uid 10025), FLAG_PRIVATE, FLAG_NEVER_BLANK, FLAG_OWN_CONTENT_ONLY}
08-04 11:10:49.005  1109  1586 I DisplayManagerService: Display device added: DisplayDeviceInfo{"com.oculus.android_panel_app.AndroidPanelLayer-hand2": uniqueId="virtual:com.oculus.systemux,10025,com.oculus.android_panel_app.AndroidPanelLayer-hand2,0", 200 x 1000, modeId 8, defaultModeId 8, supportedModes [{id=8, width=200, height=1000, fps=60.0}], colorMode 0, supportedColorModes [0], HdrCapabilities null, density 160, 160.0 x 160.0 dpi, appVsyncOff 0, presDeadline 16666666, touch NONE, rotation 0, type VIRTUAL, state OFF, owner com.oculus.systemux (uid 10025), FLAG_PRIVATE, FLAG_NEVER_BLANK, FLAG_OWN_CONTENT_ONLY}
08-04 11:10:49.021  1109  1632 I DisplayManagerService: Display device removed: DisplayDeviceInfo{"com.oculus.android_panel_app.AndroidPanelLayer-hand2": uniqueId="virtual:com.oculus.systemux,10025,com.oculus.android_panel_app.AndroidPanelLayer-hand2,0", 200 x 1000, modeId 8, defaultModeId 8, supportedModes [{id=8, width=200, height=1000, fps=60.0}], colorMode 0, supportedColorModes [0], HdrCapabilities null, density 160, 160.0 x 160.0 dpi, appVsyncOff 0, presDeadline 16666666, touch NONE, rotation 0, type VIRTUAL, state OFF, owner com.oculus.systemux (uid 10025), FLAG_PRIVATE, FLAG_NEVER_BLANK, FLAG_OWN_CONTENT_ONLY}
08-04 11:10:49.023  1109  1217 I DisplayManagerService: Display device added: DisplayDeviceInfo{"com.oculus.android_panel_app.AndroidPanelLayer-hand2": uniqueId="virtual:com.oculus.systemux,10025,com.oculus.android_panel_app.AndroidPanelLayer-hand2,0", 200 x 152, modeId 9, defaultModeId 9, supportedModes [{id=9, width=200, height=152, fps=60.0}], colorMode 0, supportedColorModes [0], HdrCapabilities null, density 160, 160.0 x 160.0 dpi, appVsyncOff 0, presDeadline 16666666, touch NONE, rotation 0, type VIRTUAL, state OFF, owner com.oculus.systemux (uid 10025), FLAG_PRIVATE, FLAG_NEVER_BLANK, FLAG_OWN_CONTENT_ONLY}
08-04 11:10:49.034  1109  1151 W ActivityManager: Display 7 gone before initialization complete
08-04 11:10:49.158  1109  1158 I DisplayManagerService: Display device changed state: "com.oculus.android_panel_app.AndroidPanelLayer-#main", ON
08-04 11:10:49.195  1109  1158 I DisplayManagerService: Display device changed state: "com.oculus.android_panel_app.AndroidPanelLayer-tablet", ON
08-04 11:10:49.205  1109  1158 I DisplayManagerService: Display device changed state: "com.oculus.android_panel_app.AndroidPanelLayer-tabletNav", ON
08-04 11:10:49.239  1109  1158 I DisplayManagerService: Display device changed state: "com.oculus.android_panel_app.AndroidPanelLayer-tabletContent", ON
08-04 11:10:49.252  1109  1158 I DisplayManagerService: Display device changed state: "com.oculus.android_panel_app.AndroidPanelLayer-hand1", ON
08-04 11:10:49.252  1109  1158 I DisplayManagerService: Display device changed state: "com.oculus.android_panel_app.AndroidPanelLayer-hand2", ON
08-04 11:10:53.668  1109  1556 D DeviceIdleController: Force Active engaged
08-04 11:10:57.195   730   841 D TrackingCore: TrackingEnvironment::keepMap(107e6b8b-dd36-4b5a-9bd0-7132b7e170ef)
08-04 11:10:57.652  1109  1634 I ActivityManager: Start proc 17100:com.oculus.vrshell.home:explore/u0a58 for service com.oculus.vrshell.home/.ExploreService
08-04 11:10:59.228  1529 17201 W ContextImpl: Calling a method in the system process without a qualified user: android.app.ContextImpl.sendBroadcast:877 android.content.ContextWrapper.sendBroadcast:421 com.facebook.analytics2.logger.UploadServiceBus.signalJobRan:60 com.facebook.analytics2.logger.UploadJobHandler.exitStateMachine:268 com.facebook.analytics2.logger.UploadJobHandler.handleMessage:98 
08-04 11:11:01.241   730   835 D Tracker/CoreOS: MontereyGlue: Acquiring handleHandTrackingSettingChange lock
08-04 11:11:01.245   730   835 D Tracker/CoreOS: MontereyGlue: Handling hand tracking setting enabled
08-04 11:11:01.513   730   835 D Tracker/CoreOS: MontereyGlue: Releasing handleHandTrackingSettingChange lock
08-04 11:11:04.543  1529 17237 W ContextImpl: Calling a method in the system process without a qualified user: android.app.ContextImpl.sendBroadcast:877 android.content.ContextWrapper.sendBroadcast:421 com.facebook.analytics2.logger.UploadServiceBus.signalJobRan:60 com.facebook.analytics2.logger.UploadJobHandler.exitStateMachine:268 com.facebook.analytics2.logger.UploadJobHandler.handleMessage:98 
08-04 11:11:09.716  1529 17268 W ContextImpl: Calling a method in the system process without a qualified user: android.app.ContextImpl.sendBroadcast:877 android.content.ContextWrapper.sendBroadcast:421 com.facebook.analytics2.logger.UploadServiceBus.signalJobRan:60 com.facebook.analytics2.logger.UploadJobHandler.exitStateMachine:268 com.facebook.analytics2.logger.UploadJobHandler.handleMessage:98 
08-04 11:11:16.588  1109  1482 I PowerManagerService: Going to sleep by application request (uid 1000)...
08-04 11:11:16.589  1109  1160 I PowerManagerService: Sleeping (uid 1000)...
08-04 11:11:16.649  1109  1160 W ProcessCpuTracker: Skipping unknown process pid 17319
08-04 11:11:16.651  1109  1158 I DisplayManagerService: Display device changed state: "Built-in Screen", OFF
08-04 11:11:16.840  1109  1634 I DisplayManagerService: Display device removed: DisplayDeviceInfo{"com.oculus.android_panel_app.AndroidPanelLayer-#main": uniqueId="virtual:com.oculus.systemux,10025,com.oculus.android_panel_app.AndroidPanelLayer-#main,0", 774 x 124, modeId 2, defaultModeId 2, supportedModes [{id=2, width=774, height=124, fps=60.0}], colorMode 0, supportedColorModes [0], HdrCapabilities null, density 160, 160.0 x 160.0 dpi, appVsyncOff 0, presDeadline 16666666, touch NONE, rotation 0, type VIRTUAL, state ON, owner com.oculus.systemux (uid 10025), FLAG_PRIVATE, FLAG_NEVER_BLANK, FLAG_OWN_CONTENT_ONLY}
08-04 11:11:16.856  1109  1516 I DisplayManagerService: Display device removed: DisplayDeviceInfo{"com.oculus.android_panel_app.AndroidPanelLayer-tabletNav": uniqueId="virtual:com.oculus.systemux,10025,com.oculus.android_panel_app.AndroidPanelLayer-tabletNav,0", 216 x 340, modeId 4, defaultModeId 4, supportedModes [{id=4, width=216, height=340, fps=60.0}], colorMode 0, supportedColorModes [0], HdrCapabilities null, density 160, 160.0 x 160.0 dpi, appVsyncOff 0, presDeadline 16666666, touch NONE, rotation 0, type VIRTUAL, state ON, owner com.oculus.systemux (uid 10025), FLAG_PRIVATE, FLAG_NEVER_BLANK, FLAG_OWN_CONTENT_ONLY}
08-04 11:11:16.863  1109  1653 I DisplayManagerService: Display device removed: DisplayDeviceInfo{"com.oculus.android_panel_app.AndroidPanelLayer-hand2": uniqueId="virtual:com.oculus.systemux,10025,com.oculus.android_panel_app.AndroidPanelLayer-hand2,0", 200 x 152, modeId 9, defaultModeId 9, supportedModes [{id=9, width=200, height=152, fps=60.0}], colorMode 0, supportedColorModes [0], HdrCapabilities null, density 160, 160.0 x 160.0 dpi, appVsyncOff 0, presDeadline 16666666, touch NONE, rotation 0, type VIRTUAL, state ON, owner com.oculus.systemux (uid 10025), FLAG_PRIVATE, FLAG_NEVER_BLANK, FLAG_OWN_CONTENT_ONLY}
08-04 11:11:16.913  1109  1217 I DisplayManagerService: Display device removed: DisplayDeviceInfo{"com.oculus.android_panel_app.AndroidPanelLayer-tabletContent": uniqueId="virtual:com.oculus.systemux,10025,com.oculus.android_panel_app.AndroidPanelLayer-tabletContent,0", 552 x 340, modeId 5, defaultModeId 5, supportedModes [{id=5, width=552, height=340, fps=60.0}], colorMode 0, supportedColorModes [0], HdrCapabilities null, density 160, 160.0 x 160.0 dpi, appVsyncOff 0, presDeadline 16666666, touch NONE, rotation 0, type VIRTUAL, state ON, owner com.oculus.systemux (uid 10025), FLAG_PRIVATE, FLAG_NEVER_BLANK, FLAG_OWN_CONTENT_ONLY}
08-04 11:11:16.930   730 17003 D Tracker/CoreOS: MontereyGlue: Acquiring MontereyGlue WakeLock
08-04 11:11:16.933   730  1262 I Tracker/CoreOS: MontereyGlue Handle Power State. currentState: 2, newState: 1
08-04 11:11:16.933   730  1262 D Tracker/CoreOS: MontereyGlue: Transition start RUNNING->STANDBY
08-04 11:11:16.951  1109  1135 I DisplayManagerService: Display device removed: DisplayDeviceInfo{"com.oculus.android_panel_app.AndroidPanelLayer-hand1": uniqueId="virtual:com.oculus.systemux,10025,com.oculus.android_panel_app.AndroidPanelLayer-hand1,0", 200 x 152, modeId 7, defaultModeId 7, supportedModes [{id=7, width=200, height=152, fps=60.0}], colorMode 0, supportedColorModes [0], HdrCapabilities null, density 160, 160.0 x 160.0 dpi, appVsyncOff 0, presDeadline 16666666, touch NONE, rotation 0, type VIRTUAL, state ON, owner com.oculus.systemux (uid 10025), FLAG_PRIVATE, FLAG_NEVER_BLANK, FLAG_OWN_CONTENT_ONLY}
08-04 11:11:16.974  1109  1662 I DisplayManagerService: Display device removed: DisplayDeviceInfo{"com.oculus.android_panel_app.AndroidPanelLayer-tablet": uniqueId="virtual:com.oculus.systemux,10025,com.oculus.android_panel_app.AndroidPanelLayer-tablet,0", 768 x 340, modeId 3, defaultModeId 3, supportedModes [{id=3, width=768, height=340, fps=60.0}], colorMode 0, supportedColorModes [0], HdrCapabilities null, density 160, 160.0 x 160.0 dpi, appVsyncOff 0, presDeadline 16666666, touch NONE, rotation 0, type VIRTUAL, state ON, owner com.oculus.systemux (uid 10025), FLAG_PRIVATE, FLAG_NEVER_BLANK, FLAG_OWN_CONTENT_ONLY}
08-04 11:11:17.149   730  1262 D Tracker/CoreOS: MontereyGlue: Transition complete RUNNING->STANDBY
08-04 11:11:17.149   730  1262 D Tracker/CoreOS: MontereyGlue: Releasing MontereyGlue WakeLock
08-04 11:11:36.863  1109  1483 I PowerManagerService: Waking up from sleep (uid 1000)...
08-04 11:11:36.864  1109  1160 I DisplayPowerController: Blocking screen on until initial contents have been drawn.
08-04 11:11:36.867   730 17087 D Tracker/CoreOS: MontereyGlue: Acquiring MontereyGlue WakeLock
08-04 11:11:36.869   730  1262 I Tracker/CoreOS: MontereyGlue Handle Power State. currentState: 1, newState: 2
08-04 11:11:36.869   730  1262 D Tracker/CoreOS: MontereyGlue: Transition start STANDBY->RUNNING
08-04 11:11:36.869   730  1262 D Tracker/CoreOS: MontereyGlue: initializing cameras
08-04 11:11:36.893  1109  1158 I DisplayManagerService: Display device changed state: "Built-in Screen", ON
08-04 11:11:36.971   730  1262 D Tracker/CoreOS: MontereyGlue: initializing cameras took 102ms
08-04 11:11:36.972   730  1262 D Tracker/CoreOS: MontereyGlue: starting camera streams
08-04 11:11:36.996   730  1262 D Tracker/CoreOS: MontereyGlue: starting camera streams took 24ms
08-04 11:11:36.996   730  1262 D Tracker/CoreOS: MontereyGlue: Starting Vision capabilities.
08-04 11:11:37.004   730  1262 D Tracker/CoreOS: MontereyGlue: Acquiring handleHandTrackingSettingChange lock
08-04 11:11:37.006   730  1262 D Tracker/CoreOS: MontereyGlue: Handling hand tracking setting enabled
08-04 11:11:37.204   730  1262 D Tracker/CoreOS: MontereyGlue: Releasing handleHandTrackingSettingChange lock
08-04 11:11:37.204   730  1262 D Tracker/CoreOS: MontereyGlue: Transition complete STANDBY->RUNNING
08-04 11:11:37.204   730  1262 D Tracker/CoreOS: MontereyGlue: Done. Total resume time: 126ms
08-04 11:11:37.204   730  1262 I Tracker/CoreOS: Tracking starts in LibDevices stack!
08-04 11:11:37.204   730  1262 D Tracker/CoreOS: MontereyGlue: Releasing MontereyGlue WakeLock
08-04 11:11:37.236  1109  1160 I DisplayPowerController: Unblocked screen on after 372 ms
08-04 11:11:37.845  1109  1662 I DisplayManagerService: Display device added: DisplayDeviceInfo{"com.oculus.android_panel_app.AndroidPanelLayer-#main": uniqueId="virtual:com.oculus.systemux,10025,com.oculus.android_panel_app.AndroidPanelLayer-#main,0", 774 x 124, modeId 10, defaultModeId 10, supportedModes [{id=10, width=774, height=124, fps=60.0}], colorMode 0, supportedColorModes [0], HdrCapabilities null, density 160, 160.0 x 160.0 dpi, appVsyncOff 0, presDeadline 16666666, touch NONE, rotation 0, type VIRTUAL, state OFF, owner com.oculus.systemux (uid 10025), FLAG_PRIVATE, FLAG_NEVER_BLANK, FLAG_OWN_CONTENT_ONLY}
08-04 11:11:37.897  1109  1483 I DisplayManagerService: Display device added: DisplayDeviceInfo{"com.oculus.android_panel_app.AndroidPanelLayer-tablet": uniqueId="virtual:com.oculus.systemux,10025,com.oculus.android_panel_app.AndroidPanelLayer-tablet,0", 768 x 340, modeId 11, defaultModeId 11, supportedModes [{id=11, width=768, height=340, fps=60.0}], colorMode 0, supportedColorModes [0], HdrCapabilities null, density 160, 160.0 x 160.0 dpi, appVsyncOff 0, presDeadline 16666666, touch NONE, rotation 0, type VIRTUAL, state OFF, owner com.oculus.systemux (uid 10025), FLAG_PRIVATE, FLAG_NEVER_BLANK, FLAG_OWN_CONTENT_ONLY}
08-04 11:11:37.931  1109  1482 I DisplayManagerService: Display device added: DisplayDeviceInfo{"com.oculus.android_panel_app.AndroidPanelLayer-tabletNav": uniqueId="virtual:com.oculus.systemux,10025,com.oculus.android_panel_app.AndroidPanelLayer-tabletNav,0", 216 x 340, modeId 12, defaultModeId 12, supportedModes [{id=12, width=216, height=340, fps=60.0}], colorMode 0, supportedColorModes [0], HdrCapabilities null, density 160, 160.0 x 160.0 dpi, appVsyncOff 0, presDeadline 16666666, touch NONE, rotation 0, type VIRTUAL, state OFF, owner com.oculus.systemux (uid 10025), FLAG_PRIVATE, FLAG_NEVER_BLANK, FLAG_OWN_CONTENT_ONLY}
08-04 11:11:37.961  1109  1653 I DisplayManagerService: Display device added: DisplayDeviceInfo{"com.oculus.android_panel_app.AndroidPanelLayer-tabletContent": uniqueId="virtual:com.oculus.systemux,10025,com.oculus.android_panel_app.AndroidPanelLayer-tabletContent,0", 552 x 340, modeId 13, defaultModeId 13, supportedModes [{id=13, width=552, height=340, fps=60.0}], colorMode 0, supportedColorModes [0], HdrCapabilities null, density 160, 160.0 x 160.0 dpi, appVsyncOff 0, presDeadline 16666666, touch NONE, rotation 0, type VIRTUAL, state OFF, owner com.oculus.systemux (uid 10025), FLAG_PRIVATE, FLAG_NEVER_BLANK, FLAG_OWN_CONTENT_ONLY}
08-04 11:11:38.089  1109  1158 I DisplayManagerService: Display device changed state: "com.oculus.android_panel_app.AndroidPanelLayer-#main", ON
08-04 11:11:38.113  1109  1158 I DisplayManagerService: Display device changed state: "com.oculus.android_panel_app.AndroidPanelLayer-tablet", ON
08-04 11:11:38.158  1109  1158 I DisplayManagerService: Display device changed state: "com.oculus.android_panel_app.AndroidPanelLayer-tabletNav", ON
08-04 11:11:38.189  1109  1158 I DisplayManagerService: Display device changed state: "com.oculus.android_panel_app.AndroidPanelLayer-tabletContent", ON
08-04 11:11:39.663  1529 17462 W ContextImpl: Calling a method in the system process without a qualified user: android.app.ContextImpl.sendBroadcast:877 android.content.ContextWrapper.sendBroadcast:421 com.facebook.analytics2.logger.UploadServiceBus.signalJobRan:60 com.facebook.analytics2.logger.UploadJobHandler.exitStateMachine:268 com.facebook.analytics2.logger.UploadJobHandler.handleMessage:98 
08-04 11:11:44.872  1529 17468 W ContextImpl: Calling a method in the system process without a qualified user: android.app.ContextImpl.sendBroadcast:877 android.content.ContextWrapper.sendBroadcast:421 com.facebook.analytics2.logger.UploadServiceBus.signalJobRan:60 com.facebook.analytics2.logger.UploadJobHandler.exitStateMachine:268 com.facebook.analytics2.logger.UploadJobHandler.handleMessage:98 
08-04 11:11:49.300   730   730 D Tracker/CoreOS: MontereyGlue: Acquiring handleHandTrackingSettingChange lock
08-04 11:11:49.302   730   730 D Tracker/CoreOS: MontereyGlue: Handling hand tracking setting disabled
08-04 11:11:49.311   730   730 D Tracker/CoreOS: MontereyGlue: Releasing handleHandTrackingSettingChange lock
08-04 11:11:52.695  1109  1134 I ActivityManager: START u0 {act=android.intent.action.MAIN cat=[android.intent.category.LAUNCHER] flg=0x10010000 pkg=com.beatgames.beatsaber cmp=com.beatgames.beatsaber/com.unity3d.player.UnityPlayerActivity (has extras)} from uid 10030 on display 0
08-04 11:11:52.790  1109  1662 I ActivityManager: Start proc 17483:com.beatgames.beatsaber/u0a124 for activity com.beatgames.beatsaber/com.unity3d.player.UnityPlayerActivity
08-04 11:11:53.540  1109  1135 I DisplayManagerService: Display device removed: DisplayDeviceInfo{"com.oculus.android_panel_app.AndroidPanelLayer-#main": uniqueId="virtual:com.oculus.systemux,10025,com.oculus.android_panel_app.AndroidPanelLayer-#main,0", 774 x 124, modeId 10, defaultModeId 10, supportedModes [{id=10, width=774, height=124, fps=60.0}], colorMode 0, supportedColorModes [0], HdrCapabilities null, density 160, 160.0 x 160.0 dpi, appVsyncOff 0, presDeadline 16666666, touch NONE, rotation 0, type VIRTUAL, state ON, owner com.oculus.systemux (uid 10025), FLAG_PRIVATE, FLAG_NEVER_BLANK, FLAG_OWN_CONTENT_ONLY}
