08-04 11:18:37.720 17483 17527 D UnityVolumeReceiver: Unregistering volume receiver
08-04 11:18:37.720 17483 17527 D HeadsetReceiver: Unregistering headset receiver
08-04 11:18:37.721 17483 17527 D UnityBatteryReceiver: Unregistering battery receiver
08-04 11:18:37.728 17483 17551 E Parcel  : Reading a NULL string not supported here.
08-04 11:18:37.733 17483 17551 D AudioTrack: updateAppOpsPlayAudio: checkOp OP_PLAY_AUDIO for com.beatgames.beatsaber returns: 1 (IGNORED)
08-04 11:18:37.733 17483 17551 I AudioTrack: updateAppOpsPlayAudio: pausing audio thread
08-04 11:18:37.733 17483 17551 E Parcel  : Reading a NULL string not supported here.
08-04 11:18:37.734 17483 17551 D AudioTrack: updateAppOpsPlayAudio: checkOp OP_PLAY_AUDIO for com.beatgames.beatsaber returns: 1 (IGNORED)
08-04 11:18:37.734 17483 17551 E Parcel  : Reading a NULL string not supported here.
08-04 11:18:37.735   730 17941 I [CT]    : VIPER: Status=6DoF,TRACKING,KF=71,Inl=86,Pts=192,Jit=0.1mm,Issues(Cam/min=10.1,IMU/min=0.0),Exp=(4.1ms,g=3.0,I=97)(1.7ms,g=1.0,I=74)(4.1ms,g=3.0,I=53)(4.5ms,g=1.0,I=75)
08-04 11:18:37.738   733   733 E         : Error set scheduler for process 2272 thread 18036 to NORMAL : No such process (3)
08-04 11:18:37.738  2272 17964 W Clocks  : SetSchedFifo( tid=18036, pri=0 ) failed!
08-04 11:18:37.746  2272 17964 I Clocks  : SetSchedFifo( tid=2651, pri=0 ) succeeded
08-04 11:18:37.770   730 17937 I [CT]    : CONSTELLATION:IMU_STATUS: bf3320d45d1d592b: [FusionTracked=1.000, OutputTracked=1.000, OutputValid=1.000] [AccelSat=0.000, GyroSat=0.000] 
08-04 11:18:37.772   730 17937 I [CT]    : CONSTELLATION:IMU_STATUS: 35cb23a045486c4a: [FusionTracked=1.000, OutputTracked=0.000, OutputValid=1.000] [AccelSat=0.000, GyroSat=0.000] 
08-04 11:18:37.779 17483 17516 D libmain - patched: Looking up patched env in AttachCurrentThread
08-04 11:18:37.779 17483 17516 D libmain - patched: Looking up patched JNIEnv for 0x0x7f105718c0
08-04 11:18:37.779 17483 17516 D libmain - patched: Created new patched JNIEnv at 0x0x7f22770810
08-04 11:18:37.779 17483 17516 D libmain - patched: Looking up patched env in AttachCurrentThread
08-04 11:18:37.779 17483 17516 D libmain - patched: Looking up patched JNIEnv for 0x0x7f105718c0
08-04 11:18:37.779 17483 17516 D libmain - patched: Found patched JNIEnv at 0x0x7f22770810
08-04 11:18:37.779 17483 17516 D libmain - patched: Invoking wrapped JNI function CallObjectMethodV for 0x7f22770810
08-04 11:18:37.779 17483 17516 D libmain - patched: Invoking wrapped JNI function DetachCurrentThread for 0x7fb0f46008
08-04 11:18:37.833   730 17941 I [CT]    : VIPER:MAP_MANAGER: State: TRACKING_PERSISTENT, UUID=107e6b8b-dd36-4b5a-9bd0-7132b7e170ef, Num. Persistent maps = 5,  Persistent maps:107e6b8b-dd36-4b5a-9bd0-7132b7e170ef,260d12eb-bc0e-4355-9d37-75d4f6188743,213a6ee6-15d8-4781-9a64-cb2f55bf1779,, Ser. Disabled = 00000000-0000-0000-0000-000000000000
08-04 11:18:37.861   730 17886 I [CT]    : boltlib: DSP utilization(%): 13
08-04 11:18:37.880   730 17940 I [CT]    : CONSTELLATION:VISION_STATUS: bf3320d45d1d592b: Matching:[MatchSuccess=1.000, MatchCost=(0.00716, 0.00004), #MatchedBlobs=(4.67, 2.74), #MatchedLeds=(4.66, 2.73), RematchM=0.000] MatchMethod:[Prox=1.000, ConstBrute=0.000, UnconstBrute=0.000] MatchResets[AnomBlobSize=0.000, SharedMatch=0.000, DenseReacq=0.000] | Fusion:[FusionError=0.000, ImuFromCamMs=(11.432, 0.937), RematchF=0.030] FusionUpdates:[Successful=0.126, Reliable=0.116, TightFusion=0.123, FullPose=0.003, StaticPrior=0.874, StaticForHandTrans=1.000, PoseUpdateMD=(4.6276, 0.0000)] FusionResets[6DoFReset=0.000, ResetSuccess=0.000] FusionStatus[HasPosition=1.000, HasVelocity=1.000] 
08-04 11:18:37.880   730 17940 I [CT]    : CONSTELLATION:VISION_STATUS: 35cb23a045486c4a: Matching:[MatchSuccess=1.000, MatchCost=(0.00458, 0.00000), #MatchedBlobs=(16.41, 0.61), #MatchedLeds=(6.78, 0.18), RematchM=0.000] MatchMethod:[Prox=1.000, ConstBrute=0.000, UnconstBrute=0.000] MatchResets[AnomBlobSize=0.000, SharedMatch=0.000, DenseReacq=0.000] | Fusion:[FusionError=0.000, ImuFromCamMs=(11.509, 0.755), RematchF=0.000] FusionUpdates:[Successful=0.000, Reliable=0.000, TightFusion=0.000, FullPose=0.000, StaticPrior=1.000, StaticForHandTrans=1.000, PoseUpdateMD=(0.0000, 0.0000)] FusionResets[6DoFReset=0.000, ResetSuccess=0.000] FusionStatus[HasPosition=1.000, HasVelocity=1.000] 
08-04 11:18:37.962  1109  1309 D SurfaceControl: Excessive delay in setPowerMode(): 275ms
08-04 11:18:37.963  1354  1797 D VrKeyguardService: onFinishedGoingToSleep() called
08-04 11:18:37.969   555  1301 D audio_hw_primary: adev_set_parameters: enter: screen_state=off
08-04 11:18:37.970  1354  1354 W FingerprintManager: isFingerprintHardwareDetected(): Service not connected!
08-04 11:18:37.974  2272 17964 W Vsync   : Not updating the model: vsyncNs 0, baseNs 2757686452279
08-04 11:18:37.980  1484 18055 I OSUpdateService: Intent with action system_interactive_changed
08-04 11:18:37.981  1484 18055 I IdleMonitor: Scheduling idle alarm for 120 seconds from screen off
08-04 11:18:37.985  1594  1594 D VrPowerManagerService: processing message: system sleep
08-04 11:18:37.985  1594  1594 I VrPowerManagerService: transition from WAITING_FOR_SLEEP_MSG to STANDBY
08-04 11:18:37.986  1545  1568 D VrPowerManagerClient: Headset state: 3
08-04 11:18:37.987   708   708 D GatekeeperNativeService: Using value 0 for gk oculus_mobile_enable_phone_notifications, user=0
08-04 11:18:37.990   730   730 D TrackingService: Received transition request to SLEEP current is STANDBY
08-04 11:18:37.990   730   730 D TrackingService: Executing transition from STANDBY to SLEEP
08-04 11:18:37.990   730   730 D TrackingService: Setting power state to STANDBY
08-04 11:18:37.990   730   730 D Tracker/CoreOS: MontereyGlue: Acquiring MontereyGlue WakeLock
08-04 11:18:37.991  2040  2051 E ExtMediaPlayer-JNI: QCMediaPlayer could not be located....
08-04 11:18:37.992  2040  2051 E MediaPlayer-JNI: JNIMediaPlayerFactory: bIsQCMediaPlayerPresent 0
08-04 11:18:37.992  2040  2051 E ExtMediaPlayer-JNI: QCMediaPlayer could not be located....
08-04 11:18:37.992  2040  2051 E MediaPlayer-JNI: JNIMediaPlayerFactory: bIsQCMediaPlayerPresent 0
08-04 11:18:37.993   730  1262 I Tracker/CoreOS: MontereyGlue Handle Power State. currentState: 2, newState: 1
08-04 11:18:37.993   730  1262 D Tracker/CoreOS: MontereyGlue: Transition start RUNNING->STANDBY
08-04 11:18:37.993   730   730 D TrackingService: Time since last wake is 30218ms, using short sleep delay
08-04 11:18:37.993   730   730 D TrackingService: Scheduling delayed transition to SLEEP in 60000ms
08-04 11:18:37.993   555  1301 D audio_hw_primary: adev_set_mic_mute state 1
08-04 11:18:37.996   730  1262 I [CT]    : OtWrapper: Reset (soft)
08-04 11:18:37.997  2272  2272 D VrRuntimeService: Received broadcast: android.intent.action.SCREEN_OFF
08-04 11:18:37.997   730  1262 W [CT]    : VisionInterface: [N8coretech20ObjectTrackingEngineE]: Unable to deactivate vision capability in non-running state.
08-04 11:18:37.997   730  1262 W [CT]    : VisionInterface: [N8coretech19HandDefaultTrackingE]: Unable to deactivate vision capability in non-running state.
08-04 11:18:37.997   730  1262 W [CT]    : VisionInterface: [N8coretech27ConstellationTrackingEngineE]: Unable to deactivate vision capability in non-running state.
08-04 11:18:37.997   730  1262 W [CT]    : VisionInterface: [N8coretech24InsideOutDefaultTrackingE]: Unable to deactivate vision capability in non-running state.
08-04 11:18:37.999   708   810 D GatekeeperNativeService: Using value 1 for gk arvr_gk_nimble_mfjlp, user=0
08-04 11:18:37.997  2272  2272 I VrRuntimeService: nativeScreenStateChanged to off
08-04 11:18:38.000  2272  2272 I VrRuntimeService: Service entering STANDBY Mode
08-04 11:18:38.000  2272  2272 I ClientMgr: ClientMgr: SUSPENDING operation
08-04 11:18:38.000  2272  2272 I VrRuntimeServer: RemoveCompositorClient: 2
08-04 11:18:38.001  2272  2272 I ClientMgr: ClientMgr: Suspend complete
08-04 11:18:38.001  2272  2272 I VrRuntimeServer: RuntimeServer: Suspending operation
08-04 11:18:38.001  2272  2272 I TimeWarp: ------------- ~TimeWarpLocal() Start -------------
08-04 11:18:38.001  2272  2272 I TimeWarp: pthread_join() called
08-04 11:18:38.001   708 17823 D GatekeeperNativeService: Using value 1 for gk arvr_gk_nimble_rebalanced_segnet, user=0
08-04 11:18:38.001  2272 17964 I TimeWarp: ShutdownRequest received
08-04 11:18:38.001  2272 17960 I Clocks  : ReleaseClocks - start
08-04 11:18:38.003  2581  2581 D [OAR] ShellOverlayService: screenStateReceiver Received broadcast: android.intent.action.SCREEN_OFF
08-04 11:18:38.003   708   708 D GatekeeperNativeService: Using value 1 for gk oculus_disable_bolt_reopen_domain, user=0
08-04 11:18:38.003  2327  2383 I GuardianSystem: rsapi_PollEvent: rsEventSuspendResume: 1
08-04 11:18:38.003  2327  2383 I GuardianSystem: GuardianSystem: SUSPENDING operation
08-04 11:18:38.003  2581  2581 I [OAO] ShellOverlayServiceJNI: NativeSendOverlayCommand
08-04 11:18:38.003  2581  2581 I [OAO] ShellOverlayServiceJNI: NativeWake
08-04 11:18:38.003  2581  2581 I [OAO] ShellOverlayMain: WakeVrThread
08-04 11:18:38.003  2581  2581 I [OAO] ShellOverlayMain: WakeVrThread - notifying vr thread
08-04 11:18:38.003  2581  2636 I [OAO] ShellOverlayApp: VrThread woke up
08-04 11:18:38.004   733   862 D         : CPU_CLUSTER_0: No client requests exists, release clocks
08-04 11:18:38.004   733   862 D         : CPU_CLUSTER_1: No client requests exists, release clocks
08-04 11:18:38.004  2581  2636 I [OAO] ShellOverlayApp: Flushing Runtime Events
08-04 11:18:38.004  2581  2636 D [OAR] ShellApplication: getForegroundActivityPackageName
08-04 11:18:38.004   733   862 D         : GPU: No client requests exists, release clocks
08-04 11:18:38.004   733   862 D         : CPUBW: No client requests exists, release clocks
08-04 11:18:38.005  2272 17960 I Clocks  : ReleaseClocks - end (3.9 ms)
08-04 11:18:38.006  2272 17964 I TimeWarp: WarpThreadShutdown()
08-04 11:18:38.008  2327  2383 I GuardianTelemetry: OVR::Telemetry Guardian Stats thread stopped
08-04 11:18:38.008  2327  2383 I GuardianPassthroughMgr: GuardianSystem: remove DoubleTap listener
08-04 11:18:38.009   708   810 D GatekeeperNativeService: Using value 0 for gk oculus_enable_bolt_ramdump, user=0
08-04 11:18:38.009  2581  2636 I [OAO] ShellOverlayApp: Updating the primary client from android directly : com.beatgames.beatsaber
08-04 11:18:38.010  2581  2636 I [OAO] OverlayFlowController: Primary Client package update : com.beatgames.beatsaber - lastNonSystemPackageName = 
08-04 11:18:38.010  2581  2636 I [OAO] OverlayFlowController: IsSystemAppPackage for com.beatgames.beatsaber = 0
08-04 11:18:38.010  2581  2636 I [OAO] OverlayFlowController: Non system primary client change: ready to sleep
08-04 11:18:38.010  2581  2636 I [OAO] OverlayFlowController: Reset
08-04 11:18:38.010  2581  2636 I [OAO] SystemAssistant: OnModeChanged from 1 to 1
08-04 11:18:38.010  2581  2636 I [OAO] SystemAssistant: Assistant panel is not active. Command [hide-attention-instant] could not be sent
08-04 11:18:38.010  2581  2636 I [OAO] DialogController: CloseDialogs() old: 0, pendingUri: systemux://dialog/none, pendingComponent: 
08-04 11:18:38.010  2581  2636 I [OAO] DialogController: ResetDialog old: 0, activeUri systemux://dialog/none, activeReturnComponent 
08-04 11:18:38.010  2581  2636 I [OAO] SystemTabletController: Reset, reason: 3, taskBarVisibility: 0
08-04 11:18:38.010  2581  2636 I [OAO] SystemDialogController: Reset
08-04 11:18:38.010  2581  2636 I [OAO] DialogControllerManager: Reset
08-04 11:18:38.010  2581  2636 I [OAO] ShellOverlayApp: 0xd324d3c8 msg: overlayCommand:
08-04 11:18:38.010  2581  2636 I [OAO] ShellOverlayApp: command = screenStateChanged
08-04 11:18:38.010  2581  2636 I [OAO] ShellOverlayApp: state = 0
08-04 11:18:38.010  2581  2636 I [OAO] ShellOverlayApp: Process_OverlayCommand command : screenStateChanged
08-04 11:18:38.011  2581  2636 I [OAO] ShellOverlayApp: screenStateChanged message received
08-04 11:18:38.011  2581  2636 I [OAO] ShellOverlayApp: ResolveDeviceState: change from WaitingForSleep to Sleep
08-04 11:18:38.011  2581  2636 I [OAO] ShellOverlayApp: VrThread entering waiting state
08-04 11:18:38.011   708 17823 D GatekeeperNativeService: Using value 0 for gk oculus_enable_ht_quest_vrsrecording, user=0
08-04 11:18:38.014  2272 17964 I ScreenCaptureVideo: Destroying ScreenCaptureVideo
08-04 11:18:38.014  2272 17964 D Appshot : release com.oculus.systemdriver
08-04 11:18:38.015   708   708 D GatekeeperNativeService: Using value 0 for gk oculus_gk_is_dogfood, user=0
08-04 11:18:38.016  2272 17964 I TimeWarp: Destroying 11 layer programs
08-04 11:18:38.017  2272 17964 I DirectRender: 0x7f8c0334f8 DirectRender::Shutdown
08-04 11:18:38.017  2272 17964 I DirectRender: Setting auto refresh on surface 0x7f8c0f41c0 to 0
08-04 11:18:38.018   708   810 D GatekeeperNativeService: Using value 0 for gk oculus_gk_is_employee, user=0
08-04 11:18:38.019   714   895 I ExtendedNuUtils: printFileName fd(9) -> /system/priv-app/HeadsetSfx/HeadsetSfx.apk
08-04 11:18:38.027   708 17823 D GatekeeperNativeService: Using value 0 for gk oculus_gk_is_qa, user=0
08-04 11:18:38.029  2272 17964 I DirectRender: Restoring EGL_RENDER_BUFFER to 12420
08-04 11:18:38.029   708   708 D GatekeeperNativeService: Using value 0 for gk oculus_gk_is_spatial_ai, user=0
08-04 11:18:38.036   708   810 D GatekeeperNativeService: Using value 1 for gk oculus_mapmerging_gk, user=0
08-04 11:18:38.036  2327  2383 I GuardianSystem: Starting pause
08-04 11:18:38.038   708 17823 D GatekeeperNativeService: Using value 0 for gk oculus_telemetry_gk_generic_1, user=0
08-04 11:18:38.039   708   708 D GatekeeperNativeService: Using value 0 for gk oculus_telemetry_gk_generic_2, user=0
08-04 11:18:38.040  2272 17964 I DirectRender: 0x7f8c033530 DirectRender::Shutdown
08-04 11:18:38.040  2272 17964 I DirectRender: Setting auto refresh on surface 0x7f8c0f4400 to 0
08-04 11:18:38.041  2272 17964 I DirectRender: Restoring EGL_RENDER_BUFFER to 12420
08-04 11:18:38.042   708   810 D GatekeeperNativeService: Using value 0 for gk oculus_telemetry_gk_generic_3, user=0
08-04 11:18:38.043   708 17823 D GatekeeperNativeService: Using value 0 for gk oculus_telemetry_gk_generic_4, user=0
08-04 11:18:38.045  2272 17964 I TimeWarp: WarpThreadShutdown() - End
08-04 11:18:38.045  2272 17964 I TimeWarp: Exiting WarpThreadLoop()
08-04 11:18:38.047   708   708 D GatekeeperNativeService: Using value 0 for gk oculus_telemetry_gk_generic_5, user=0
08-04 11:18:38.047  2272  2272 I TimeWarp: pthread_join() returned
08-04 11:18:38.048   708   810 D GatekeeperNativeService: Using value 0 for gk oculus_vr_keyboard_enabled, user=0
08-04 11:18:38.050   708 17823 D GatekeeperNativeService: Using value 0 for gk oculus_vr_keyboard_explicit_exposure_105, user=0
08-04 11:18:38.051   708   708 D GatekeeperNativeService: Using value 0 for gk oculus_vr_keyboard_explicit_exposure_120, user=0
08-04 11:18:38.052   708   810 D GatekeeperNativeService: Using value 0 for gk oculus_vr_keyboard_explicit_exposure_150, user=0
08-04 11:18:38.053   730  1262 I [CT]    : TELEMETRY_COLLECTOR: Stopping periodic telemetry polling.
08-04 11:18:38.062   730  1262 I [CT]    : NIMBLE:HLOG: NimbleTelemetryAggregator::populateTelemetry
08-04 11:18:38.074  1529  1529 W nifiedtelemetry: type=1400 audit(0.0:34): avc: denied { read } for name="rpm_stats" dev="debugfs" ino=16668 scontext=u:r:system_app:s0 tcontext=u:object_r:debugfs:s0 tclass=file permissive=0
08-04 11:18:38.074  1529  1529 W nifiedtelemetry: type=1400 audit(0.0:35): avc: denied { read } for name="rpm_stats" dev="debugfs" ino=16668 scontext=u:r:system_app:s0 tcontext=u:object_r:debugfs:s0 tclass=file permissive=0
08-04 11:18:38.073   713   911 I ExtendedExtractor: QTIParser is prefered .. flags 2
08-04 11:18:38.074   713   911 D MMParserExtractor: setExtraFlags called with flags 2 for paser instance ee10c2d0
08-04 11:18:38.074   713   911 D MMParserExtractor: using bigger parser buffers
08-04 11:18:38.074   713   911 I ExtendedExtractor: ExtendedExtractor::create 0xee10c2d0
08-04 11:18:38.082  1529  1529 W PowerCollector: could not read RPM stats
08-04 11:18:38.082  1529  1529 W PowerCollector: java.io.FileNotFoundException: /sys/kernel/debug/rpm_stats (Permission denied)
08-04 11:18:38.082  1529  1529 W PowerCollector: 	at java.io.FileInputStream.open(Native Method)
08-04 11:18:38.082  1529  1529 W PowerCollector: 	at java.io.FileInputStream.<init>(FileInputStream.java:146)
08-04 11:18:38.082  1529  1529 W PowerCollector: 	at com.google.common.io.Files$FileByteSource.openStream(Files.java:129)
08-04 11:18:38.082  1529  1529 W PowerCollector: 	at com.google.common.io.Files$FileByteSource.read(Files.java:153)
08-04 11:18:38.082  1529  1529 W PowerCollector: 	at com.google.common.io.ByteSource$AsCharSource.read(ByteSource.java:470)
08-04 11:18:38.082  1529  1529 W PowerCollector: 	at com.oculus.unifiedtelemetry.collectors.FileOps.readFileContent(FileOps.java:27)
08-04 11:18:38.082  1529  1529 W PowerCollector: 	at com.oculus.unifiedtelemetry.collectors.PowerCollector.getRPMCount(PowerCollector.java:589)
08-04 11:18:38.082  1529  1529 W PowerCollector: 	at com.oculus.unifiedtelemetry.collectors.PowerCollector.onScreenOff(PowerCollector.java:226)
08-04 11:18:38.082  1529  1529 W PowerCollector: 	at com.oculus.unifiedtelemetry.collectors.CollectorsControl.onReceive(CollectorsControl.java:78)
08-04 11:18:38.082  1529  1529 W PowerCollector: 	at com.facebook.secure.receiver.SecureBroadcastReceiver.onReceive(SecureBroadcastReceiver.java:156)
08-04 11:18:38.082  1529  1529 W PowerCollector: 	at android.app.LoadedApk$ReceiverDispatcher$Args.run(LoadedApk.java:1126)
08-04 11:18:38.082  1529  1529 W PowerCollector: 	at android.os.Handler.handleCallback(Handler.java:751)
08-04 11:18:38.082  1529  1529 W PowerCollector: 	at android.os.Handler.dispatchMessage(Handler.java:95)
08-04 11:18:38.082  1529  1529 W PowerCollector: 	at android.os.Looper.loop(Looper.java:154)
08-04 11:18:38.082  1529  1529 W PowerCollector: 	at android.app.ActivityThread.main(ActivityThread.java:6165)
08-04 11:18:38.082  1529  1529 W PowerCollector: 	at java.lang.reflect.Method.invoke(Native Method)
08-04 11:18:38.082  1529  1529 W PowerCollector: 	at com.android.internal.os.ZygoteInit$MethodAndArgsCaller.run(ZygoteInit.java:886)
08-04 11:18:38.082  1529  1529 W PowerCollector: 	at com.android.internal.os.ZygoteInit.main(ZygoteInit.java:776)
08-04 11:18:38.083  1529  1529 W PowerCollector: could not read RPM stats
08-04 11:18:38.083  1529  1529 W PowerCollector: java.io.FileNotFoundException: /sys/kernel/debug/rpm_stats (Permission denied)
08-04 11:18:38.083  1529  1529 W PowerCollector: 	at java.io.FileInputStream.open(Native Method)
08-04 11:18:38.083  1529  1529 W PowerCollector: 	at java.io.FileInputStream.<init>(FileInputStream.java:146)
08-04 11:18:38.083  1529  1529 W PowerCollector: 	at com.google.common.io.Files$FileByteSource.openStream(Files.java:129)
08-04 11:18:38.083  1529  1529 W PowerCollector: 	at com.google.common.io.Files$FileByteSource.read(Files.java:153)
08-04 11:18:38.083  1529  1529 W PowerCollector: 	at com.google.common.io.ByteSource$AsCharSource.read(ByteSource.java:470)
08-04 11:18:38.083  1529  1529 W PowerCollector: 	at com.oculus.unifiedtelemetry.collectors.FileOps.readFileContent(FileOps.java:27)
08-04 11:18:38.083  1529  1529 W PowerCollector: 	at com.oculus.unifiedtelemetry.collectors.PowerCollector.getRPMCount(PowerCollector.java:589)
08-04 11:18:38.083  1529  1529 W PowerCollector: 	at com.oculus.unifiedtelemetry.collectors.PowerCollector.onScreenOff(PowerCollector.java:227)
08-04 11:18:38.083  1529  1529 W PowerCollector: 	at com.oculus.unifiedtelemetry.collectors.CollectorsControl.onReceive(CollectorsControl.java:78)
08-04 11:18:38.083  1529  1529 W PowerCollector: 	at com.facebook.secure.receiver.SecureBroadcastReceiver.onReceive(SecureBroadcastReceiver.java:156)
08-04 11:18:38.083  1529  1529 W PowerCollector: 	at android.app.LoadedApk$ReceiverDispatcher$Args.run(LoadedApk.java:1126)
08-04 11:18:38.083  1529  1529 W PowerCollector: 	at android.os.Handler.handleCallback(Handler.java:751)
08-04 11:18:38.083  1529  1529 W PowerCollector: 	at android.os.Handler.dispatchMessage(Handler.java:95)
08-04 11:18:38.083  1529  1529 W PowerCollector: 	at android.os.Looper.loop(Looper.java:154)
08-04 11:18:38.083  1529  1529 W PowerCollector: 	at android.app.ActivityThread.main(ActivityThread.java:6165)
08-04 11:18:38.083  1529  1529 W PowerCollector: 	at java.lang.reflect.Method.invoke(Native Method)
08-04 11:18:38.083  1529  1529 W PowerCollector: 	at com.android.internal.os.ZygoteInit$MethodAndArgsCaller.run(ZygoteInit.java:886)
08-04 11:18:38.083  1529  1529 W PowerCollector: 	at com.android.internal.os.ZygoteInit.main(ZygoteInit.java:776)
08-04 11:18:38.086  2272  2272 I TimeWarp: OVR::Clocks thread stopped
08-04 11:18:38.086  2272  2272 I Vsync   : ---------------- Vsync::Shutdown ----------------
08-04 11:18:38.086  2272  2272 I Vsync   : Measured display refresh rate = 71.69 Hz
08-04 11:18:38.088   730  1262 I [CT]    : VisionInterface: [N15visioninterface22LiveTelemetryCollectorE]: Entering STANDBY state.
08-04 11:18:38.091   730  1262 I [CT]    : VisionInterface: [N8coretech16PlatformServicesE]: Entering STANDBY state.
08-04 11:18:38.091   730  1262 I [CT]    : VisionInterface: Entering STANDBY state.
08-04 11:18:38.091   730  1262 D LibDevices: CameraManager::stopCameraStreams()
08-04 11:18:38.093  2272  2272 I Vsync   : Closed /sys/class/graphics/fb0/vsync_event
08-04 11:18:38.093  2272  2272 I TimeWarp: ------------- ~TimeWarpLocal() End -------------
08-04 11:18:38.094   714 18057 D NuPlayerDriver: notifyListener_l(0xed82ae40), (1, 0, 0), loop setting(0, 0)
08-04 11:18:38.094  2040  2051 D MediaPlayer: setSubtitleAnchor in MediaPlayer
08-04 11:18:38.095  2327  2383 I [CT]    : MIXEDREALITY: MrRuntimeImpl: onSleep: Clearing internal state.
08-04 11:18:38.095  2327  2383 I GuardianRender: Suspend: GuardianRender suspending.
08-04 11:18:38.095  2327  2383 I GoCompatibility: GoCompatibility: vrapi_LeaveVrMode_Hooked()
08-04 11:18:38.095  2327  2383 I VrApi   : ---------- vrapi_LeaveVrMode [start] ----------
08-04 11:18:38.096  2040  2040 D MediaPlayer: setSubtitleAnchor in MediaPlayer
08-04 11:18:38.100  1872  1872 I VRLifecycleManager: onReceive screen off
08-04 11:18:38.101  1872  1872 W VRLifecycleManager: onVRSessionEnded
08-04 11:18:38.101  1872  1872 I OVRMediaServiceManager: teardownMediaService
08-04 11:18:38.101  1872  1872 I OVRMediaService: teardownService(), destroy enqueued
08-04 11:18:38.103  2327  2383 D VrApi   : targetSDKVersion 24
08-04 11:18:38.103  1109  1109 W TelecomManager: Telecom Service not found.
08-04 11:18:38.104  1872  1872 I OVRMediaServiceManager: teardownPlatformPlugin - disconnecting ppm
08-04 11:18:38.105   714   714 D NuPlayerDriver: start(0xed82ae40), state is 4, eos is 0
08-04 11:18:38.106  1872  1872 I PlatformPluginManager: Disconnecting, removing client com.oculus.horizon.service_media.OVRMediaServiceManager@3ac6211
08-04 11:18:38.106  1872  1872 I PlatformPluginManager: 0 remain
08-04 11:18:38.106  1872  1872 I PlatformPluginManager: Empty clients, tearing down
08-04 11:18:38.106  1872  1872 I PlatformPluginManager: Calling tearDown()
08-04 11:18:38.106   714 18057 I GenericSource: start
08-04 11:18:38.108  1872  1872 I PlatformPluginManager: Unregiestering receiver
08-04 11:18:38.109  2011  2011 I [OAN] VrNotificationListenerService: onNotificationRemoved(): key = 0|com.oculus.horizon|135234|null|10046, type = invalid
08-04 11:18:38.109  1872  1872 I PlatformPluginManager: Time between undock and unload 8
08-04 11:18:38.109  2011  2011 I [OAN] VrNotificationListenerService: onNotificationRemoved(): user|package|tag|id = UserHandle{0}|com.oculus.horizon|null|135234
08-04 11:18:38.109  1872  1872 I PlatformPluginManager: Stopping reaper
08-04 11:18:38.109  1872  1872 I PlatformPluginManager: tearDown() complete
08-04 11:18:38.109  1872  1872 I OVRMediaService: teardownService(), destroy enqueued
08-04 11:18:38.110  1872 17959 I PlatformPluginManager: Empty clients, tearing down
08-04 11:18:38.110  1872 17959 I PlatformPluginManager: Calling tearDown()
08-04 11:18:38.113   714 18057 W Utils   : track of type 'audio/vorbis' does not publish channel mask, channel count 2
08-04 11:18:38.114  1545  1545 D OculusNotificationListenerService: Notification removed: 0|com.oculus.horizon|135234|null|10046
08-04 11:18:38.115  1872  1872 I PlatformPluginManager: Setting headsetIsDocked: false
08-04 11:18:38.115  1872  1872 I PlatformPluginManager: Calling tearDown()
08-04 11:18:38.115   730  1262 I OculusCameraHAL: Qcamera stopping all sensors with I2C broadcast...
08-04 11:18:38.116  1872 18060 I OVRPlatform: [AudioManager] SetHeadsetMounted: false
08-04 11:18:38.116  1872 18060 I OVRPlatform: [AudioManager] Current headsetMounted_ false
08-04 11:18:38.116  1872 18060 I OVRPlatform: [AudioManager] Current headphoneStatus_: DISCONNECTED
08-04 11:18:38.116  1872 18060 I OVRPlatform: [PartyChatWebRTC] Setting connection MicrophoneMutedState MUTED
08-04 11:18:38.116  1872 18060 I PlatformPlugin: [PlatformPluginManager] Stopping party chat
08-04 11:18:38.116  1872 18060 I OVRPlatform: [PartyChatInterchangeable] Stop PartyChat.
08-04 11:18:38.116  1872 18060 D PlatformPlugin: [PlatformPluginManager] Acquiring lock: nativeTearDown
08-04 11:18:38.116  1872 17921 I OVRPlatform: [PartyChatWebRTC] Updating playback mode to 0
08-04 11:18:38.117  1872 18060 D PlatformPlugin: [PlatformPluginManager] Successfully acquired lock: nativeTearDown
08-04 11:18:38.117  1872 18060 I PlatformPlugin: [PlatformPluginManager] Teardown
08-04 11:18:38.118  2327  2383 I VrRuntimeClient: DEVICE MODEL NUMBER = Quest
08-04 11:18:38.118  2327  2383 I VrRuntimeClient: DEVICE HARDWARE = monterey
08-04 11:18:38.118  2327  2383 I VrRuntimeClient: DEVICE BUILD NAME = user-821490.13210.0
08-04 11:18:38.118  2327  2383 I VrRuntimeClient: DEVICE BUILD TYPE = user
08-04 11:18:38.118  2327  2383 I VrRuntimeClient: DEVICE OS VERSION = 7.1.1
08-04 11:18:38.118  2327  2383 I VrRuntimeClient: VRRUNTIME VERSION = VRAPI_VERSION_BEGIN { 1.1.36.0-231192296-231192296 Jul 14 2020 04:12:51 Development } RELEASE
08-04 11:18:38.118  2327  2383 I VrRuntimeClient: API LOADER VERSION = 1.1.36.0
08-04 11:18:38.118  2327  2383 I VrRuntimeClient: VRDRIVER VERSION = 19.0.0.341.531
08-04 11:18:38.118  2327  2383 I VrRuntimeClient: APP NAME = Oculus System Driver
08-04 11:18:38.118  2327  2383 I VrRuntimeClient: APP VERSION = 19.0.0.341.531 versionCode 231192296 internalVersionName 19.0.0.341.531.4f43f5d0dcef 2020_07_14_04_12
08-04 11:18:38.118  2327  2383 I VrRuntimeClient: APP VR TYPE = <none>
08-04 11:18:38.118  2327  2383 I VrRuntimeClient: APP MODE TYPE = <none>
08-04 11:18:38.118  2327  2383 I VrRuntimeClient: APP PACKAGE NAME = com.oculus.systemdriver
08-04 11:18:38.118  2327  2383 I VrRuntimeClient: APP ACTIVITY CLASS = android.app.ContextImpl
08-04 11:18:38.119  1989  1989 D [SUI] NotificationBroadcastReceiver: action: com.oculus.intent.action.NOTIF_CHANGE
08-04 11:18:38.119  1989  1989 I NotificationManagerSourceHandler: Dataset has changed
08-04 11:18:38.119  2011  2011 D VrNotificationAnalytics: logNotificationRemoved(invalid)
08-04 11:18:38.123  2327  2383 D BatteryReceiver: Unregistering battery receiver
08-04 11:18:38.124   714 18057 W Utils   : track of type 'audio/vorbis' does not publish channel mask, channel count 2
08-04 11:18:38.127  1989  1989 V NotificationManagerSourceHandler: Notifications in manager set and current set are the same size
08-04 11:18:38.128  1989  1989 V NotificationManagerSourceHandler: Removing a download notification for update NativeNotification{id: 20001, title: Installed, text: Rec Room, category: DOWNLOADS}
08-04 11:18:38.128  1989  1989 V NotificationDatasetProxy: Removing notif NativeNotification{id: 20001, title: Installed, text: Rec Room, category: DOWNLOADS} from central list
08-04 11:18:38.128  1989  1989 V NotificationManagerSourceHandler: DOWNLOADS
08-04 11:18:38.128  1989  1989 V NotificationManagerSourceHandler: Adding an updated download notification NativeNotification{id: 20001, title: Installed, text: Rec Room, category: DOWNLOADS}
08-04 11:18:38.128  1989  1989 V NotificationDatasetProxy: Adding new notif NativeNotification{id: 20001, title: Installed, text: Rec Room, category: DOWNLOADS} to central list
08-04 11:18:38.133   730  1262 I OculusCameraDriver: Camera 0: Buffers are enqueued, ready to free buffers.
08-04 11:18:38.134   730  1262 I OculusCameraDriver: Camera 0: mini-driver stopped streaming
08-04 11:18:38.134   730  1262 I OculusCameraHAL: Camera 0: qcamera sensor stopped.
08-04 11:18:38.134   730  1262 I OculusCameraDriver: Camera 1: Buffers are enqueued, ready to free buffers.
08-04 11:18:38.134   730  1262 I OculusCameraDriver: Camera 1: mini-driver stopped streaming
08-04 11:18:38.135   730  1262 I OculusCameraHAL: Camera 1: qcamera sensor stopped.
08-04 11:18:38.135   730  1262 I OculusCameraDriver: Camera 2: Buffers are enqueued, ready to free buffers.
08-04 11:18:38.135   730  1262 I OculusCameraDriver: Camera 2: mini-driver stopped streaming
08-04 11:18:38.135   730  1262 I OculusCameraHAL: Camera 2: qcamera sensor stopped.
08-04 11:18:38.135   730  1262 I OculusCameraDriver: Camera 3: Buffers are enqueued, ready to free buffers.
08-04 11:18:38.136   730  1262 I OculusCameraDriver: Camera 3: mini-driver stopped streaming
08-04 11:18:38.136   730  1262 I OculusCameraHAL: Camera 3: qcamera sensor stopped.
08-04 11:18:38.136   730  1262 I OculusCameraDriver: Camera 0: mini-driver closing camera
08-04 11:18:38.137   730  1262 I OculusCameraDriver: Camera 0: mini-driver closed rc = 0
08-04 11:18:38.137   730  1262 I OculusCameraDriver: Camera 1: mini-driver closing camera
08-04 11:18:38.138   730  1262 I OculusCameraDriver: Camera 1: mini-driver closed rc = 0
08-04 11:18:38.138   730  1262 I OculusCameraDriver: Camera 2: mini-driver closing camera
08-04 11:18:38.138   730  1262 I OculusCameraDriver: Camera 2: mini-driver closed rc = 0
08-04 11:18:38.138   730  1262 I OculusCameraDriver: Camera 3: mini-driver closing camera
08-04 11:18:38.139   730  1262 I OculusCameraDriver: Camera 3: mini-driver closed rc = 0
08-04 11:18:38.141  2327  2383 I VrApi   : OVR::Stats thread stopped
08-04 11:18:38.141  2327  2383 I InputDeviceManager: ovrInputDeviceManager::Shutdown
08-04 11:18:38.145   730  1262 D OculusCameraDriver: syncboss_camera_release() done
08-04 11:18:38.145   730  1262 I LibDevices: De-initialized Camera HAL
08-04 11:18:38.145   730  1262 D Tracker/CoreOS: MontereyGlue: Transition complete RUNNING->STANDBY
08-04 11:18:38.145   730  1262 D Tracker/CoreOS: MontereyGlue: Releasing MontereyGlue WakeLock
08-04 11:18:38.149  2327 18004 I InputHooks_Internal: InputHooksThreadRun ShutdownRequest received
08-04 11:18:38.150  2327  2383 D InputHooksJava: Disabling Java Input Hooks
08-04 11:18:38.150  2581  2581 D DeviceHelper: isScreenOn = false
08-04 11:18:38.151  2581  2581 D [OAR] ShellOverlayBroadcastReceiver: onReceive with ShellOverlayService native pointer 3977790768, action com.oculus.vrshell.intent.action.DISMISS_NOTIFICATION
08-04 11:18:38.153  2581  2581 D [OAR] BroadcastReceiverHelpers: Shell backgrounded or not running.
08-04 11:18:38.153  2272  3075 D VrRuntimeService: this client: 2327:com.oculus.systemdriver
08-04 11:18:38.153  2581  2581 I [OAO] ShellOverlayServiceJNI: NativeWake
08-04 11:18:38.153  2581  2581 I [OAO] ShellOverlayMain: WakeVrThread
08-04 11:18:38.153  2272  3075 D VrRuntimeService: enableRendering: clientWindow: null enable: false
08-04 11:18:38.153  2581  2581 I [OAO] ShellOverlayMain: WakeVrThread - notifying vr thread
08-04 11:18:38.153  2272  3075 I ClientMgr: ClientMgr::EnableRendering 2327:com.oculus.systemdriver : type 2 : disable
08-04 11:18:38.153  2272  3075 I VrRuntimeServer: RemoveCompositorClient: 3
08-04 11:18:38.153  2581  2636 I [OAO] ShellOverlayApp: VrThread woke up
08-04 11:18:38.153  2581  2636 I [OAO] ShellOverlayApp: Flushing Runtime Events
08-04 11:18:38.153  2581  2636 D [OAR] ShellApplication: getForegroundActivityPackageName
08-04 11:18:38.154  2327 18016 I VrRuntimeClient: FenceChecker::MainLoop - ended
08-04 11:18:38.154  2581  2636 I [OAO] ShellOverlayApp: Updating the primary client from android directly : com.beatgames.beatsaber
08-04 11:18:38.154  2581  2636 I [OAO] OverlayFlowController: Primary Client package update : com.beatgames.beatsaber - lastNonSystemPackageName = 
08-04 11:18:38.154  2581  2636 I [OAO] OverlayFlowController: IsSystemAppPackage for com.beatgames.beatsaber = 0
08-04 11:18:38.154  2581  2636 I [OAO] OverlayFlowController: Non system primary client change: ready to sleep
08-04 11:18:38.154  2581  2636 I [OAO] OverlayFlowController: Reset
08-04 11:18:38.154  2581  2636 I [OAO] SystemAssistant: OnModeChanged from 1 to 1
08-04 11:18:38.154  2327  2383 I BufferObject: ovrBufferObjectFactory::Unimport deleting GL buffer=1013
08-04 11:18:38.154  2581  2636 I [OAO] SystemAssistant: Assistant panel is not active. Command [hide-attention-instant] could not be sent
08-04 11:18:38.154  2327  2383 I BufferObject: ovrBufferObjectFactory::Unimport deleting GL memory object=8
08-04 11:18:38.154  2581  2636 I [OAO] DialogController: CloseDialogs() old: 0, pendingUri: systemux://dialog/none, pendingComponent: 
08-04 11:18:38.154  2581  2636 I [OAO] DialogController: ResetDialog old: 0, activeUri systemux://dialog/none, activeReturnComponent 
08-04 11:18:38.154  2581  2636 I [OAO] SystemTabletController: Reset, reason: 3, taskBarVisibility: 0
08-04 11:18:38.154  2581  2636 I [OAO] SystemDialogController: Reset
08-04 11:18:38.154  2581  2636 I [OAO] DialogControllerManager: Reset
08-04 11:18:38.155  2581  2636 I [OAO] ShellOverlayApp: 0xd324d3c8 msg: broadcastIntent:
08-04 11:18:38.155  2581  2636 I [OAO] ShellOverlayApp: status_bar_notification = 0|com.oculus.horizon|135234|null|10046
08-04 11:18:38.155  2581  2636 I [OAO] ShellOverlayApp: intent_action = com.oculus.vrshell.intent.action.DISMISS_NOTIFICATION
08-04 11:18:38.155  2581  2636 I [OAO] ShellOverlayApp: ProcessMessage_Broadcast: com.oculus.vrshell.intent.action.DISMISS_NOTIFICATION
08-04 11:18:38.155  2581  2636 I [OAO] ShellOverlayApp: VrThread entering waiting state
08-04 11:18:38.155  2327  2383 I TrackingServiceClient: OVR::TrackingService::ClientSetInterface
08-04 11:18:38.155  2327  2383 D TrackingServiceConnectionNative: onClientDisconnect
08-04 11:18:38.155   730   835 I TrackingService: Unregistering client by ITrackingService.unregisterClient
08-04 11:18:38.155   730   835 I TrackingService: TrackingServiceHost Unregistering client: pid 2327
08-04 11:18:38.156  2327  2383 D BinderConnection: Disconnecting from TrackingService service
08-04 11:18:38.156  2327  2383 D TrackingServiceConnectionNative: onDisconnected
08-04 11:18:38.156  2327  2383 I TrackingServiceClient: OVR::TrackingService::ClientSetInterface
08-04 11:18:38.157  2327  2383 I VrApi   : ---------- vrapi_LeaveVrMode [end] ----------
08-04 11:18:38.160  1920  1920 D [OAR] ShellControlProtectedReceiver: onReceive with MainActivity native pointer 3841238824, action com.oculus.vrshell.intent.action.DISMISS_NOTIFICATION
08-04 11:18:38.160  1920  1981 I [OAR] ShellApp: 0xd31d7340 msg: broadcastIntent:
08-04 11:18:38.160  1920  1981 I [OAR] ShellApp: status_bar_notification = 0|com.oculus.horizon|135234|null|10046
08-04 11:18:38.160  1920  1981 I [OAR] ShellApp: intent_action = com.oculus.vrshell.intent.action.DISMISS_NOTIFICATION
08-04 11:18:38.161   714 18063 I MediaPlayerService: MediaPlayerService::getOMX
08-04 11:18:38.162   714 18063 I OMXClient: MuxOMX ctor
08-04 11:18:38.162   711 17431 I OMXMaster: makeComponentInstance(OMX.google.vorbis.decoder) in mediacodec process
08-04 11:18:38.165   711  1389 E OMXNodeInstance: setConfig(2c70048:google.vorbis.decoder, ConfigPriority(0x6f800002)) ERROR: Undefined(0x80001001)
08-04 11:18:38.165   714 18063 I ACodec  : codec does not support config priority (err -2147483648)
08-04 11:18:38.166   711   711 E OMXNodeInstance: setConfig(2c70048:google.vorbis.decoder, ConfigPriority(0x6f800002)) ERROR: Undefined(0x80001001)
08-04 11:18:38.166   714 18063 I ACodec  : codec does not support config priority (err -2147483648)
08-04 11:18:38.169  1529  2092 I UploadManager: Scheduling jobbId 2131165248 within interval (0, 1800000)
08-04 11:18:38.170   714 18063 I MediaCodec: MediaCodec will operate in async mode
08-04 11:18:38.187   714 18062 I ExtendedNuUtils: Both src and dst missing for bit-width
08-04 11:18:38.187   714 18062 I ExtendedNuUtils: Overriding durationUs: with 64 bit src value 234000
08-04 11:18:38.187   714 18062 I ExtendedNuUtils: Both src and dst missing for channel-mask
08-04 11:18:38.187   555  1301 I AudioPolicyManagerCustom: FLAG None hence request for a primary output
08-04 11:18:38.188   555   555 I AudioPolicyManagerCustom: FLAG None hence request for a primary output
08-04 11:18:38.188   555 17800 I AudioPolicyManagerCustom: offload disabled by audio.offload.disable=1
08-04 11:18:38.188   555 17800 I AudioPolicyManagerCustom: Direct PCM is disabled for this request
08-04 11:18:38.189   714 18061 D AudioTrack: Client defaulted notificationFrames to 12000 for frameCount 24000
08-04 11:18:38.191   714 18057 D NuPlayerDriver: notifyListener_l(0xed82ae40), (6, 0, 0), loop setting(0, 0)
08-04 11:18:38.199   714 18062 I NuPlayerDecoder: [audio] saw output EOS
08-04 11:18:38.302   730 17937 I [CT]    : CONSTELLATION: R: Lost position tracking
08-04 11:18:38.303   730 17937 I [CT]    : CONSTELLATION: L: Lost position tracking
08-04 11:18:38.423   714 18057 D NuPlayerDriver: notifyListener_l(0xed82ae40), (2, 0, 0), loop setting(0, 0)
08-04 11:18:38.424   714   895 D NuPlayerDriver: reset(0xed82ae40) at state 6
08-04 11:18:38.424   714   895 D NuPlayerDriver: notifyListener_l(0xed82ae40), (8, 0, 0), loop setting(0, 0)
08-04 11:18:38.431   714 18057 W AMessage: failed to post message as target looper for handler 0 is gone.
08-04 11:18:38.432   714 18057 D NuPlayerDriver: notifyResetComplete(0xed82ae40)
08-04 11:18:38.822   730 17937 I [CT]    : CONSTELLATION: R: Detected motion/button event. Leaving static state.
08-04 11:18:39.082   730 17931 I [CT]    : VisionInterface: HMD Tracking switching to 3dof (from 6dof)
08-04 11:18:40.184  1920  2786 I OVR     : OVRPlatform saving push token credentials for userid 111488643757260
08-04 11:18:40.329  1920  2786 I OVRPlatform: [FBNSHandler] Push token received
08-04 11:18:41.119  1872 17924 I libjingle: [486:136] [17924] (webrtcvoiceengine.cc:624): WebRtcVoiceEngine::Terminate
08-04 11:18:41.120  1872 17924 I libjingle: [486:136] [17924] (AudioRecordWrapper.cpp:42): Calling AudioRecord::Stop()
08-04 11:18:41.120  1872 17924 I OVRPlatform: [SharedMicrophoneAudioRecord] SharedMicrophoneAudioRecord::Stop
08-04 11:18:41.120  1872 17924 D AudioTrackJni: Terminate@[tid=17924]
08-04 11:18:41.120  1872 17924 D AudioTrackJni: StopPlayout@[tid=17924]
08-04 11:18:41.120  1872 17924 D AudioManager: Close@[tid=17924]
08-04 11:18:41.120  1872 17924 I org.webrtc.Logging: WebRtcAudioManager: dispose@[name=Thread-26, id=221]
08-04 11:18:41.121  1872 17924 I libjingle: [486:138] [17924] (webrtcvideoengine2.cc:502): WebRtcVideoEngine2::~WebRtcVideoEngine2
08-04 11:18:41.122  1872 17923 I MediaCodecVideoDecoder: [486:139] [17923] MediaCodecVideoDecoder: MediaCodecVideoDecoderFactory dtor
08-04 11:18:41.123  1872 17923 I MediaCodecVideoEncoder: [486:139] [17923] MediaCodecVideoEncoder: MediaCodecVideoEncoderFactory dtor
08-04 11:18:41.123  1872 17924 I libjingle: [486:140] [17924] (AudioRecordWrapper.cpp:42): Calling AudioRecord::Stop()
08-04 11:18:41.124  1872 17924 I OVRPlatform: [SharedMicrophoneAudioRecord] SharedMicrophoneAudioRecord::Stop
08-04 11:18:41.124  1872 17924 I OVRPlatform: [SharedMicrophoneAudioRecord] SharedMicrophoneAudioRecord::Stop
08-04 11:18:41.124  1872 17924 I OVRPlatform: [MicrophoneServer] MicrophoneServer::removeSharedClient 0xcdb79060
08-04 11:18:41.124  1872 17924 I OVRPlatform: [MicrophoneServer]   removed 0, 0 remaining
08-04 11:18:41.124  1872 17924 I OVRPlatform: [MicrophoneServer] No connections left, stopping
08-04 11:18:41.124  1872 17924 I OVRPlatform-OVRMicrophone: Stopping microphone recording.  Current state: Uninitialized
08-04 11:18:41.124  1872 17924 D AudioTrackJni: ~dtor@[tid=17924]
08-04 11:18:41.124  1872 17924 D AudioTrackJni: Terminate@[tid=17924]
08-04 11:18:41.124  1872 17924 D AudioTrackJni: StopPlayout@[tid=17924]
08-04 11:18:41.124  1872 17924 D JVM     : GlobalRef::dtor@[tid=17924]
08-04 11:18:41.124  1872 17924 D JVM     : NativeRegistration::dtor@[tid=17924]
08-04 11:18:41.124  1872 17924 D JVM     : JNIEnvironment::dtor@[tid=17924]
08-04 11:18:41.124  1872 17924 D JVM     : AttachCurrentThreadIfNeeded::dtor@[tid=17924]
08-04 11:18:41.124  1872 17924 D AudioManager: ~dtor@[tid=17924]
08-04 11:18:41.124  1872 17924 D AudioManager: Close@[tid=17924]
08-04 11:18:41.124  1872 17924 D AudioManager: JavaAudioManager::dtor@[tid=17924]
08-04 11:18:41.124  1872 17924 D JVM     : GlobalRef::dtor@[tid=17924]
08-04 11:18:41.124  1872 17924 D JVM     : NativeRegistration::dtor@[tid=17924]
08-04 11:18:41.124  1872 17924 D JVM     : JNIEnvironment::dtor@[tid=17924]
08-04 11:18:41.124  1872 17924 D JVM     : AttachCurrentThreadIfNeeded::dtor@[tid=17924]
08-04 11:18:41.124  1872 17924 D JVM     : Detaching thread from JVM
08-04 11:18:41.126  1872 18060 I OVRPlatform: [AndroidPlatformIntegration] AndroidPlatformIntegration::dtor
08-04 11:18:41.126  1872 18060 D JVM     : JVM::Uninitialize@[tid=18060]
08-04 11:18:41.126  1872 18060 D JVM     : JVM::~JVM@[tid=18060]
08-04 11:18:41.126  1872 18060 I OVRPlatform: [AndroidPlatformIntegration] Releasing global references
08-04 11:18:41.127  1872 18060 I OVRPlatform: [MicrophoneServer] Enter MicrophoneServer::~MicrophoneServer
08-04 11:18:41.127  1872 18060 I OVRPlatform-OVRMicrophone: Stopping microphone recording.  Current state: Uninitialized
08-04 11:18:41.127  1872 18060 I OVRPlatform-OVRMicrophone: Stopping microphone recording.  Current state: Uninitialized
08-04 11:18:41.127  1872 18060 I OVRPlatform: [MicrophoneServer] Exit MicrophoneServer::~MicrophoneServer
08-04 11:18:41.127  1872 18060 D PlatformPlugin: [PlatformPluginManager] Releasing lock: nativeTearDown
08-04 11:18:41.441   555   598 D audio_hw_primary: out_standby: enter: stream (0xeefd3780) usecase(1: low-latency-playback)
08-04 11:18:41.468   555   598 D audio_hw_primary: disable_audio_route: reset and update mixer path: low-latency-playback speaker
08-04 11:18:41.469   555   598 D hardware_info: hw_info_append_hw_type : device_name = speaker
08-04 11:18:41.469   555   598 D audio_hw_primary: disable_snd_device: snd_device(2: speaker)
08-04 11:18:41.469   555   598 D msm8974_platform: platform_split_snd_device: snd_device(2) new_snd_devices (speaker)
08-04 11:18:41.472   555   598 D audio_hw_primary: out_standby: exit
08-04 11:18:43.102   730 17937 I [CT]    : CONSTELLATION: R: Lost velocity tracking
08-04 11:18:43.102   730 17937 I [CT]    : CONSTELLATION: L: Lost velocity tracking
08-04 11:18:43.304  1529 18068 W ContextImpl: Calling a method in the system process without a qualified user: android.app.ContextImpl.sendBroadcast:877 android.content.ContextWrapper.sendBroadcast:421 com.facebook.analytics2.logger.UploadServiceBus.signalJobRan:60 com.facebook.analytics2.logger.UploadJobHandler.exitStateMachine:268 com.facebook.analytics2.logger.UploadJobHandler.handleMessage:98 
08-04 11:18:43.306  1529  2096 I UploadManager: Scheduling jobbId 2131165248 within interval (900000, 2700000)
08-04 11:18:47.770   730 17937 I [CT]    : CONSTELLATION:IMU_STATUS: bf3320d45d1d592b: [FusionTracked=0.105, OutputTracked=0.105, OutputValid=0.105] [AccelSat=0.000, GyroSat=0.000] 
08-04 11:18:47.775   730 17937 I [CT]    : CONSTELLATION:IMU_STATUS: 35cb23a045486c4a: [FusionTracked=1.000, OutputTracked=0.000, OutputValid=1.000] [AccelSat=0.000, GyroSat=0.000] 
08-04 11:18:57.770   730 17937 I [CT]    : CONSTELLATION:IMU_STATUS: bf3320d45d1d592b: [FusionTracked=0.000, OutputTracked=0.000, OutputValid=0.000] [AccelSat=0.000, GyroSat=0.000] 
08-04 11:18:57.775   730 17937 I [CT]    : CONSTELLATION:IMU_STATUS: 35cb23a045486c4a: [FusionTracked=1.000, OutputTracked=0.000, OutputValid=1.000] [AccelSat=0.000, GyroSat=0.000] 
08-04 11:19:07.581  2581  2750 I OVR     : OVRPlatform saving push token credentials for userid 111488643757260
08-04 11:19:07.650  2581  2750 I OVRPlatform: [FBNSHandler] Push token received
08-04 11:19:07.771   730 17937 I [CT]    : CONSTELLATION:IMU_STATUS: bf3320d45d1d592b: [FusionTracked=0.000, OutputTracked=0.000, OutputValid=0.000] [AccelSat=0.000, GyroSat=0.000] 
08-04 11:19:07.777   730 17937 I [CT]    : CONSTELLATION:IMU_STATUS: 35cb23a045486c4a: [FusionTracked=1.000, OutputTracked=0.000, OutputValid=1.000] [AccelSat=0.000, GyroSat=0.000] 
08-04 11:19:08.980   730 17937 I [CT]    : CONSTELLATION: L: Detected motion/button event. Leaving static state.
08-04 11:19:11.664  1920  2786 I OVR     : OVRPlatform saving push token credentials for userid 111488643757260
08-04 11:19:11.770  1920  2786 I OVRPlatform: [FBNSHandler] Push token received
08-04 11:19:17.771   730 17937 I [CT]    : CONSTELLATION:IMU_STATUS: bf3320d45d1d592b: [FusionTracked=0.000, OutputTracked=0.000, OutputValid=0.000] [AccelSat=0.000, GyroSat=0.000] 
08-04 11:19:17.777   730 17937 I [CT]    : CONSTELLATION:IMU_STATUS: 35cb23a045486c4a: [FusionTracked=0.120, OutputTracked=0.000, OutputValid=0.120] [AccelSat=0.000, GyroSat=0.000] 
08-04 11:19:20.912  2581  2750 I OVR     : OVRPlatform saving push token credentials for userid 111488643757260
08-04 11:19:20.980  2581  2750 I OVRPlatform: [FBNSHandler] Push token received
08-04 11:19:27.771   730 17937 I [CT]    : CONSTELLATION:IMU_STATUS: bf3320d45d1d592b: [FusionTracked=0.000, OutputTracked=0.000, OutputValid=0.000] [AccelSat=0.000, GyroSat=0.000] 
08-04 11:19:27.780   730 17937 I [CT]    : CONSTELLATION:IMU_STATUS: 35cb23a045486c4a: [FusionTracked=0.000, OutputTracked=0.000, OutputValid=0.000] [AccelSat=0.000, GyroSat=0.000] 
08-04 11:19:31.339  1920  2786 I OVR     : OVRPlatform saving push token credentials for userid 111488643757260
08-04 11:19:31.519  1920  2786 I OVRPlatform: [FBNSHandler] Push token received
08-04 11:19:36.672  1484 18084 I OSUpdateService: Intent with action system_battery_changed
08-04 11:19:37.772   730 17937 I [CT]    : CONSTELLATION:IMU_STATUS: bf3320d45d1d592b: [FusionTracked=0.000, OutputTracked=0.000, OutputValid=0.000] [AccelSat=0.000, GyroSat=0.000] 
08-04 11:19:37.781   730 17937 I [CT]    : CONSTELLATION:IMU_STATUS: 35cb23a045486c4a: [FusionTracked=0.000, OutputTracked=0.000, OutputValid=0.000] [AccelSat=0.000, GyroSat=0.000] 
08-04 11:19:37.995   730 18056 D TrackingService: Performing delayed transition to SLEEP
08-04 11:19:37.995   730 18056 D TrackingService: Setting power state to SLEEP
08-04 11:19:37.995   730 18056 D Tracker/CoreOS: MontereyGlue: Acquiring MontereyGlue WakeLock
08-04 11:19:37.996   730  1262 I Tracker/CoreOS: MontereyGlue Handle Power State. currentState: 1, newState: 0
08-04 11:19:37.996   730  1262 D Tracker/CoreOS: MontereyGlue: Transition start STANDBY->SLEEP
08-04 11:19:37.996   730  1262 D Tracker/CoreOS: MontereyGlue: stopping headset streams
08-04 11:19:37.996   730  1262 D LibDevices: MontereyDevices::stopAllStreams
08-04 11:19:37.996   730  1262 D LibDevices: MontereyDevices::stopSyncbossStream()
08-04 11:19:37.996   730  1262 I LibDevices: Attempting to join MotionDataBatcher thread...
08-04 11:19:38.000   730 17931 D LibDevices: SyncbossEventHandler::hmdConsumerThreadFunc() exit
08-04 11:19:38.000   730  1262 I LibDevices: MotionDataBatcher thread joined
08-04 11:19:38.001   730  1262 D LibDevices: MontereyDevices::stopIpdStream()
08-04 11:19:38.001   730  1262 D LibDevices: MontereyDevices::stopAllStreams() complete
08-04 11:19:38.001   730  1262 D Tracker/CoreOS: MontereyGlue: stopping hand processing
08-04 11:19:38.001   730  1262 I [CT]    : NIMBLE:HTEngine: doStop()
08-04 11:19:38.001   730  1262 I [CT]    : NIMBLE:HTEngine: doCleanup()
08-04 11:19:38.011   730 17886 I [CT]    : boltlib: DSP utilization(%): 0
08-04 11:19:38.022   730  1262 I [CT]    : BOLT:Lib: Stopping BoltLib: 5 -> 4
08-04 11:19:38.022   730  1262 D Tracker/CoreOS: MontereyGlue: stopping controller processing
08-04 11:19:38.022   730  1262 D Tracker/CoreOS: Entering ControllerGlue::stop()
08-04 11:19:38.022   730  1262 D Tracker/CoreOS: ControllerGlue: setting expected mode to DISABLED
08-04 11:19:38.022   730  1262 D Tracker/CoreOS: ControllerGlue: Setting current mode to DISABLED
08-04 11:19:38.022   730  1262 D LibDevices: ControllerMgr: Settings controller manager mode 0
08-04 11:19:38.924   730  1262 I LibDevices: ControllerMgr: transition state ACTIVE->MANAGEMENT
08-04 11:19:38.926   730  1262 D LibDevices: SyncbossEventHandler::stopAllStreams()
08-04 11:19:38.926   730  1262 D LibDevices: SyncbossEventHandler::stopAllStreams() complete
08-04 11:19:38.926   730  1262 I LibDevices: Attempting to join controllerConsumerThread
08-04 11:19:38.926   730 17933 D LibDevices: SyncbossEventHandler::producerThreadFunc() exit
08-04 11:19:38.928   730 17937 D LibDevices: controllerConsumerThreadFunc() exit
08-04 11:19:38.929   730  1262 I LibDevices: controllerConsumerThread joined
08-04 11:19:38.929   730  1262 D LibDevices: ControllerMgr: Complete state transition ACTIVE->MANAGEMENT
08-04 11:19:38.929   730  1262 I LibDevices: ControllerMgr: transition state MANAGEMENT->DISABLED
08-04 11:19:39.287  1109  1950 I SyncBossHAL: syncboss_hal_prox.c(41): INFO: Reporting prox event: system_down
