08-04 11:18:12.934 17483 17527 I VrRuntimeClient: DEVICE OS VERSION = 7.1.1
08-04 11:18:12.934 17483 17527 I VrRuntimeClient: VRRUNTIME VERSION = VRAPI_VERSION_BEGIN { 1.1.36.0-231192296-231192296 Jul 14 2020 04:12:51 Development } RELEASE
08-04 11:18:12.934 17483 17527 I VrRuntimeClient: API LOADER VERSION = 1.1.30.0
08-04 11:18:12.934 17483 17527 I VrRuntimeClient: VRDRIVER VERSION = 19.0.0.341.531
08-04 11:18:12.934 17483 17527 I VrRuntimeClient: APP NAME = Beat Saber
08-04 11:18:12.934 17483 17527 I VrRuntimeClient: APP VERSION = 1.10.0 versionCode 106 internalVersionName <none>
08-04 11:18:12.934 17483 17527 I VrRuntimeClient: APP VR TYPE = vr_only
08-04 11:18:12.934 17483 17527 I VrRuntimeClient: APP MODE TYPE = <none>
08-04 11:18:12.934 17483 17527 I VrRuntimeClient: APP PACKAGE NAME = com.beatgames.beatsaber
08-04 11:18:12.934 17483 17527 I VrRuntimeClient: APP ACTIVITY CLASS = com.unity3d.player.UnityPlayerActivity
08-04 11:18:12.934 17483 17527 D BatteryReceiver: Registering battery receiver
08-04 11:18:12.949 17483 17527 D HeadsetReceiver: getCurrentHeadsetState: false
08-04 11:18:12.949 17483 17527 I DeviceStatus_Android: nativeHeadsetEvent(0)
08-04 11:18:12.950  1989  1989 D [SUI] AnytimeUIAndroidPanelAppV2: Inflating view for layer: tablet, viewIdentifier = -1
08-04 11:18:12.951  1989  1989 D [SUI] HostView: Constructing HostView
08-04 11:18:12.951  1989  1989 D [SUI] HostView: Initializing HostView
08-04 11:18:12.951  1989  1989 D [SUI] EmptyView: Constructing EmptyView
08-04 11:18:12.951  1989  1989 D [SUI] EmptyView: Initializing EmptyView
08-04 11:18:12.951  1989  1989 D [SUI] EmptyView: Showing EmptyView
08-04 11:18:12.951  1989  1989 I AndroidPanelApp: measureLayerView with initial width 768, initial height 340, resize behavior NONE.
08-04 11:18:12.951  1989  1989 I AndroidPanelApp: Measured width 768 and height 340.
08-04 11:18:12.951  1989  1989 I AndroidPanelLayer: Setting size of layer "tablet" to have width 768 and height 340
08-04 11:18:12.953  1989  1989 I AndroidPanelApp: layerTransform: Showing panel layer "tablet" in VrShell with width 768, height 340, position( 0.000000 , 0.000000 ), rotation (0.000000 , 0.000000 , 0.000000 )  hit-testable true, shape 1, and system-positioned true. Density: 4680.000000. Supersampled: false 
08-04 11:18:12.953 17483 17527 I VrRuntimeClient: DEADRECKONING SetControllerTrackingExtendedDeadreckoning 0
08-04 11:18:12.953  1989  1989 I AndroidPanelApp: Calling ensurePanelLayer on layer "tabletNav" with view ID -1
08-04 11:18:12.953  1989  1989 I AndroidPanelLayer: Setting spec for layer "tabletNav"
08-04 11:18:12.953  1989  1989 I AndroidPanelLayer: Setting size of layer "tabletNav" to have width 216 and height 340
08-04 11:18:12.953  1989  1989 I AndroidPanelLayer: Destroying presentation for layer "tabletNav".
08-04 11:18:12.953  1989  1989 I AndroidPanelLayer: Creating presentation for layer "tabletNav" with width 216 and height 340
08-04 11:18:12.953 17483 17527 D InputHooksJava: Enabling Java Input Hooks
08-04 11:18:12.953 17483 17527 I InputDeviceManager: ovrInputDeviceManager::Initialize
08-04 11:18:12.953 17483 17527 I InputDeviceManager: HANDTRACKING packagename is com.beatgames.beatsaber
08-04 11:18:12.956   722  2681 I SettingsService: Unregistering observer for setting 'font_size' due to binder death
08-04 11:18:12.957  2272  2575 I InputManager: DEADRECKONING deadReckoning mode on ClientMgr from server is 0
08-04 11:18:12.957   555   599 D audio_hw_primary: out_standby: enter: stream (0xeefd3000) usecase(0: deep-buffer-playback)
08-04 11:18:12.963  1109  1598 I ActivityManager: Process com.oculus.vrshell.home:explore (pid 17635) has died
08-04 11:18:12.963  1109  1598 D ActivityManager: cleanUpApplicationRecord -- 17635
08-04 11:18:12.964  1109  1653 I DisplayManagerService: Display device added: DisplayDeviceInfo{"com.oculus.android_panel_app.AndroidPanelLayer-tabletNav": uniqueId="virtual:com.oculus.systemux,10025,com.oculus.android_panel_app.AndroidPanelLayer-tabletNav,0", 216 x 340, modeId 32, defaultModeId 32, supportedModes [{id=32, width=216, height=340, fps=60.0}], colorMode 0, supportedColorModes [0], HdrCapabilities null, density 160, 160.0 x 160.0 dpi, appVsyncOff 0, presDeadline 16666666, touch NONE, rotation 0, type VIRTUAL, state OFF, owner com.oculus.systemux (uid 10025), FLAG_PRIVATE, FLAG_NEVER_BLANK, FLAG_OWN_CONTENT_ONLY}
08-04 11:18:12.971  1989  1989 D [SUI] AnytimeUIAndroidPanelAppV2: Inflating view for layer: tabletNav, viewIdentifier = -1
08-04 11:18:12.972  1989  1989 D [SUI] NavHostView: Constructing NavHostView
08-04 11:18:12.972  1989  1989 D [SUI] NavHostView: Initializing NavHostView
08-04 11:18:12.972  1989  1989 W Settings: Setting adb_enabled has moved from android.provider.Settings.Secure to android.provider.Settings.Global.
08-04 11:18:12.972  1989  1989 D [SUI] AnytimeUIAndroidPanelAppV2: Acquiring viewModel SettingsViewModel refCount: 2
08-04 11:18:12.972  1989  1989 D [SUI] AnytimeUIAndroidPanelAppV2: Releasing viewModel SettingsViewModel refCount: 1
08-04 11:18:12.972  1989  1989 I AndroidPanelApp: measureLayerView with initial width 216, initial height 340, resize behavior NONE.
08-04 11:18:12.972  1989  1989 I AndroidPanelApp: Measured width 216 and height 340.
08-04 11:18:12.972  1989  1989 I AndroidPanelLayer: Setting size of layer "tabletNav" to have width 216 and height 340
08-04 11:18:12.972 17483 17527 I InputDeviceManager: HANDTRACKING: feature flag set to 0
08-04 11:18:12.973 17483 17527 I VrRuntimeClient: HANDTRACKING sethandmanifest 0
08-04 11:18:12.974  1989  1989 I AndroidPanelApp: layerTransform: Showing panel layer "tabletNav" in VrShell with width 216, height 340, position( 0.000000 , 0.000000 ), rotation (0.000000 , 0.000000 , 0.000000 )  hit-testable true, shape 1, and system-positioned true. Density: 4680.000000. Supersampled: false 
08-04 11:18:12.974  1989  1989 I AndroidPanelApp: Calling ensurePanelLayer on layer "tabletContent" with view ID -1
08-04 11:18:12.974  1989  1989 I AndroidPanelLayer: Setting spec for layer "tabletContent"
08-04 11:18:12.974  1989  1989 I AndroidPanelLayer: Setting size of layer "tabletContent" to have width 552 and height 340
08-04 11:18:12.974  1989  1989 I AndroidPanelLayer: Destroying presentation for layer "tabletContent".
08-04 11:18:12.974  1989  1989 I AndroidPanelLayer: Creating presentation for layer "tabletContent" with width 552 and height 340
08-04 11:18:12.975  1109  1586 I DisplayManagerService: Display device added: DisplayDeviceInfo{"com.oculus.android_panel_app.AndroidPanelLayer-tabletContent": uniqueId="virtual:com.oculus.systemux,10025,com.oculus.android_panel_app.AndroidPanelLayer-tabletContent,0", 552 x 340, modeId 33, defaultModeId 33, supportedModes [{id=33, width=552, height=340, fps=60.0}], colorMode 0, supportedColorModes [0], HdrCapabilities null, density 160, 160.0 x 160.0 dpi, appVsyncOff 0, presDeadline 16666666, touch NONE, rotation 0, type VIRTUAL, state OFF, owner com.oculus.systemux (uid 10025), FLAG_PRIVATE, FLAG_NEVER_BLANK, FLAG_OWN_CONTENT_ONLY}
08-04 11:18:12.976  2272 17046 I ScreenCaptureBase: GlobalInhibitState=0
08-04 11:18:12.976 17483 17527 D TrackingServiceConnectionNative: onClientConnect
08-04 11:18:12.977 17483 17527 D BinderConnection: Connecting to TrackingService
08-04 11:18:12.977 17483 17527 D TrackingServiceConnectionNative: onConnected
08-04 11:18:12.977   730   835 I TrackingService: TrackingService::getSharedMemoryFileDescriptor
08-04 11:18:12.980 17483 17527 I TrackingServiceClient: OVR::TrackingService::ClientSetInterface
08-04 11:18:12.980 17483 17527 I TrackingServiceClient: TrackingService client: roFd(90)
08-04 11:18:12.980 17483 17527 I TrackingServiceClient: TrackingService client: connected to interface version 12.
08-04 11:18:12.981 17483 17527 I TrackingServiceClient: TrackingService client: last prediction time is 0.004711 seconds old
08-04 11:18:12.981 17483 17527 I TrackingServiceClient: TrackingService client: provided by pid=730
08-04 11:18:12.981   730 17003 I TrackingService: TrackingService::registerClient
08-04 11:18:12.981   730 17003 I TrackingService: Registering client with TrackingServiceHost
08-04 11:18:12.982   730 17003 I TrackingService: Notifying client pid 17483 of new remote 35cb23a045486c4a
08-04 11:18:12.983  1989  1989 D [SUI] AnytimeUIAndroidPanelAppV2: Inflating view for layer: tabletContent, viewIdentifier = -1
08-04 11:18:12.984  1989  1989 D [SUI] ContentHostView: Constructing ContentHostView
08-04 11:18:12.984  1989  1989 D [SUI] ContentHostView: Initializing ContentHostView
08-04 11:18:12.984  1989  1989 D [SUI] EmptyContentView: Constructing EmptyContentView
08-04 11:18:12.984  1989  1989 D [SUI] EmptyContentView: Initializing EmptyContentView
08-04 11:18:12.984  1989  1989 D [SUI] EmptyContentView: Showing EmptyContentView
08-04 11:18:12.984  1989  1989 I AndroidPanelApp: measureLayerView with initial width 552, initial height 340, resize behavior NONE.
08-04 11:18:12.984  1989  1989 I AndroidPanelApp: Measured width 552 and height 340.
08-04 11:18:12.984  1989  1989 I AndroidPanelLayer: Setting size of layer "tabletContent" to have width 552 and height 340
08-04 11:18:12.985   730 17003 I TrackingService: Notifying client pid 17483 of new remote bf3320d45d1d592b
08-04 11:18:12.985  1989  1989 I AndroidPanelApp: layerTransform: Showing panel layer "tabletContent" in VrShell with width 552, height 340, position( 0.000000 , 0.000000 ), rotation (0.000000 , 0.000000 , 0.000000 )  hit-testable true, shape 1, and system-positioned true. Density: 4680.000000. Supersampled: false 
08-04 11:18:12.985  1989  1989 I CppPanelService: BEGIN: nativeInitializePanelInstance - Configure and set up thread polling.
08-04 11:18:12.985  1989  1989 I CppPanelService: BEGIN: Call hosted app's Configure method.
08-04 11:18:12.985  1989  1989 I CppPanelService: END: Call hosted app's Configure method.
08-04 11:18:12.986  1989  1989 I CppPanelService: END: nativeInitializePanelInstance - Add fd 33 to looper with error code 1
08-04 11:18:12.986  1989  1989 D CppPanelService: END: Initializing panel application via MSG_CREATE_PANEL_APP.
08-04 11:18:12.989   730 17003 I TrackingService: TrackingServiceHost GetSharedMemoryFileDescriptor for client pid 17483
08-04 11:18:12.989   730 17003 I TrackingService: TrackingServiceHost registered common client; there are 0 secure clients
08-04 11:18:12.989 17483 17527 I TrackingServiceClient: ClientConnectComplete
08-04 11:18:12.989 17483 17527 I VrApi   : ovrModeParms::VRAPI_MODE_FLAG_RESET_WINDOW_FULLSCREEN = 1
08-04 11:18:12.989 17483 17527 I VrApi   : ovrModeParms::VRAPI_MODE_FLAG_NATIVE_WINDOW = 1
08-04 11:18:12.989 17483 17527 I VrApi   : ovrModeParms::VRAPI_MODE_FLAG_FRONT_BUFFER_PROTECTED = 0
08-04 11:18:12.989 17483 17527 I VrApi   : ovrModeParms::VRAPI_MODE_FLAG_FRONT_BUFFER_565 = 0
08-04 11:18:12.989 17483 17527 I VrApi   : ovrModeParms::VRAPI_MODE_FLAG_FRONT_BUFFER_SRGB = 1
08-04 11:18:12.989 17483 17527 I VrApi   : ovrModeParms::VRAPI_MODE_FLAG_CREATE_CONTEXT_NO_ERROR = 1
08-04 11:18:12.989 17483 17527 I VrApi   : ovrModeParms::VRAPI_MODE_FLAG_PHASE_SYNC = 0
08-04 11:18:12.989 17483 17527 I VrApi   : ovrModeParms::VRAPI_MODE_FLAG_APP_SPACE_WARP = 0
08-04 11:18:12.989 17483 17527 I VrRuntimeClient: SetPhaseSyncMode 0
08-04 11:18:12.989 17483 17527 I VrApi   : PhaseSync disabled
08-04 11:18:12.989 17483 17527 I VrApi   : HMD sensor attached.
08-04 11:18:12.990  1109  1158 W DisplayManagerService: Failed to notify process 17635 that displays changed, assuming it died.
08-04 11:18:12.990  1109  1158 W DisplayManagerService: android.os.DeadObjectException
08-04 11:18:12.990  1109  1158 W DisplayManagerService: 	at android.os.BinderProxy.transactNative(Native Method)
08-04 11:18:12.990  1109  1158 W DisplayManagerService: 	at android.os.BinderProxy.transact(Binder.java:671)
08-04 11:18:12.990  1109  1158 W DisplayManagerService: 	at android.hardware.display.IDisplayManagerCallback$Stub$Proxy.onDisplayEvent(IDisplayManagerCallback.java:81)
08-04 11:18:12.990  1109  1158 W DisplayManagerService: 	at com.android.server.display.DisplayManagerService$CallbackRecord.notifyDisplayEventAsync(DisplayManagerService.java:1187)
08-04 11:18:12.990  1109  1158 W DisplayManagerService: 	at com.android.server.display.DisplayManagerService.deliverDisplayEvent(DisplayManagerService.java:1022)
08-04 11:18:12.990  1109  1158 W DisplayManagerService: 	at com.android.server.display.DisplayManagerService.-wrap6(DisplayManagerService.java)
08-04 11:18:12.990  1109  1158 W DisplayManagerService: 	at com.android.server.display.DisplayManagerService$DisplayManagerHandler.handleMessage(DisplayManagerService.java:1120)
08-04 11:18:12.990  1109  1158 W DisplayManagerService: 	at android.os.Handler.dispatchMessage(Handler.java:102)
08-04 11:18:12.990  1109  1158 W DisplayManagerService: 	at android.os.Looper.loop(Looper.java:154)
08-04 11:18:12.990  1109  1158 W DisplayManagerService: 	at android.os.HandlerThread.run(HandlerThread.java:61)
08-04 11:18:12.990  1109  1158 W DisplayManagerService: 	at com.android.server.ServiceThread.run(ServiceThread.java:46)
08-04 11:18:12.991 17483 17527 I DynamicClocks: cpu-freq(0): 979200Hz
08-04 11:18:12.991 17483 17527 I DynamicClocks: cpu-freq(1): 1344000Hz
08-04 11:18:12.991 17483 17527 I DynamicClocks: cpu-freq(2): 1651200Hz
08-04 11:18:12.991 17483 17527 I DynamicClocks: cpu-freq(3): 1958400Hz
08-04 11:18:12.991 17483 17527 I DynamicClocks: cpu-freq(4): 2304000Hz
08-04 11:18:12.992 17483 17527 I DynamicClocks: gpu-freq(0): 257000000Hz
08-04 11:18:12.992 17483 17527 I DynamicClocks: gpu-freq(1): 342000000Hz
08-04 11:18:12.992 17483 17527 I DynamicClocks: gpu-freq(2): 414000000Hz
08-04 11:18:12.992 17483 17527 I DynamicClocks: gpu-freq(3): 515000000Hz
08-04 11:18:12.992 17483 17527 I DynamicClocks: gpu-freq(4): 670000000Hz
08-04 11:18:12.992 17483 17527 I DynamicClocks: gpu-freq(5): 710000000Hz
08-04 11:18:12.992 17483 17527 D VrRuntimeClient: pokeGuardianUserServiceForThisClient: com.beatgames.beatsaber:10124
08-04 11:18:12.993  2327  2327 D VrGuardianUserService: onStartCommandIntent { act=FOREGROUND_CLIENT cmp=com.oculus.systemdriver/com.oculus.vrguardianservice.VrGuardianUserService (has extras) }
08-04 11:18:12.994 17483 17527 D VrRuntimeClient: VrRuntimeClient: enableRendering: activity client
08-04 11:18:12.994 17483 17527 D VrRuntimeClient: VrRuntimeClient: enableRendering: Using clientWindow=android.os.BinderProxy@f66aa5
08-04 11:18:12.994  2272 17501 I ClientMgr: ClientMgr::SetFocusedClient: 17483:com.beatgames.beatsaber type 0
08-04 11:18:12.994  2272 17501 D VrRuntimeService: this client: 17483:com.beatgames.beatsaber
08-04 11:18:12.994  2272 17501 D VrRuntimeService: enableRendering: clientWindow: android.os.BinderProxy@8f2c7bf enable: true
08-04 11:18:12.994  2272 17501 I ClientMgr: ClientMgr::EnableRendering 17483:com.beatgames.beatsaber : type 0 : enable
08-04 11:18:12.994  2272 17501 I VrRuntimeServer: CreateCompositorClient client(0): layer placement(0): 0x7f969ce010
08-04 11:18:12.995  2272 17501 I TimeWarp: CheckDebuggerConnected: debugger 0
08-04 11:18:12.995 17483 17527 I VrRuntimeClient: CreateWarp: ImportGles: Fd=80, BufferSize=4096, AllocSize=9028
08-04 11:18:12.995 17483 17527 I VrRuntimeClient: CreateWarp: ImportGles: bo.Gl.BufferId=261, bo.Gl.MemoryObject=5
08-04 11:18:12.997 17483 17527 I ScreenCaptureHelper: Advertising com.beatgames.beatsaber as streamable
08-04 11:18:12.999  2272  2575 I ClientMgr: Non-overlay clients rendering status has changed: prev=18, curr=19, enabled=1
08-04 11:18:12.999 17483 17527 I VrApi   : OVR::Stats thread started
08-04 11:18:13.000 17483 17527 I VrApi   : ---------- vrapi_EnterVrMode [end] ----------
08-04 11:18:13.000 17483 17527 I ClientInputSettings: LatchBackButtonEntireFrame = false
08-04 11:18:13.000 17483 17527 I ClientInputSettings: BlockRemoteButtonsWhenNotEmulatingHMT = true
08-04 11:18:13.000 17483 17527 I ClientInputSettings: EatNativeGamepadEvents = false
08-04 11:18:13.000 17483 17527 D OVRPlugin: Registering utility receivers.
08-04 11:18:13.000 17483 17527 D UnityVolumeReceiver: Registering volume receiver
08-04 11:18:13.001  2272 17964 W TimeWarp: WarpToScreen: No completed frames to display for client 0. submittedFrameIndex = 231
08-04 11:18:13.003  2261  2349 I LibraryProvider: running queryApp(com.beatgames.beatsaber) for com.oculus.uid:10046
08-04 11:18:13.003 17483 17527 D UnityVolumeReceiver: startVolumeReceiver: 12
08-04 11:18:13.005 17483 17527 D HeadsetReceiver: getCurrentHeadsetState: false
08-04 11:18:13.005 17483 17527 D OVRPlugin: nativeHeadsetEvent(0)
08-04 11:18:13.005 17483 17527 D HeadsetReceiver: Registering headset receiver
08-04 11:18:13.005  2581  2636 I [OAO] PanelRenderLayer: ResetSurface 0 x 0 - shape:1 stereo:0
08-04 11:18:13.007  1989  1989 D [SUI] AnytimeUIAndroidPanelAppBase: UAT updateUserInfo
08-04 11:18:13.009  1989  1989 D [SUI] DiskCache: Read cached file from cache at /data/user/0/com.oculus.systemux/cache/image_cache/1120875183
08-04 11:18:13.010 17483 17527 D UnityBatteryReceiver: Registering battery receiver
08-04 11:18:13.012 17483 18035 D VrApi   : targetSDKVersion 28
08-04 11:18:13.014 17483 18035 I JniUtils: ovr_GetCurrentPackageSignature 
08-04 11:18:13.015  2272 17964 W TimeWarp: WarpToScreen: No completed frames to display for client 0. submittedFrameIndex = 231
08-04 11:18:13.015  1989  1989 D [SUI] UiThreadExecutor: Executing sync: com.oculus.panelapp.anytimeui.utils.-$$Lambda$ImageLoader$ydItDFYkuwEvnnZsGfoYjwQcW-M@5698f4
08-04 11:18:13.016 17483 18035 I Metrics : device name = Oculus Quest
08-04 11:18:13.017  1989  1989 D [SUI] DiskCache: Read cached file from cache at /data/user/0/com.oculus.systemux/cache/image_cache/1120875183
08-04 11:18:13.023  1989  1989 D [SUI] UiThreadExecutor: Executing sync: com.oculus.panelapp.anytimeui.utils.-$$Lambda$ImageLoader$ydItDFYkuwEvnnZsGfoYjwQcW-M@831a81d
08-04 11:18:13.024  1989  1989 I [SUI] AnytimeUIAndroidPanelAppV2: updateActiveComponent - com.oculus.systemux/com.oculus.panelapp.anytimeui.AnytimeUIAndroidPanelService, returnComponent = 
08-04 11:18:13.024  1989  1989 I [SUI] AnytimeUIAndroidPanelAppBase: updateControllerBattery - left, -1 percent
08-04 11:18:13.025  1989  1989 I [SUI] AnytimeUIAndroidPanelAppBase: updateControllerBattery - right, -1 percent
08-04 11:18:13.025  1989  1989 I [SUI] AnytimeUIAndroidPanelAppBase: updateLiveStreamStatus - isLiveStreaming=false, allowed=true
08-04 11:18:13.025  1989  1989 I [SUI] AnytimeUIAndroidPanelAppBase: updateCaptureAllowed - true capturing - false
08-04 11:18:13.025  1989  1989 I [SUI] AnytimeUIAndroidPanelAppBase: updateLocalStreamState - false
08-04 11:18:13.025  1989  1989 I [SUI] AnytimeUIAndroidPanelAppBase: updateVideoCaptureState - false
08-04 11:18:13.025  1989  1989 I [SUI] AnytimeUIAndroidPanelAppV2: updateInstantReplayState - false - false
08-04 11:18:13.025  1989  1989 I [SUI] AnytimeUIAndroidPanelAppBase: updateGuardianStatus - false - -1 - false
08-04 11:18:13.026 17483 18036 I VrRuntimeClient: FenceChecker::MainLoop - started
08-04 11:18:13.027  2261  2379 E Security-LocalReporter: UID '10046' is shared by multiple packages: [com.oculus.home, com.oculus.horizon]
08-04 11:18:13.029  2272 17964 W TimeWarp: WarpToScreen: No completed frames to display for client 0. submittedFrameIndex = 231
08-04 11:18:13.032 17483 17500 I OVRPlugin: HandleVrapiEvents: Unknown Event.
08-04 11:18:13.032 17483 17500 I OVRPlugin: HandleVrapiEvents: Unknown Event.
08-04 11:18:13.032 17483 17500 I OVRPlugin: HandleVrapiEvents: Unknown Event.
08-04 11:18:13.034  1872  2056 I VRLifecycleSessionManager: Stored session info.
08-04 11:18:13.042  2272 17964 I Clocks  : SetSchedFifo( tid=18036, pri=1 ) succeeded
08-04 11:18:13.043  2272 17964 I Clocks  : SetSchedFifo( tid=2651, pri=1 ) succeeded
08-04 11:18:13.051  2272 17964 I TimeWarpProgs: loaded binary layerProgram 2:0x800028007:0x0 in 7.4 ms
08-04 11:18:13.051  2272 17964 I TimeWarp: Tear: 0.008989 (since wakeup: 0.008036)
08-04 11:18:13.054  2272  2575 I VrRuntimeServer: RemoveCompositorClient: 2
08-04 11:18:13.082  1989  1989 D [SUI] SocialViewModel: refreshHiPriData()
08-04 11:18:13.082  1989  1989 D [SUI] SocialViewModel: loadFriends()
08-04 11:18:13.082  1989  1989 D [SUI] SocialViewModel: refreshLowPriData()
08-04 11:18:13.082  1989  1989 D [SUI] SocialViewModel: loadSocialViewerInfo()
08-04 11:18:13.082  1989  1989 I AndroidPanelApp: Processing pending show layer info for layer #main with width 774 and height 124.
08-04 11:18:13.082  1989  1989 I AndroidPanelApp: layerSupersample no changes
08-04 11:18:13.082  1989  1989 I AndroidPanelApp: Processing pending show layer info for layer tablet with width 768 and height 340.
08-04 11:18:13.082  1989  1989 I AndroidPanelApp: layerSupersample no changes
08-04 11:18:13.082  1989  1989 I AndroidPanelApp: Processing pending show layer info for layer tabletNav with width 216 and height 340.
08-04 11:18:13.082  1989  1989 I AndroidPanelApp: layerSupersample no changes
08-04 11:18:13.082  1989  1989 I AndroidPanelApp: Processing pending show layer info for layer tabletContent with width 552 and height 340.
08-04 11:18:13.082  1989  1989 I AndroidPanelApp: layerSupersample no changes
08-04 11:18:13.095   555   599 D audio_hw_primary: disable_audio_route: reset and update mixer path: deep-buffer-playback speaker
08-04 11:18:13.096   555   599 D hardware_info: hw_info_append_hw_type : device_name = speaker
08-04 11:18:13.096   555   599 D audio_hw_primary: out_standby: exit
08-04 11:18:13.122  2261  2379 I LibraryProvider: running queryApp(com.oculus.vrshell.home) for com.oculus.uid:10046
08-04 11:18:13.144  2581  2636 I [OAO] PanelAppHost: Resize layer #main to size 774 x 124 shape:1 stereo:0
08-04 11:18:13.144  2581  2636 I [OAO] PanelRenderLayer: ResetSurface 774 x 124 - shape:1 stereo:0
08-04 11:18:13.145  2581  2636 I [OAO] PanelAppHost: Resize layer tablet to size 768 x 340 shape:1 stereo:0
08-04 11:18:13.145  2581  2636 I [OAO] PanelRenderLayer: ResetSurface 768 x 340 - shape:1 stereo:0
08-04 11:18:13.146  2581  2636 I [OAO] PanelRenderLayer: Using layerTransform 2. layerWidth:768 , layerHeight:340
08-04 11:18:13.146  2581  2706 I OVRPlatform: [HttpRequest] Request `me?fields=current_party{id,leader{id},join_policy,users{id,alias,can_viewer_message,display_name,profile_url,profile_url_small,presence,presence_status,presence_app{id,package_name},presence_deeplink_joinable,presence_deeplink_message,presence_destination_api_name,presence_scoped_user_id,avatar_v2{avatar_image{uri}}},invited_users{id,alias,can_viewer_message,display_name,profile_url,profile_url_small,presence,presence_status,presence_app{id,package_name},avatar_v2{avatar_image{uri}}}}' (id: 2827) succeeded: {"id":"111488643757260"}
08-04 11:18:13.146  2581  2706 I OVRPlatform: [RequestStopwatch] HttpRequestAsync (me?fields=current_party{id,leader{id},join_policy,users{id,alias,can_viewer_message,display_name,profile_url,profile_url_small,presence,presence_status,presence_app{id,package_name},presence_deeplink_joinable,presence_deeplink_message,presence_destination_api_name,presence_scoped_user_id,avatar_v2{avatar_image{uri}}},invited_users{id,alias,can_viewer_message,display_name,profile_url,profile_url_small,presence,presence_status,presence_app{id,package_name},avatar_v2{avatar_image{uri}}}}) took 315.3140 milliseconds
08-04 11:18:13.147  2581  2636 I [OAO] PanelAppHost: Resize layer tabletNav to size 216 x 340 shape:1 stereo:0
08-04 11:18:13.147  2581  2636 I [OAO] PanelRenderLayer: ResetSurface 216 x 340 - shape:1 stereo:0
08-04 11:18:13.160  2581  2636 I [OAO] PanelRenderLayer: Using layerTransform 2. layerWidth:216 , layerHeight:340
08-04 11:18:13.160  2581  2636 I [OAO] PanelAppHost: Resize layer tabletContent to size 552 x 340 shape:1 stereo:0
08-04 11:18:13.160  2581  2636 I [OAO] PanelRenderLayer: ResetSurface 552 x 340 - shape:1 stereo:0
08-04 11:18:13.162  2261  2280 I art     : Background sticky concurrent mark sweep GC freed 7115(794KB) AllocSpace objects, 1(20KB) LOS objects, 19% free, 3MB/4MB, paused 19.399ms total 45.481ms
08-04 11:18:13.168  2581  2636 I [OAO] PanelRenderLayer: Using layerTransform 2. layerWidth:552 , layerHeight:340
08-04 11:18:13.182  1989  1989 I AndroidPanelApp: Processing next frame action "layerShow" for layer "#main"
08-04 11:18:13.182  1989  1989 I AndroidPanelApp: nextFrameAction(layerShow, #main)
08-04 11:18:13.182  1989  1989 I AndroidPanelApp: layerShow acknowledged for #main
08-04 11:18:13.182  1989  1989 I AndroidPanelApp: tryShowLayer(#main)
08-04 11:18:13.182  1989  1989 I AndroidPanelLayer: Showing layer #main
08-04 11:18:13.182  2581  2636 I [OAO] PartyManager: Party Response Parse Time: 0.12099ms
08-04 11:18:13.193  1989  1989 I AndroidPanelLayer: Unhiding layer #main
08-04 11:18:13.197  1109  1158 I DisplayManagerService: Display device changed state: "com.oculus.android_panel_app.AndroidPanelLayer-#main", ON
08-04 11:18:13.220  1989  1989 I AndroidPanelApp: Processing next frame action "layerShow" for layer "tablet"
08-04 11:18:13.220  1989  1989 I AndroidPanelApp: nextFrameAction(layerShow, tablet)
08-04 11:18:13.220  1989  1989 I AndroidPanelApp: layerShow acknowledged for tablet
08-04 11:18:13.220  1989  1989 I AndroidPanelApp: tryShowLayer(tablet)
08-04 11:18:13.220  1989  1989 I AndroidPanelLayer: Showing layer tablet
08-04 11:18:13.222  1989  1989 I AndroidPanelLayer: Unhiding layer tablet
08-04 11:18:13.223  2261 18023 I LibraryStorage: Successfully saved 45 entitlements. Total entitlements: 45. Notifying: 3
08-04 11:18:13.223  2261 18023 I LibraryStorage: notifying: content://com.oculus.ocms.library/apps
08-04 11:18:13.224  2261  2379 W LibraryProvider: Cannot find entitlement for com.oculus.vrshell.home
08-04 11:18:13.227  1872 17608 W OVRLibrary: null cursor received for query content://com.oculus.ocms.library/apps/com.oculus.vrshell.home
08-04 11:18:13.229  1109  1158 I DisplayManagerService: Display device changed state: "com.oculus.android_panel_app.AndroidPanelLayer-tablet", ON
08-04 11:18:13.236  1989  1989 I AndroidPanelApp: Processing next frame action "layerShow" for layer "tabletNav"
08-04 11:18:13.236  1989  1989 I AndroidPanelApp: nextFrameAction(layerShow, tabletNav)
08-04 11:18:13.236  1989  1989 I AndroidPanelApp: layerShow acknowledged for tabletNav
08-04 11:18:13.236  1989  1989 I AndroidPanelApp: tryShowLayer(tabletNav)
08-04 11:18:13.236  1989  1989 I AndroidPanelLayer: Showing layer tabletNav
08-04 11:18:13.247  1989  1989 I AndroidPanelLayer: Unhiding layer tabletNav
08-04 11:18:13.251  1109  1158 I DisplayManagerService: Display device changed state: "com.oculus.android_panel_app.AndroidPanelLayer-tabletNav", ON
08-04 11:18:13.256  2581  2636 I [OAO] PanelAppAnalytics: First frame latency: 0.663 for id 3 com.oculus.systemux/com.oculus.panelapp.anytimeui.AnytimeUIAndroidPanelService
08-04 11:18:13.261  1989  1989 I AndroidPanelApp: Processing next frame action "layerShow" for layer "tabletContent"
08-04 11:18:13.261  1989  1989 I AndroidPanelApp: nextFrameAction(layerShow, tabletContent)
08-04 11:18:13.261  1989  1989 I AndroidPanelApp: layerShow acknowledged for tabletContent
08-04 11:18:13.261  1989  1989 I AndroidPanelApp: tryShowLayer(tabletContent)
08-04 11:18:13.261  1989  1989 I AndroidPanelLayer: Showing layer tabletContent
08-04 11:18:13.273  1109  1158 I DisplayManagerService: Display device changed state: "com.oculus.android_panel_app.AndroidPanelLayer-tabletContent", ON
08-04 11:18:13.274  1989  1989 I AndroidPanelLayer: Unhiding layer tabletContent
08-04 11:18:13.281  1989  1989 I [SUI] AnytimeUIAndroidPanelAppBase: updateBrightness - 255
08-04 11:18:13.281  1989  1989 I [SUI] AnytimeUIAndroidPanelAppBase: updateDoNotDisturbMode - false
08-04 11:18:13.282  1989  1989 I [SUI] AnytimeUIAndroidPanelAppBase: updateDoNotDisturbMode - false
08-04 11:18:13.290  1872  1872 I PlatformPluginManager: onAppStart com.beatgames.beatsaber false
08-04 11:18:13.290  1872  1872 I PartyStateManager: onAppStart - Stopping party chat passthrough
08-04 11:18:13.290  1872  1872 I PlatformPlugin: [PlatformPluginManager] SetSystemVoipPassthrough 0
08-04 11:18:13.291  1872  1872 I OVRPlatform: [PartyChatWebRTC] PartyChatSetPassthrough 0
08-04 11:18:13.291  1872 17921 I OVRPlatform: [PartyChatWebRTC] Updating playback mode to 1
08-04 11:18:13.291  1872  1872 I OVRPlatform: [PartiesAPI] ovr_Party_PluginGetSharedMemHandle: This function is deprecated, do not use
08-04 11:18:13.292  1872  1872 E OVRMediaServiceManager: LivestreamingManager Not initialized
08-04 11:18:13.299 17483 17483 W art     : Attempt to remove non-JNI local reference, dumping thread
08-04 11:18:13.306  1872  1872 I PartyStateManager: enforcePartyChatStateConsistency - got current party response: Party is null
08-04 11:18:13.306  1872  1872 I PartyStateManager: enforcePartyChatStateConsistency - User not in a party.
08-04 11:18:13.306  1872  1872 I PlatformPlugin: [PlatformPluginManager] Stopping party chat
08-04 11:18:13.306  1872  1872 I OVRPlatform: [PartyChatInterchangeable] Stop PartyChat.
08-04 11:18:13.307  1872  1872 I OVRMediaService: onStartCommand Received message type: set_package_name, caller package: no_app_identity
08-04 11:18:13.307  1872  1872 I OVRMediaService: Got package name intent (com.beatgames.beatsaber)
08-04 11:18:13.326  2261  2379 E Security-LocalReporter: UID '10046' is shared by multiple packages: [com.oculus.home, com.oculus.horizon]
08-04 11:18:13.358  2327  2383 I GuardianSystem: UpdateGuardianSystemState: Flags changed: 532480, 524288
08-04 11:18:13.376  2261  2379 I LibraryProvider: running queryApp(com.beatgames.beatsaber) for com.oculus.uid:10046
08-04 11:18:13.391  1872  1872 I OVRMediaServiceManager: Sending onAppStart (com.beatgames.beatsaber) to PlatformPluginManager
08-04 11:18:13.432  2261  2350 E Security-LocalReporter: UID '10046' is shared by multiple packages: [com.oculus.home, com.oculus.horizon]
08-04 11:18:13.453  2261  2350 I LibraryProvider: running queryApp(com.beatgames.beatsaber) for com.oculus.uid:10046
08-04 11:18:13.468  1989  1989 I AndroidPanelApp: Turning on layer visibility for layer #main.
08-04 11:18:13.468  1989  1989 I AndroidPanelApp: Turning on layer visibility for layer tablet.
08-04 11:18:13.471  1872  1872 I PlatformPluginManager: onAppStart com.beatgames.beatsaber false
08-04 11:18:13.472  1872  1872 I PartyStateManager: onAppStart - Stopping party chat passthrough
08-04 11:18:13.472  1872  1872 I PlatformPlugin: [PlatformPluginManager] SetSystemVoipPassthrough 0
08-04 11:18:13.472  1872  1872 I OVRPlatform: [PartyChatWebRTC] PartyChatSetPassthrough 0
08-04 11:18:13.472  1872 17921 I OVRPlatform: [PartyChatWebRTC] Updating playback mode to 1
08-04 11:18:13.473  1872  1872 I OVRPlatform: [PartiesAPI] ovr_Party_PluginGetSharedMemHandle: This function is deprecated, do not use
08-04 11:18:13.477 17483 17483 W art     : Attempt to remove non-JNI local reference, dumping thread
08-04 11:18:13.477  1872  1872 E OVRMediaServiceManager: LivestreamingManager Not initialized
08-04 11:18:13.477  1989  1989 I AndroidPanelApp: Turning on layer visibility for layer tabletNav.
08-04 11:18:13.478  1872  1872 I PartyStateManager: enforcePartyChatStateConsistency - got current party response: Party is null
08-04 11:18:13.478  1872  1872 I PartyStateManager: enforcePartyChatStateConsistency - User not in a party.
08-04 11:18:13.478  1872  1872 I PlatformPlugin: [PlatformPluginManager] Stopping party chat
08-04 11:18:13.478  1872  1872 I OVRPlatform: [PartyChatInterchangeable] Stop PartyChat.
08-04 11:18:13.478  1989  1989 I AndroidPanelApp: Turning on layer visibility for layer tabletContent.
08-04 11:18:13.479  1989 17038 D [SUI] ThreadExecutor: Executing com.oculus.panelapp.anytimeui.-$$Lambda$AnytimeUIAndroidPanelAppBase$zJsBYZQ1YWHLGWqLN2732mt3Ldo@a4572ca
08-04 11:18:13.523  1989  1989 D [SUI] SocialViewModel: loadFriends() - Fetched friends, latency: 441ms count:3
08-04 11:18:13.523  1989  1989 D [SUI] SocialViewModel: setFriends(), count: 3
08-04 11:18:13.542  1989  1989 D [SUI] SocialViewModel: Fetched party: null 
08-04 11:18:13.542  1989  1989 D [SUI] SocialViewModel: setParty() - no change
08-04 11:18:13.559  2581  2636 I [OAO] PanelAppHost: Setting panel layer visibility of layer "#main" to visible
08-04 11:18:13.560  2581  2636 I [OAO] PanelAppHost: Setting panel layer visibility of layer "tablet" to visible
08-04 11:18:13.561  2581  2636 I [OAO] PanelAppHost: Setting panel layer visibility of layer "tabletNav" to visible
08-04 11:18:13.561  2581  2636 I [OAO] PanelAppHost: Setting panel layer visibility of layer "tabletContent" to visible
08-04 11:18:13.575  1872  1872 I PartyStateManager: enforcePartyChatStateConsistency - got current party response: Party is null
08-04 11:18:13.576  1872  1872 I PartyStateManager: enforcePartyChatStateConsistency - User not in a party.
08-04 11:18:13.576  1872  1872 I PlatformPlugin: [PlatformPluginManager] Stopping party chat
08-04 11:18:13.576  1872  1872 I OVRPlatform: [PartyChatInterchangeable] Stop PartyChat.
08-04 11:18:13.764   730 17941 I [CT]    : VIPER: Status=6DoF,TRACKING,KF=63,Inl=165,Pts=280,Jit=0.6mm,Issues(Cam/min=53.6,IMU/min=0.0),Exp=(3.7ms,g=3.0,I=85)(2.0ms,g=1.0,I=75)(3.7ms,g=3.0,I=70)(2.7ms,g=2.0,I=78)
08-04 11:18:13.772   730 17937 D TrackingService: [HANDTRACKING] Controller 35cb23a045486c4a in hand: N, valid: Y
08-04 11:18:13.781  1989  1989 D [SUI] SocialViewModel: loadSocialViewerInfo() - Fetched social viewer info, latency: 699ms
08-04 11:18:13.837  1872  1885 I art     : Background partial concurrent mark sweep GC freed 33034(2MB) AllocSpace objects, 8(156KB) LOS objects, 40% free, 3MB/6MB, paused 5.677ms total 68.381ms
08-04 11:18:13.854   730 17886 I [CT]    : boltlib: DSP utilization(%): 9
08-04 11:18:13.865   730 17941 I [CT]    : VIPER:MAP_MANAGER: State: TRACKING_PERSISTENT, UUID=107e6b8b-dd36-4b5a-9bd0-7132b7e170ef, Num. Persistent maps = 5,  Persistent maps:107e6b8b-dd36-4b5a-9bd0-7132b7e170ef,260d12eb-bc0e-4355-9d37-75d4f6188743,213a6ee6-15d8-4781-9a64-cb2f55bf1779,, Ser. Disabled = 00000000-0000-0000-0000-000000000000
08-04 11:18:13.911  1989  1989 D [SUI] DiskCache: Read cached file from cache at /data/user/0/com.oculus.systemux/cache/image_cache/1120875183
08-04 11:18:13.917  1989  1989 D [SUI] UiThreadExecutor: Executing sync: com.oculus.panelapp.anytimeui.utils.-$$Lambda$ImageLoader$ydItDFYkuwEvnnZsGfoYjwQcW-M@939af58
08-04 11:18:14.037  1872  2793 I VRLifecycleSessionManager: Stored session info.
08-04 11:18:14.145  1872 18039 I FbnsPushNotificationHandler: {"persisted_id":"","ndid":"5ac10271de7b8G6565f901f4ccG5ac1070b3ea8aG1fc0","extra_data":"{\"user_with_updated_status\":\"111488643757260\",\"presence\":\"Beat Saber | Quest\",\"app_id\":2448060205267927,\"friend_display_name\":\"Drew McKay\"}","PushNotifID":"907bde51-f9fc-49ea-955d-3ab327e66a57"}
08-04 11:18:14.146  1872 18039 I NotificationReceiver: oculus_user_status
08-04 11:18:14.153  1872 18039 I NotificationReceiver: Notification cannot be toasted without a message. Hiding notif
08-04 11:18:14.233   730 17941 I [CT]    : HealthReport: ==================================================
08-04 11:18:14.233   730 17941 I [CT]    : HealthReport: Health Report
08-04 11:18:14.233   730 17941 I [CT]    : HealthReport: -------------
08-04 11:18:14.233   730 17941 I [CT]    : HealthReport: 
08-04 11:18:14.233   730 17941 I [CT]    : HealthReport: Reporter #1 (InsideOutHealthMonitor) summary:
08-04 11:18:14.233   730 17941 I [CT]    : HealthReport: Camera: Dropped Percentage(57.142238) > Threshold(5.000000)! (FAIL)
08-04 11:18:14.233   730 17941 I [CT]    : HealthReport: Camera: Total Dropped: 59.999350, Total Frame Count: 105 (57.142238%), Camera Reset Count: 0
08-04 11:18:14.233   730 17941 I [CT]    : HealthReport: Camera: Total Single Camera Frame Dropped: 0, Total Frame Count: 105 (0.000000%)
08-04 11:18:14.233   730 17941 I [CT]    : HealthReport: IMU: Total Dropped: 0.000000, Total Sample Count: 6303 (0.000000%)
08-04 11:18:14.233   730 17941 I [CT]    : HealthReport: Magnetometer: Total Dropped: 0.000000, Total Sample Count: 190 (0.000000%)
08-04 11:18:14.233   730 17941 I [CT]    : HealthReport: 
08-04 11:18:14.233   730 17941 I [CT]    : HealthReport: Reporter #1 (InsideOutHealthMonitor) Failed
08-04 11:18:14.233   730 17941 I [CT]    : HealthReport: --------------------------------------------------
08-04 11:18:14.233   730 17941 I [CT]    : HealthReport: Reporter #2 (ConstellationHealthMonitor) summary:
08-04 11:18:14.233   730 17941 I [CT]    : HealthReport: Camera: Total Dropped: 0.0, Total Frame Count: 183 (0.0%), Camera Reset Count: 1
08-04 11:18:14.233   730 17941 I [CT]    : HealthReport: Camera: Total Single Camera Frame Dropped: 0, Total Frame Count: 183 (0.0%)
08-04 11:18:14.233   730 17941 I [CT]    : HealthReport: Controller 13777391781523839275:
08-04 11:18:14.233   730 17941 I [CT]    : HealthReport: IMU: Capture period since last report exceeded threshold. Largest period: 1.572447s (WARNING)
08-04 11:18:14.233   730 17941 I [CT]    : HealthReport: Controllers may have been sleeping
08-04 11:18:14.233   730 17941 I [CT]    : HealthReport: IMU: Largest capture period since start of tracking session: 1.572447s
08-04 11:18:14.233   730 17941 I [CT]    : HealthReport: IMU: Total Dropped: 0.0, Total Sample Count: 2434.5755 (0.0%)
08-04 11:18:14.233   730 17941 I [CT]    : HealthReport: Controller 3876231075546557514:
08-04 11:18:14.233   730 17941 I [CT]    : HealthReport: IMU: Capture period since last report exceeded threshold. Largest period: 1.60436s (WARNING)
08-04 11:18:14.233   730 17941 I [CT]    : HealthReport: Controllers may have been sleeping
08-04 11:18:14.233   730 17941 I [CT]    : HealthReport: IMU: Largest capture period since start of tracking session: 1.60436s
08-04 11:18:14.233   730 17941 I [CT]    : HealthReport: IMU: Total Dropped: 0.0, Total Sample Count: 2418.8225 (0.0%)
08-04 11:18:14.233   730 17941 I [CT]    : HealthReport: 
08-04 11:18:14.233   730 17941 I [CT]    : HealthReport: Reporter #2 (ConstellationHealthMonitor) Has Warnings
08-04 11:18:14.233   730 17941 I [CT]    : HealthReport: --------------------------------------------------
08-04 11:18:14.233   730 17941 I [CT]    : HealthReport: 
08-04 11:18:14.233   730 17941 I [CT]    : HealthReport: 
08-04 11:18:14.233   730 17941 I [CT]    : HealthReport: Failures Reported =(
08-04 11:18:14.233   730 17941 I [CT]    : HealthReport: ==================================================
08-04 11:18:14.343 17483 18035 I Telemetry: App memory usage: PSS=703MB DalvikPSS=1 MB
08-04 11:18:14.348 17483 18035 I VrApi   : FPS=57,Prd=45ms,Tear=1,Early=24,Stale=45,VSnc=1,Lat=1,Fov=0,CPU4/GPU=4/4,2304/670MHz,OC=FF,TA=0/0/0,SP=N/N/N,Mem=1804MHz,Free=1263MB,PSM=0,PLS=0,Temp=27.0C/0.0C,TW=2.03ms,App=8.36ms,GD=0.62ms,CPU&GPU=10.02ms,LCnt=1,GPU%=0.33,CPU%=0.32(W0.38),DSF=1.00
08-04 11:18:14.422  1529 18040 W ContextImpl: Calling a method in the system process without a qualified user: android.app.ContextImpl.sendBroadcast:877 android.content.ContextWrapper.sendBroadcast:421 com.facebook.analytics2.logger.UploadServiceBus.signalJobRan:60 com.facebook.analytics2.logger.UploadJobHandler.exitStateMachine:268 com.facebook.analytics2.logger.UploadJobHandler.handleMessage:98 
08-04 11:18:14.439  1529  2096 I UploadManager: Scheduling jobbId 2131165248 within interval (900000, 2700000)
08-04 11:18:14.558  1872  1872 I MeManager: Refreshing user data now
08-04 11:18:15.033 17483 18035 I VrApi   : FPS=73,Prd=45ms,Tear=1,Early=26,Stale=40,VSnc=1,Lat=1,Fov=0,CPU4/GPU=4/4,2304/670MHz,OC=FF,TA=0/0/0,SP=N/N/N,Mem=1804MHz,Free=1266MB,PSM=0,PLS=0,Temp=27.0C/0.0C,TW=1.67ms,App=7.79ms,GD=0.00ms,CPU&GPU=11.10ms,LCnt=1,GPU%=0.62,CPU%=0.27(W0.29),DSF=1.00
08-04 11:18:15.173   708   810 D GatekeeperNativeService: Using value 0 for gk oculus_mobile_multi_user_enabled, user=0
08-04 11:18:15.174  1872  1872 I UserManagerUpdaterServiceStarter: Multi-user not enabled, bailing out
08-04 11:18:15.174  1872  1872 I MeManager: Successfully refreshed user data
08-04 11:18:15.600  2581  2636 I [OAO] FlowController: UpdateActiveFlow from OverlaySystemUXTransitionFlow to (none)
08-04 11:18:15.601  2581  2636 I [OAO] OverlaySystemUXTransitionFlow: Deactivated
08-04 11:18:15.651  2581  2636 I [OAO] ShellOverlayApp: VrThread entering waiting state
08-04 11:18:15.694  1920  1920 D [OAR] LowStorageNotificationScheduler: Storage Checks: Internal Free (19724664832)
08-04 11:18:16.029 17483 18035 I VrApi   : FPS=72,Prd=45ms,Tear=0,Early=71,Stale=0,VSnc=1,Lat=1,Fov=0,CPU4/GPU=4/4,2304/670MHz,OC=FF,TA=0/0/0,SP=N/N/N,Mem=1804MHz,Free=1266MB,PSM=0,PLS=0,Temp=27.0C/0.0C,TW=1.65ms,App=7.55ms,GD=0.00ms,CPU&GPU=10.51ms,LCnt=1,GPU%=0.63,CPU%=0.24(W0.27),DSF=1.00
08-04 11:18:16.584 17483 17527 I TrackingServiceClient: setting complex haptics, but not yet connected to socket, open connection...
08-04 11:18:16.584   730   835 I TrackingService: virtual android::binder::Status OVR::OS::Tracking::TrackingService::getTrackingSocketFileDescriptor(android::os::ParcelFileDescriptor *)
08-04 11:18:16.584   730   835 D TrackingService: haptic socket already exists
08-04 11:18:16.766   730 17941 I [CT]    : VIPER: Status=6DoF,TRACKING,KF=62,Inl=220,Pts=251,Jit=1.2mm,Issues(Cam/min=34.9,IMU/min=0.0),Exp=(4.9ms,g=2.0,I=83)(1.9ms,g=1.0,I=74)(4.9ms,g=2.0,I=64)(2.6ms,g=2.0,I=75)
08-04 11:18:16.867   730 17941 I [CT]    : VIPER:MAP_MANAGER: State: TRACKING_PERSISTENT, UUID=107e6b8b-dd36-4b5a-9bd0-7132b7e170ef, Num. Persistent maps = 5,  Persistent maps:107e6b8b-dd36-4b5a-9bd0-7132b7e170ef,260d12eb-bc0e-4355-9d37-75d4f6188743,213a6ee6-15d8-4781-9a64-cb2f55bf1779,, Ser. Disabled = 00000000-0000-0000-0000-000000000000
08-04 11:18:17.032 17483 18035 I VrApi   : FPS=72,Prd=45ms,Tear=0,Early=72,Stale=0,VSnc=1,Lat=1,Fov=0,CPU4/GPU=4/4,2304/670MHz,OC=FF,TA=0/0/0,SP=N/N/N,Mem=1804MHz,Free=1262MB,PSM=0,PLS=0,Temp=27.0C/0.0C,TW=1.60ms,App=7.89ms,GD=0.00ms,CPU&GPU=10.54ms,LCnt=1,GPU%=0.64,CPU%=0.20(W0.27),DSF=1.00
08-04 11:18:17.668 17483 17500 I QuestSounds|v0.1.0: Scene found: EmptyTransition
08-04 11:18:17.796   730 17937 I [CT]    : CONSTELLATION:IMU_STATUS: bf3320d45d1d592b: [FusionTracked=0.713, OutputTracked=0.713, OutputValid=0.713] [AccelSat=0.000, GyroSat=0.000] 
08-04 11:18:17.799   730 17937 I [CT]    : CONSTELLATION:IMU_STATUS: 35cb23a045486c4a: [FusionTracked=0.716, OutputTracked=0.012, OutputValid=0.716] [AccelSat=0.000, GyroSat=0.000] 
08-04 11:18:17.842   730 17940 I [CT]    : CONSTELLATION:VISION_STATUS: bf3320d45d1d592b: Matching:[MatchSuccess=1.000, MatchCost=(0.00196, 0.00000), #MatchedBlobs=(12.82, 1.99), #MatchedLeds=(6.99, 0.54), RematchM=0.011] MatchMethod:[Prox=0.984, ConstBrute=0.016, UnconstBrute=0.000] MatchResets[AnomBlobSize=0.000, SharedMatch=0.000, DenseReacq=0.000] | Fusion:[FusionError=0.000, ImuFromCamMs=(11.672, 4.735), RematchF=0.000] FusionUpdates:[Successful=0.951, Reliable=0.945, TightFusion=0.945, FullPose=0.000, StaticPrior=0.049, StaticForHandTrans=0.055, PoseUpdateMD=(0.0000, 0.0000)] FusionResets[6DoFReset=0.005, ResetSuccess=0.005] FusionStatus[HasPosition=1.000, HasVelocity=0.995] 
08-04 11:18:17.842   730 17940 I [CT]    : CONSTELLATION:VISION_STATUS: 35cb23a045486c4a: Matching:[MatchSuccess=1.000, MatchCost=(0.00097, 0.00000), #MatchedBlobs=(9.16, 1.11), #MatchedLeds=(5.18, 0.17), RematchM=0.005] MatchMethod:[Prox=0.984, ConstBrute=0.016, UnconstBrute=0.000] MatchResets[AnomBlobSize=0.000, SharedMatch=0.000, DenseReacq=0.000] | Fusion:[FusionError=0.000, ImuFromCamMs=(12.080, 4.029), RematchF=0.000] FusionUpdates:[Successful=0.005, Reliable=0.000, TightFusion=0.000, FullPose=0.000, StaticPrior=0.995, StaticForHandTrans=1.000, PoseUpdateMD=(0.0000, 0.0000)] FusionResets[6DoFReset=0.005, ResetSuccess=0.005] FusionStatus[HasPosition=1.000, HasVelocity=0.995] 
08-04 11:18:17.946   730 17937 I [CT]    : L:Behavior:AtRest: deactivated
08-04 11:18:17.946   730 17937 I [CT]    : AdHocPatch: [Left] t = 10.150s, behavior transition: AtRest -> None
08-04 11:18:17.964   730 17937 I [CT]    : R:Behavior:AtRest: activated
08-04 11:18:17.964   730 17937 I [CT]    : AdHocPatch: [Left] t = 10.168s, behavior transition: None -> AtRest
08-04 11:18:18.029 17483 18035 I VrApi   : FPS=72,Prd=45ms,Tear=0,Early=72,Stale=0,VSnc=1,Lat=1,Fov=0,CPU4/GPU=4/4,2304/670MHz,OC=FF,TA=0/0/0,SP=N/N/N,Mem=1804MHz,Free=1266MB,PSM=0,PLS=0,Temp=27.0C/0.0C,TW=1.64ms,App=12.19ms,GD=0.00ms,CPU&GPU=11.04ms,LCnt=1,GPU%=0.70,CPU%=0.29(W0.33),DSF=1.00
08-04 11:18:18.794   730 17937 E [CT]    : TorsoModel: failed to update: hmd and/or controller in singular position
08-04 11:18:18.867 17483 17500 I QuestSounds|v0.1.0: Scene found: MenuViewControllers
08-04 11:18:18.970  2272 17964 I Clocks  : SetSchedFifo( tid=18036, pri=0 ) succeeded
08-04 11:18:18.971  2272 17964 I Clocks  : SetSchedFifo( tid=2651, pri=0 ) succeeded
08-04 11:18:18.989 17483 17500 I QuestSounds|v0.1.0: is it true: 0
08-04 11:18:19.007 17483 17574 I OVRPlatform: [CurlHttpClient] Executing HTTP request: https://graph.oculus.com//v1.20/me/achievements?app_version=106&fields=definition%7Bapi_name%7D%2Cbitfield_progress%2Ccount_progress%2Cis_unlocked%2Cunlock_time
08-04 11:18:19.030 17483 18035 I VrApi   : FPS=73,Prd=45ms,Tear=0,Early=33,Stale=0,VSnc=1,Lat=1,Fov=0,CPU4/GPU=4/4,2304/670MHz,OC=FF,TA=0/0/0,SP=N/N/N,Mem=1804MHz,Free=1225MB,PSM=0,PLS=0,Temp=27.0C/0.0C,TW=1.42ms,App=0.95ms,GD=0.00ms,CPU&GPU=9.18ms,LCnt=1,GPU%=0.20,CPU%=0.41(W0.55),DSF=1.00
08-04 11:18:19.039  2272 17964 I Clocks  : SetSchedFifo( tid=18036, pri=1 ) succeeded
08-04 11:18:19.041  2272 17964 I Clocks  : SetSchedFifo( tid=2651, pri=1 ) succeeded
08-04 11:18:19.061 17483 17572 I OVRPlatform: [RequestStopwatch] RichPresenceSetRequest took 0.5850 milliseconds
08-04 11:18:19.099  2261  2379 E Security-LocalReporter: UID '10046' is shared by multiple packages: [com.oculus.home, com.oculus.horizon]
08-04 11:18:19.131  2261  2379 I LibraryProvider: running queryApp(com.beatgames.beatsaber) for com.oculus.uid:10046
08-04 11:18:19.178  2272 17964 I Clocks  : SetSchedFifo( tid=18036, pri=0 ) succeeded
08-04 11:18:19.180  2272 17964 I Clocks  : SetSchedFifo( tid=2651, pri=0 ) succeeded
08-04 11:18:19.232   730 17941 I [CT]    : HealthReport: ==================================================
08-04 11:18:19.232   730 17941 I [CT]    : HealthReport: Health Report
08-04 11:18:19.232   730 17941 I [CT]    : HealthReport: -------------
08-04 11:18:19.232   730 17941 I [CT]    : HealthReport: 
08-04 11:18:19.232   730 17941 I [CT]    : HealthReport: Reporter #1 (InsideOutHealthMonitor) summary:
08-04 11:18:19.232   730 17941 I [CT]    : HealthReport: Camera: Dropped Percentage(23.529157) > Threshold(5.000000)! (FAIL)
08-04 11:18:19.232   730 17941 I [CT]    : HealthReport: Camera: Total Dropped: 59.999350, Total Frame Count: 255 (23.529157%), Camera Reset Count: 0
08-04 11:18:19.232   730 17941 I [CT]    : HealthReport: Camera: Total Single Camera Frame Dropped: 0, Total Frame Count: 255 (0.000000%)
08-04 11:18:19.232   730 17941 I [CT]    : HealthReport: IMU: Total Dropped: 0.000000, Total Sample Count: 11301 (0.000000%)
08-04 11:18:19.232   730 17941 I [CT]    : HealthReport: Magnetometer: Total Dropped: 0.000000, Total Sample Count: 339 (0.000000%)
08-04 11:18:19.232   730 17941 I [CT]    : HealthReport: 
08-04 11:18:19.232   730 17941 I [CT]    : HealthReport: Reporter #1 (InsideOutHealthMonitor) Failed
08-04 11:18:19.232   730 17941 I [CT]    : HealthReport: --------------------------------------------------
08-04 11:18:19.232   730 17941 I [CT]    : HealthReport: Reporter #2 (ConstellationHealthMonitor) summary:
08-04 11:18:19.232   730 17941 I [CT]    : HealthReport: Camera: Total Dropped: 0.0, Total Frame Count: 333 (0.0%), Camera Reset Count: 1
08-04 11:18:19.232   730 17941 I [CT]    : HealthReport: Camera: Total Single Camera Frame Dropped: 0, Total Frame Count: 333 (0.0%)
08-04 11:18:19.232   730 17941 I [CT]    : HealthReport: Controller 13777391781523839275:
08-04 11:18:19.232   730 17941 I [CT]    : HealthReport: IMU: Largest capture period since start of tracking session: 1.572447s
08-04 11:18:19.232   730 17941 I [CT]    : HealthReport: IMU: Total Dropped: 0.0, Total Sample Count: 4934.097 (0.0%)
08-04 11:18:19.232   730 17941 I [CT]    : HealthReport: Controller 3876231075546557514:
08-04 11:18:19.232   730 17941 I [CT]    : HealthReport: IMU: Largest capture period since start of tracking session: 1.60436s
08-04 11:18:19.232   730 17941 I [CT]    : HealthReport: IMU: Total Dropped: 0.0, Total Sample Count: 4917.585999999999 (0.0%)
08-04 11:18:19.232   730 17941 I [CT]    : HealthReport: 
08-04 11:18:19.232   730 17941 I [CT]    : HealthReport: Reporter #2 (ConstellationHealthMonitor) Passed
08-04 11:18:19.232   730 17941 I [CT]    : HealthReport: --------------------------------------------------
08-04 11:18:19.232   730 17941 I [CT]    : HealthReport: 
08-04 11:18:19.232   730 17941 I [CT]    : HealthReport: 
08-04 11:18:19.232   730 17941 I [CT]    : HealthReport: Failures Reported =(
08-04 11:18:19.232   730 17941 I [CT]    : HealthReport: ==================================================
08-04 11:18:19.262  2272 17964 I Clocks  : SetSchedFifo( tid=18036, pri=1 ) succeeded
08-04 11:18:19.264  2272 17964 I Clocks  : SetSchedFifo( tid=2651, pri=1 ) succeeded
08-04 11:18:19.468 17483 17497 D OVRPlatformResultListener: Code: -1 Result: 
08-04 11:18:19.468 17483 17483 I OVRPlatform: [QueueAsyncResponseHandler] success: 
