08-04 11:18:12.593  2581  2636 I [OAO] Gatekeepers: Not passing to SystemUX GK oculus_vrshell_managed_launcher:false
08-04 11:18:12.593  2581  2636 I [OAO] Gatekeepers: Passing to SystemUX GK oculus_mobile_auiv2_android_library:true
08-04 11:18:12.593  2581  2636 I [OAO] Gatekeepers: Passing to SystemUX GK oculus_mobile_hand_tracking_ga:true
08-04 11:18:12.593  2581  2636 I [OAO] Gatekeepers: Not passing to SystemUX GK oculus_notifications_vr_feed_categories:false
08-04 11:18:12.593  2581  2636 I [OAO] Gatekeepers: Not passing to SystemUX GK oculus_video_use_exoplayer_fast_seek:true - Not registered
08-04 11:18:12.593  2581  2636 I [OAO] Gatekeepers: Not passing to SystemUX GK oculus_monterey_master_lkg_ota:false
08-04 11:18:12.593  2581  2636 I [OAO] Gatekeepers: Not passing to SystemUX GK oculus_quest_dogfooding_update:false
08-04 11:18:12.593  2581  2636 I [OAO] Gatekeepers: Passing to SystemUX GK oculus_vrshell_anytimeui_v2_show_pymks:true
08-04 11:18:12.593  2581  2636 I [OAO] Gatekeepers: Not passing to SystemUX GK oculus_vrshell_keyboard_remote_input:false
08-04 11:18:12.593  2581  2636 I [OAO] Gatekeepers: Not passing to SystemUX GK oculus_mobile_auiv2_store_op_group_3:false
08-04 11:18:12.593  2581  2636 I [OAO] Gatekeepers: Not passing to SystemUX GK oculus_vrshell_core_quest_retaildemo:false
08-04 11:18:12.593  2581  2636 I [OAO] Gatekeepers: Not passing to SystemUX GK oculus_vrshell_keyboard_typeahead_default_on:false
08-04 11:18:12.596  2581  2636 I [OAO] PanelAppHost: PanelAppHost( com.oculus.systemux/com.oculus.panelapp.anytimeui.AnytimeUIAndroidPanelService ) for PanelId 3
08-04 11:18:12.596  2581  2636 I [OAO] PanelAppHost: Panel app 3 (com.oculus.systemux/com.oculus.panelapp.anytimeui.AnytimeUIAndroidPanelService) changing state from startup to foreground
08-04 11:18:12.600  1989  1989 I AndroidPanelApp: destroyed
08-04 11:18:12.610  2272  2679 I VrRuntimeService: RuntimeServiceSDKServer::CreateSurfaceSwapChain: 2323645681
08-04 11:18:12.611  2272  2679 I VrRuntimeServer: CreateAndroidSurfaceSwapChain: result surface 0x7f92333000
08-04 11:18:12.613  1989  1989 I AndroidPanelLayer: Destroying presentation for layer "#main".
08-04 11:18:12.613  2272  2679 I VrRuntimeService: RuntimeServiceSDKServer::CreateSurfaceSwapChain: 2323645681
08-04 11:18:12.614  2272  2679 I VrRuntimeServer: CreateAndroidSurfaceSwapChain: result surface 0x7f927d7000
08-04 11:18:12.625  2272  2679 I VrRuntimeService: RuntimeServiceSDKServer::CreateSurfaceSwapChain: 2323645681
08-04 11:18:12.626  2272  2679 I VrRuntimeServer: CreateAndroidSurfaceSwapChain: result surface 0x7f927d8000
08-04 11:18:12.627  2261  2350 E Security-LocalReporter: UID '10046' is shared by multiple packages: [com.oculus.home, com.oculus.horizon]
08-04 11:18:12.628 17635 17670 I RCTVideo: RCTVideo delete texture
08-04 11:18:12.628 17635 17670 E libEGL  : call to OpenGL ES API with no current context (logged once per thread)
08-04 11:18:12.641  1872  1885 W art     : Suspending all threads took: 15.190ms
08-04 11:18:12.653  2581  2636 I [OAO] PanelAppHost: Passing env var _oc_device_type = 259
08-04 11:18:12.654  2581  2636 I [OAO] PanelAppHost: Passing env var _oc_analytics_session_id = fcdeb501-5193-4a60-b4b9-2d507f1476b3
08-04 11:18:12.654  2581  2636 I [OAO] PanelAppHost: Passing env var _oc_userid = 111488643757260
08-04 11:18:12.654  2581  2636 I [OAO] PanelAppHost: Passing env var _oc_enterprise_mode = false
08-04 11:18:12.654  2581  2636 I [OAO] PanelAppHost: Passing env var _oc_shell_version_name = 19.0.0.341.531
08-04 11:18:12.654  2581  2636 I [OAO] PanelAppHost: Passing env var _oc_shell_version_code = 231192412
08-04 11:18:12.654  2581  2636 I [OAO] PanelAppHost: Passing env var _oc_shell_permissions = permissionsGranted camera write_storage microphone
08-04 11:18:12.654  2581  2636 I [OAO] PanelAppHost: Passing env var _oc_shell_automation_enabled = false
08-04 11:18:12.654  2581  2636 I [OAO] PanelAppHost: Passing env var _oc_shell_view_id_debugging_enabled = false
08-04 11:18:12.654  2581  2636 I [OAO] PanelAppHost: Passing env var _oc_shell_pixel_density = 13
08-04 11:18:12.654  2581  2636 I [OAO] PanelAppHost: Passing env var _oc_shell_render_scale = 1.000000
08-04 11:18:12.655  2581  2636 I [OAO] PanelAppHost: Passing env var _oc_auiv2 = true
08-04 11:18:12.655  2581  2636 I [OAO] PanelAppHost: Passing env var _oc_shell_guardian_disabled = false
08-04 11:18:12.655  2581  2636 I [OAO] PanelAppHost: Passing env var _oc_shell_feature_sets = multi-layer-v1,mirror-avatar-v1,system-ux-routes-v1,deeplink-nav-v1,clock-levels-v1,layerTranslate-v1,layerScaleDensity-v1,layerScaleDensity-v2,multiapp-alpha-v1,multiapp-v1,multiapp-v2,recoverInstances-v1,webtasks-in-exclusive-mode
08-04 11:18:12.655  2581  2636 I [OAO] PanelAppHost: Passing env var _oc_launch_timestamp = 2732340
08-04 11:18:12.655  2581  2636 I [OAO] PanelAppHost: Passing env var _oc_gk:oculus_developer = true
08-04 11:18:12.656  2581  2636 I [OAO] PanelAppHost: Passing env var _oc_gk:oculus_mobile_pause_screenshot_enabled = true
08-04 11:18:12.656  2581  2636 I [OAO] PanelAppHost: Passing env var _oc_gk:oculus_vrshell_anytimeui_v2_social = true
08-04 11:18:12.656  2581  2636 I [OAO] PanelAppHost: Passing env var _oc_gk:oc_social_h1_2020_mobile_sharing_updates = true
08-04 11:18:12.656  2581  2636 I [OAO] PanelAppHost: Passing env var _oc_gk:oculus_mobile_pause_invite_enabled = true
08-04 11:18:12.658  2581  2636 I [OAO] PanelAppHost: Passing env var _oc_gk:oculus_party_joinable_calls = true
08-04 11:18:12.658  2581  2636 I [OAO] PanelAppHost: Passing env var _oc_gk:oculus_party_block_members = true
08-04 11:18:12.658  2581  2636 I [OAO] PanelAppHost: Passing env var _oc_gk:oculus_vrshell_core_tv_button = true
08-04 11:18:12.658  2581  2636 I [OAO] PanelAppHost: Passing env var _oc_gk:oculus_party_joinable_toggle_aui = true
08-04 11:18:12.659  2581  2636 I [OAO] PanelAppHost: Passing env var _oc_gk:oculus_messenger_quick_chat_dialog = true
08-04 11:18:12.659  2581  2636 I [OAO] PanelAppHost: Passing env var _oc_gk:oculus_profile_biography = true
08-04 11:18:12.659  2581  2636 I [OAO] PanelAppHost: Passing env var _oc_gk:oculus_vrshell_anytimeui_v2_profile = true
08-04 11:18:12.659  2581  2636 I [OAO] PanelAppHost: Passing env var _oc_gk:oculus_social_party_fb_upsell = true
08-04 11:18:12.659  2581  2636 I [OAO] PanelAppHost: Passing env var _oc_gk:oculus_auiv2_default_tablet_hidden = true
08-04 11:18:12.659  2581  2636 I [OAO] PanelAppHost: Passing env var _oc_gk:oculus_parties_message_button = true
08-04 11:18:12.659  2581  2636 I [OAO] PanelAppHost: Passing env var _oc_gk:oculus_parties_join_button = true
08-04 11:18:12.659  2581  2636 I [OAO] PanelAppHost: Passing env var _oc_gk:oculus_mobile_settings_release_process = true
08-04 11:18:12.659  2581  2636 I [OAO] PanelAppHost: Passing env var _oc_gk:oculus_mobile_pause_videoshot_enabled = true
08-04 11:18:12.664  2581  2636 I [OAO] PanelAppHost: Passing env var _oc_gk:oculus_quest_passthrough_ondemand = true
08-04 11:18:12.664  2581  2636 I [OAO] PanelAppHost: Passing env var _oc_gk:oculus_mobile_auiv2_feature_enabled = true
08-04 11:18:12.664  2581  2636 I [OAO] PanelAppHost: Passing env var _oc_gk:oculus_vrshell_anytimeui_chat_icon = true
08-04 11:18:12.664  2581  2636 I [OAO] PanelAppHost: Passing env var _oc_gk:assistant_on_oculus = true
08-04 11:18:12.664  2581  2636 I [OAO] PanelAppHost: Passing env var _oc_gk:oculus_mobile_auiv2_android_library = true
08-04 11:18:12.664  2581  2636 I [OAO] PanelAppHost: Passing env var _oc_gk:oculus_mobile_hand_tracking_ga = true
08-04 11:18:12.664  2581  2636 I [OAO] PanelAppHost: Passing env var _oc_gk:oculus_vrshell_anytimeui_v2_show_pymks = true
08-04 11:18:12.664  2581  2636 I [OAO] PanelAppHost: Passing env var _oc_gk:oculus_mobile_sysux_lightweight_releases = true
08-04 11:18:12.664  2581  2636 I [OAO] PanelAppHost: Passing env var _oc_gk:oculus_mobile_home_js_bundle = true
08-04 11:18:12.664  2581  2636 I [OAO] PanelAppHost: Passing env var _oc_ff:aui_v2 = true
08-04 11:18:12.664  2581  2636 I [OAO] PanelAppHost: Passing env var _oc_ff:aui_android_only_library = false
08-04 11:18:12.664  2581  2636 I [OAO] PanelAppHost: Passing env var _oc_ff:aui_react_only_library = false
08-04 11:18:12.664  2581  2636 I [OAO] PanelAppHost: Passing env var _oc_shell_host = minimal_overlay
08-04 11:18:12.664  2581  2636 I [OAO] PanelAppHost: Passing env var _oc_shell_panel_id = 2
08-04 11:18:12.664  1529  2092 I UploadManager: Scheduling jobbId 2131165248 within interval (0, 1800000)
08-04 11:18:12.668  2581  2636 I [OAO] PanelAppHost: Calling sendPanelLaunchIntent for panel app com.oculus.systemux/com.oculus.panelapp.anytimeui.AnytimeUIAndroidPanelService
08-04 11:18:12.669  2581  2636 D [OAR] ShellApplication: sendApkPanelLaunchIntent: packageName=com.oculus.systemux, serviceClassName=com.oculus.panelapp.anytimeui.AnytimeUIAndroidPanelService
08-04 11:18:12.681  2581  2636 D [OAR] PanelServiceConnection: getSystemProcessUidForCurrentUser: 'android' systemUid = 1000
08-04 11:18:12.681  2581  2636 D [OAR] ShellApplication: bindService Intent { cmp=com.oculus.systemux/com.oculus.panelapp.anytimeui.AnytimeUIAndroidPanelService }
08-04 11:18:12.690  1109  1634 I DisplayManagerService: Display device removed: DisplayDeviceInfo{"com.oculus.android_panel_app.AndroidPanelLayer-#main": uniqueId="virtual:com.oculus.systemux,10025,com.oculus.android_panel_app.AndroidPanelLayer-#main,0", 774 x 124, modeId 26, defaultModeId 26, supportedModes [{id=26, width=774, height=124, fps=60.0}], colorMode 0, supportedColorModes [0], HdrCapabilities null, density 160, 160.0 x 160.0 dpi, appVsyncOff 0, presDeadline 16666666, touch NONE, rotation 0, type VIRTUAL, state ON, owner com.oculus.systemux (uid 10025), FLAG_PRIVATE, FLAG_NEVER_BLANK, FLAG_OWN_CONTENT_ONLY}
08-04 11:18:12.691  1989  1989 I AndroidPanelLayer: Destroying presentation for layer "tabletNav".
08-04 11:18:12.694  1872  1885 I art     : Background sticky concurrent mark sweep GC freed 10124(1145KB) AllocSpace objects, 8(180KB) LOS objects, 23% free, 4MB/6MB, paused 22.587ms total 188.813ms
08-04 11:18:12.699  2272  3075 E BufferQueueProducer: [SurfaceTexture-63-2272-17] dequeueBuffer: BufferQueue has been abandoned
08-04 11:18:12.699   554   554 I Adreno  : DequeueBuffer: dequeueBuffer failed
08-04 11:18:12.700   554   554 E DisplayDevice: eglSwapBuffers(0x1, 0x7f81766440) failed with 0x0000300d
08-04 11:18:12.701  2272 17545 E BufferQueueProducer: [SurfaceTexture-65-2272-19] dequeueBuffer: BufferQueue has been abandoned
08-04 11:18:12.701   554   554 I Adreno  : DequeueBuffer: dequeueBuffer failed
08-04 11:18:12.702   554   554 E DisplayDevice: eglSwapBuffers(0x1, 0x7f81766680) failed with 0x0000300d
08-04 11:18:12.702  2272  2301 E BufferQueueProducer: [SurfaceTexture-64-2272-18] dequeueBuffer: BufferQueue has been abandoned
08-04 11:18:12.702   554   554 I Adreno  : DequeueBuffer: dequeueBuffer failed
08-04 11:18:12.702   554   554 E DisplayDevice: eglSwapBuffers(0x1, 0x7f81766900) failed with 0x0000300d
08-04 11:18:12.723  2272 17501 E BufferQueueProducer: [SurfaceTexture-63-2272-17] dequeueBuffer: BufferQueue has been abandoned
08-04 11:18:12.723   554   554 I Adreno  : DequeueBuffer: dequeueBuffer failed
08-04 11:18:12.723   554   554 E DisplayDevice: eglSwapBuffers(0x1, 0x7f81766440) failed with 0x0000300d
08-04 11:18:12.725  2272  3075 E BufferQueueProducer: [SurfaceTexture-65-2272-19] dequeueBuffer: BufferQueue has been abandoned
08-04 11:18:12.725   554   554 I Adreno  : DequeueBuffer: dequeueBuffer failed
08-04 11:18:12.726   554   554 E DisplayDevice: eglSwapBuffers(0x1, 0x7f81766680) failed with 0x0000300d
08-04 11:18:12.727  2272 17545 E BufferQueueProducer: [SurfaceTexture-64-2272-18] dequeueBuffer: BufferQueue has been abandoned
08-04 11:18:12.727   554   554 I Adreno  : DequeueBuffer: dequeueBuffer failed
08-04 11:18:12.727   554   554 E DisplayDevice: eglSwapBuffers(0x1, 0x7f81766900) failed with 0x0000300d
08-04 11:18:12.729  1109  1552 I DisplayManagerService: Display device removed: DisplayDeviceInfo{"com.oculus.android_panel_app.AndroidPanelLayer-tabletNav": uniqueId="virtual:com.oculus.systemux,10025,com.oculus.android_panel_app.AndroidPanelLayer-tabletNav,0", 216 x 340, modeId 28, defaultModeId 28, supportedModes [{id=28, width=216, height=340, fps=60.0}], colorMode 0, supportedColorModes [0], HdrCapabilities null, density 160, 160.0 x 160.0 dpi, appVsyncOff 0, presDeadline 16666666, touch NONE, rotation 0, type VIRTUAL, state ON, owner com.oculus.systemux (uid 10025), FLAG_PRIVATE, FLAG_NEVER_BLANK, FLAG_OWN_CONTENT_ONLY}
08-04 11:18:12.729  1989  1989 I AndroidPanelLayer: Destroying presentation for layer "tabletContent".
08-04 11:18:12.732  2581  2636 D [OAR] ShellApplication: notify OS to set com.oculus.systemux/com.oculus.panelapp.anytimeui.AnytimeUIAndroidPanelService to FOREGROUND
08-04 11:18:12.736  2272 17046 E BufferQueueProducer: [SurfaceTexture-63-2272-17] dequeueBuffer: BufferQueue has been abandoned
08-04 11:18:12.737   554   554 I Adreno  : DequeueBuffer: dequeueBuffer failed
08-04 11:18:12.737   554   554 E DisplayDevice: eglSwapBuffers(0x1, 0x7f81766440) failed with 0x0000300d
08-04 11:18:12.738  2581  2636 I [OAO] PanelAppHost: Setting panel layer visibility of layer "#main" to invisible
08-04 11:18:12.739  2581  2636 I [OAO] PanelAppHost: Setting panel layer visibility of layer "tablet" to invisible
08-04 11:18:12.739  2581  2636 I [OAO] PanelAppHost: Setting panel layer visibility of layer "tabletNav" to invisible
08-04 11:18:12.739  2581  2636 I [OAO] PanelAppHost: Setting panel layer visibility of layer "tabletContent" to invisible
08-04 11:18:12.739  2272  3075 E BufferQueueProducer: [SurfaceTexture-65-2272-19] dequeueBuffer: BufferQueue has been abandoned
08-04 11:18:12.739   554   554 I Adreno  : DequeueBuffer: dequeueBuffer failed
08-04 11:18:12.740   554   554 E DisplayDevice: eglSwapBuffers(0x1, 0x7f81766680) failed with 0x0000300d
08-04 11:18:12.743  2581  2636 I [OAO] PanelAppHost: Applying new layerTransform:
08-04 11:18:12.743  2581  2636 I [OAO] PanelAppHost: [0.482314][0.000000][0.000000][0.000000]
08-04 11:18:12.743  2581  2636 I [OAO] PanelAppHost: [0.000000][0.213524][0.000000][0.213524]
08-04 11:18:12.743  2581  2636 I [OAO] PanelAppHost: [0.000000][0.000000][1.000000][0.000000]
08-04 11:18:12.743  2581  2636 I [OAO] PanelAppHost: [0.000000][0.000000][0.000000][1.000000]
08-04 11:18:12.743  2581  2636 I [OAO] PanelRenderLayer: Using layerTransform 2. layerWidth:0 , layerHeight:0
08-04 11:18:12.743  2581  2636 I [OAO] PanelAppHost: Applying new layerTransform:
08-04 11:18:12.743  2581  2636 I [OAO] PanelAppHost: [0.135651][0.000000][0.000000][-0.346663]
08-04 11:18:12.743  2581  2636 I [OAO] PanelAppHost: [0.000000][0.213524][0.000000][0.213524]
08-04 11:18:12.743  2581  2636 I [OAO] PanelAppHost: [0.000000][0.000000][1.000000][0.000000]
08-04 11:18:12.743  2581  2636 I [OAO] PanelAppHost: [0.000000][0.000000][0.000000][1.000000]
08-04 11:18:12.743  2581  2636 I [OAO] PanelRenderLayer: Using layerTransform 2. layerWidth:0 , layerHeight:0
08-04 11:18:12.743  2581  2636 I [OAO] PanelAppHost: Applying new layerTransform:
08-04 11:18:12.743  2581  2636 I [OAO] PanelAppHost: [0.346663][0.000000][0.000000][0.134395]
08-04 11:18:12.743  2581  2636 I [OAO] PanelAppHost: [0.000000][0.213524][0.000000][0.213524]
08-04 11:18:12.743  2581  2636 I [OAO] PanelAppHost: [0.000000][0.000000][1.000000][0.000100]
08-04 11:18:12.743  2581  2636 I [OAO] PanelAppHost: [0.000000][0.000000][0.000000][1.000000]
08-04 11:18:12.743  2581  2636 I [OAO] PanelRenderLayer: Using layerTransform 2. layerWidth:0 , layerHeight:0
08-04 11:18:12.744  1109  1653 I DisplayManagerService: Display device removed: DisplayDeviceInfo{"com.oculus.android_panel_app.AndroidPanelLayer-tabletContent": uniqueId="virtual:com.oculus.systemux,10025,com.oculus.android_panel_app.AndroidPanelLayer-tabletContent,0", 552 x 340, modeId 29, defaultModeId 29, supportedModes [{id=29, width=552, height=340, fps=60.0}], colorMode 0, supportedColorModes [0], HdrCapabilities null, density 160, 160.0 x 160.0 dpi, appVsyncOff 0, presDeadline 16666666, touch NONE, rotation 0, type VIRTUAL, state ON, owner com.oculus.systemux (uid 10025), FLAG_PRIVATE, FLAG_NEVER_BLANK, FLAG_OWN_CONTENT_ONLY}
08-04 11:18:12.744  1989  1989 I AndroidPanelLayer: Destroying presentation for layer "tablet".
08-04 11:18:12.745  2581  2636 I [OAO] SystemTaskBarV2: EnsurePanelApp with shouldShowDialogNuxNextFrame 0
08-04 11:18:12.746  2581  2636 I [OAO] SystemTabletController: Processing pending None tablet.
08-04 11:18:12.746  2581  2636 I [OAO] SystemTabletController: Processing AUI deep link uri /tablet_none.
08-04 11:18:12.755  2272 17046 E BufferQueueProducer: [SurfaceTexture-63-2272-17] dequeueBuffer: BufferQueue has been abandoned
08-04 11:18:12.755   554   554 I Adreno  : DequeueBuffer: dequeueBuffer failed
08-04 11:18:12.756   554   554 E DisplayDevice: eglSwapBuffers(0x1, 0x7f81766440) failed with 0x0000300d
08-04 11:18:12.758  2581  2636 I [OAO] SystemTaskBarControllerBatteryLevels: Updating left controller battery level from -1 to -1.
08-04 11:18:12.759  2581  2636 I [OAO] SystemTaskBarControllerBatteryLevels: Updating right controller battery level from -1 to -1.
08-04 11:18:12.759  2581  2636 I [OAO] PanelRenderLayer: Using layerTransform 2. layerWidth:0 , layerHeight:0
08-04 11:18:12.759  2581  2636 I [OAO] PanelRenderLayer: Using layerTransform 2. layerWidth:0 , layerHeight:0
08-04 11:18:12.759  2581  2636 I [OAO] PanelRenderLayer: Using layerTransform 2. layerWidth:0 , layerHeight:0
08-04 11:18:12.759  2581  2636 I [OAO] PanelRenderLayer: Using layerTransform 2. layerWidth:0 , layerHeight:0
08-04 11:18:12.759  2581  2636 I [OAO] PanelRenderLayer: Using layerTransform 2. layerWidth:0 , layerHeight:0
08-04 11:18:12.759  2581  2636 I [OAO] PanelRenderLayer: Using layerTransform 2. layerWidth:0 , layerHeight:0
08-04 11:18:12.800  1545  1545 D ControllerNotifications: Enabling notifications
08-04 11:18:12.831  2261  2350 I LibraryProvider: running queryApp(com.beatgames.beatsaber) for com.oculus.uid:10046
08-04 11:18:12.832  2272 17501 E BufferQueueProducer: [SurfaceTexture-63-2272-17] dequeueBuffer: BufferQueue has been abandoned
08-04 11:18:12.832   554   554 I Adreno  : DequeueBuffer: dequeueBuffer failed
08-04 11:18:12.832   554   554 E DisplayDevice: eglSwapBuffers(0x1, 0x7f81766440) failed with 0x0000300d
08-04 11:18:12.833  2581  2708 I OVRPlatform: [CurlHttpClient] Executing HTTP request: https://graph.oculus.com//v1.20/me?fields=current_party{id,leader{id},join_policy,users{id,alias,can_viewer_message,display_name,profile_url,profile_url_small,presence,presence_status,presence_app{id,package_name},presence_deeplink_joinable,presence_deeplink_message,presence_destination_api_name,presence_scoped_user_id,avatar_v2{avatar_image{uri}}},invited_users{id,alias,can_viewer_message,display_name,profile_url,profile_url_small,presence,presence_status,presence_app{id,package_name},avatar_v2{avatar_image{uri}}}}&app_version=231192412
08-04 11:18:12.845  1109  1135 I DisplayManagerService: Display device removed: DisplayDeviceInfo{"com.oculus.android_panel_app.AndroidPanelLayer-tablet": uniqueId="virtual:com.oculus.systemux,10025,com.oculus.android_panel_app.AndroidPanelLayer-tablet,0", 768 x 340, modeId 27, defaultModeId 27, supportedModes [{id=27, width=768, height=340, fps=60.0}], colorMode 0, supportedColorModes [0], HdrCapabilities null, density 160, 160.0 x 160.0 dpi, appVsyncOff 0, presDeadline 16666666, touch NONE, rotation 0, type VIRTUAL, state ON, owner com.oculus.systemux (uid 10025), FLAG_PRIVATE, FLAG_NEVER_BLANK, FLAG_OWN_CONTENT_ONLY}
08-04 11:18:12.855  1989  1989 D CppPanelService: onDestroy()
08-04 11:18:12.858  1545  1545 I ControllerNotifications: Updating input notifications based on state ConnectedBatteryNormal
08-04 11:18:12.862  1989  1989 D CppPanelService: PanelService()
08-04 11:18:12.868  1989  1989 D CppPanelService: onBind()
08-04 11:18:12.872  1545  1545 I ControllerNotifications: Updating input notifications based on state ConnectedBatteryNormal
08-04 11:18:12.877  1872  1872 I OVRMediaServiceManager: Sending onAppStart (com.beatgames.beatsaber) to PlatformPluginManager
08-04 11:18:12.877  2581  2581 D [OAR] PanelServiceConnection: onSeviceConnected - component name (ComponentInfo{com.oculus.systemux/com.oculus.panelapp.anytimeui.AnytimeUIAndroidPanelService}), panel app id (3)
08-04 11:18:12.877  2581  2581 D [OAR] ShellApplication: notify OS to set com.oculus.systemux/com.oculus.panelapp.anytimeui.AnytimeUIAndroidPanelService to FOREGROUND
08-04 11:18:12.882  2581  2581 I [OAR] PanelServiceConnection: verifyFirstPartyUID(Debug Signatures=false, uid=10025) => apkSignatureResult=SigCertInfo(isTrusted=true, packageNames=[com.oculus.systemux], signature=308205cf308203b7a0030201020204097e91c1300d06092a864886f70d01010b0500308197310b3009060355040613025553311330110603550408130a43616c69666f726e6961311330110603550407130a4d656e6c6f205061726b31233021060355040a131a46616365626f6f6b20546563686e6f6c6f676965732c204c4c4331233021060355040b131a46616365626f6f6b20546563686e6f6c6f676965732c204c4c43311430120603550403130b4f63756c75732041707073301e170d3139303730343131333935315a170d3436313131393131333935315a308197310b3009060355040613025553311330110603550408130a43616c69666f726e6961311330110603550407130a4d656e6c6f205061726b31233021060355040a131a46616365626f6f6b20546563686e6f6c6f676965732c204c4c4331233021060355040b131a46616365626f6f6b20546563686e6f6c6f676965732c204c4c43311430120603550403130b4f63756c7573204170707330820222300d06092a864886f70d01010105000382020f003082020a0282020100b815642a5c201c8da044905dafbb06c05fddb75449cc75a716a0434da0493a52a4d60643532c237e76cb41d2c32a5e4474f12b37f632a809b5a5ceb8c6289ecf828e736b4ec452b1c2757bd0b5ed13eff5a7a47ab2ef6cdf60a8d749e9e8603f30d12b5db8f734c57578a2a4ce5ff5737c1f02c629d2dcb4f82726674663a699de94463ff370fa9eb48158831bf0b68bd6ec84293182d52e860bdd81bb9ce9cdd6a77fea0df25004da34d3cce7a31069646aa4628fba9ccb0952163793be9a4edf49a53f83179c2f44d8c87d6c129e8d590af0f3fced26201ee43b31fccd93b497cd198c5cd1f98d64c4f7ad79ca47278c02652d5dc072a99807e22f473f7bae4da2bafcae48cd49ad55a764b8d39f329f6175eac9074307deff48b1c4a6e19b748766617768c31a17feae8478eb7f9ebfb61af2b9f5a692b636342d7ebc53d7146626b51801b5a0a102e281475decdefb8683d0ca2843dc7aaeb6759bcab0dcba38db44f5d7f797a1c9c02dd159c0e3c72b14dc882d31c24ad8abee4ce0f7f0205e05efef551e2551a61e96636ed5dfd7435d3d24f5a130a12f10452cc954aa770d5d95e3e0cb9d7b05c5506a7947f8ff3437b3d82274fdaa156d85bfb7fbcb4fa5557080fedab86520b71d3d533e7bb3e7e3ebe9712b68e755d700b0afbf7595ffa80a6b3d90bfe599769138ee6515df415e32c0abed2b8e4aea1f47351f490203010001a321301f301d0603551d0e04160414a3c939e6b71c43bc9193f773c0351be1aff311f9300d06092a864886f70d01010b050003820201004e4c865231f2a3583c6af9488ecf9aa96b1ee84e2d7bfad00581537dc70c54ecfcf360e563d018efa4cdd77bf6fc4c9f1a20ebd4215cf1538686d4089bdcc8adb6ae4497ead14b0c18efd52ce93357019973e94e16b3326c60885b1bdc5f9cad1098f16732935876d8d19bda3ceeaaa69a83c4e2231710c6735f88abdfffe3dfa2be3f18f894923441b4e4a9c9664ed6294c16d7c073547063bfdbbefad184a001f1dce2feffdc96d10eb16a3bfbcd382cd297ca3b4edb7ebacd1a9931a1368a5157ceaebbca5b39bd5db5461a340db8ec076d38a94bcdd042bfb51388158ba97a49b631c1762fa746c7bb36eaf15cae23fa993cfb052e824f2ae173ea27b50a6cca91eb955f4faf131514757e5a3ecae9df6d23771279b7742f28fb9ce394eb9e03926f550716f1312355a5efdc479d8347b516cff55cb14307c81280142cacf2fd6562a2baacbfc97869272b1c51abf79121de8bab227e001313d4115eb9b33a332ebb34e290f14b5352ef1038f7a5f3740c9d1136b3526de4331deb4fa529c36a17c04c3e64d4f6ebda73d6e6e18281e3948fd11e685eab6611be1bc62839bce5962715e7f6537e6c083bcd3538d17407b26c850cd6b3f5e2149fdef027a6cfb7ed0f93c928aca14927b10c6a3f104ba1b10413af8b1868b84a004e5ddd065fff26a7bb3c818bb5a2d69aedf9441ef9033efae3ef52282a96f66d4b4ff3f2), time=2 ms
08-04 11:18:12.889  1989  2023 I CppPanelService: verifyVrShellUID(Debug Signatures=false, uid=10030) => apkSignatureResult=SigCertInfo(isTrusted=true, packageNames=[com.oculus.vrshell], signature=3082038d30820275a00302010202041303858a300d06092a864886f70d01010b05003077310b3009060355040613025553310b3009060355040813024341311330110603550407130a4d656e6c6f205061726b31173015060355040a130e4f63756c75732056522c204c4c4331173015060355040b130e4f63756c75732056522c204c4c43311430120603550403130b4f63756c75732041707073301e170d3134313033303231343032315a170d3432303331373231343032315a3077310b3009060355040613025553310b3009060355040813024341311330110603550407130a4d656e6c6f205061726b31173015060355040a130e4f63756c75732056522c204c4c4331173015060355040b130e4f63756c75732056522c204c4c43311430120603550403130b4f63756c7573204170707330820122300d06092a864886f70d01010105000382010f003082010a0282010100a34c7fbd96dea95d811f21a0d760cabca85f2df5dbe19b62aca7a3e3e0b6e48f7e173345f2753c458d639cc2e222eeee4cfb5e89ac1c5060044414056709a43a7f1a6f1e4f2c3d708c48912634be08ad6da1fff92d9c0d4b85e4bc8a8b1c27de84c04eb1e6577c10693500af46beaf7bd2ce72a06a46f4e565859f242cecbef1a431ae8096db712cebe73840bacc64de6b99077ba1ca8c20e5d0b4870bd161f087abbf568dfef58e604068ca6f7cdea183c8681c306bc30cb223e7c5ce3a2fcf00d13e158475b3700ef62dcca46c57baecca4d91052e20b861a1a085d5fc8e99aed8c4a9cfd550d01e54ef5062133befcf7f9ea6a5a1d1575a72cd82279f34030203010001a321301f301d0603551d0e04160414ec7ccdaf8ccdc6dd1b87d4b561582ad8ec397b80300d06092a864886f70d01010b0500038201010014c557ecddc17ba8b979618036e7093b8e7307f624644532c31239f4dc83fd9424267ca7670fa9f78689cbc5bfd8a6312fdc214bd159d614a8753ceec0f2b2d9166217895b13c992e1d10ca625a3153dacfa51dbdb7fde139bd59510f5add29f88be3826b445ce7386dcf06577be72fbdf118fa81179091fad275981409e02d40422d8e86df5827a2c496a4b905b4825c3f1ba0af4cf509bf9b0d4d608cf0b4320ac60d1a8cbcc384de24f11a4c93c0fc5b887cbd6855871af1b1ef729c51a8a123efc6a627b6494e81a264587443b9156ad17772863c2f9685fae9c72a552b333f8ef2822bce5d4d178e45b3a8dd4e321924f6a5ba43f732971a9e74cbf0433), time=1 ms
08-04 11:18:12.889  1989  1989 D CppPanelService: BEGIN: Initializing panel application via MSG_CREATE_PANEL_APP.
08-04 11:18:12.889  1989  1989 D CppPanelService: Falling back to last known good shell api level for 19.0.0.341.531
08-04 11:18:12.889  1989  1989 D CppPanelService: Configuring service for Shell with versionName 19.0.0.341.531 and versionCode 231192412 selected API Level 2
08-04 11:18:12.889  1989  1989 I AndroidPanelApp: Creating AndroidPanelApp
08-04 11:18:12.889  1989  1989 I AndroidPanelApp: _oc_gk:oculus_vrshell_anytimeui_v2_social = true
08-04 11:18:12.889  1989  1989 I AndroidPanelApp: _oc_userid = 111488643757260
08-04 11:18:12.889  1989  1989 I AndroidPanelApp: _oc_gk:oculus_vrshell_anytimeui_v2_show_pymks = true
08-04 11:18:12.889  1989  1989 I AndroidPanelApp: _oc_gk:assistant_on_oculus = true
08-04 11:18:12.890  1989  1989 I AndroidPanelApp: _oc_gk:oculus_auiv2_default_tablet_hidden = true
08-04 11:18:12.890  1989  1989 I AndroidPanelApp: _oc_gk:oculus_messenger_quick_chat_dialog = true
08-04 11:18:12.890  1989  1989 I AndroidPanelApp: _oc_gk:oculus_quest_passthrough_ondemand = true
08-04 11:18:12.890  1989  1989 I AndroidPanelApp: _oc_gk:oculus_parties_join_button = true
08-04 11:18:12.890  1989  1989 I AndroidPanelApp: _oc_shell_pixel_density = 13
08-04 11:18:12.890  1989  1989 I AndroidPanelApp: _oc_gk:oculus_vrshell_anytimeui_chat_icon = true
08-04 11:18:12.890  1989  1989 I AndroidPanelApp: _oc_gk:oculus_mobile_pause_videoshot_enabled = true
08-04 11:18:12.890  1989  1989 I AndroidPanelApp: _oc_gk:oculus_social_party_fb_upsell = true
08-04 11:18:12.890  1989  1989 I AndroidPanelApp: _oc_gk:oculus_mobile_hand_tracking_ga = true
08-04 11:18:12.890  1989  1989 I AndroidPanelApp: _oc_gk:oculus_mobile_auiv2_android_library = true
08-04 11:18:12.890  1989  1989 I AndroidPanelApp: _oc_shell_permissions = permissionsGranted camera write_storage microphone
08-04 11:18:12.890  1989  1989 I AndroidPanelApp: _oc_gk:oc_social_h1_2020_mobile_sharing_updates = true
08-04 11:18:12.890  1989  1989 I AndroidPanelApp: _oc_device_type = 259
08-04 11:18:12.890  1989  1989 I AndroidPanelApp: _oc_ff:aui_react_only_library = false
08-04 11:18:12.890  1989  1989 I AndroidPanelApp: _oc_shell_version_code = 231192412
08-04 11:18:12.890  1989  1989 I AndroidPanelApp: _oc_shell_version_name = 19.0.0.341.531
08-04 11:18:12.890  1989  1989 I AndroidPanelApp: _oc_shell_panel_id = 2
08-04 11:18:12.890  1989  1989 I AndroidPanelApp: _oc_gk:oculus_party_block_members = true
08-04 11:18:12.890  1989  1989 I AndroidPanelApp: _oc_shell_guardian_disabled = false
08-04 11:18:12.890  1989  1989 I AndroidPanelApp: _oc_gk:oculus_mobile_pause_invite_enabled = true
08-04 11:18:12.890  1989  1989 I AndroidPanelApp: _oc_launch_timestamp = 2732340
08-04 11:18:12.890  1989  1989 I AndroidPanelApp: _oc_gk:oculus_parties_message_button = true
08-04 11:18:12.890  1989  1989 I AndroidPanelApp: _oc_gk:oculus_party_joinable_calls = true
08-04 11:18:12.890  1989  1989 I AndroidPanelApp: _oc_auiv2 = true
08-04 11:18:12.890  1989  1989 I AndroidPanelApp: _oc_gk:oculus_party_joinable_toggle_aui = true
08-04 11:18:12.890  1989  1989 I AndroidPanelApp: _oc_shell_automation_enabled = false
08-04 11:18:12.890  1989  1989 I AndroidPanelApp: _oc_gk:oculus_vrshell_core_tv_button = true
08-04 11:18:12.890  1989  1989 I AndroidPanelApp: _oc_ff:aui_v2 = true
08-04 11:18:12.890  1989  1989 I AndroidPanelApp: _oc_gk:oculus_vrshell_anytimeui_v2_profile = true
08-04 11:18:12.890  1989  1989 I AndroidPanelApp: _oc_gk:oculus_mobile_auiv2_feature_enabled = true
08-04 11:18:12.890  1989  1989 I AndroidPanelApp: _oc_gk:oculus_mobile_home_js_bundle = true
08-04 11:18:12.890  1989  1989 I AndroidPanelApp: _oc_shell_render_scale = 1.000000
08-04 11:18:12.890  1989  1989 I AndroidPanelApp: _oc_gk:oculus_profile_biography = true
08-04 11:18:12.890  1989  1989 I AndroidPanelApp: _oc_gk:oculus_developer = true
08-04 11:18:12.890  1989  1989 I AndroidPanelApp: _oc_gk:oculus_mobile_pause_screenshot_enabled = true
08-04 11:18:12.890  1989  1989 I AndroidPanelApp: _oc_shell_feature_sets = multi-layer-v1,mirror-avatar-v1,system-ux-routes-v1,deeplink-nav-v1,clock-levels-v1,layerTranslate-v1,layerScaleDensity-v1,layerScaleDensity-v2,multiapp-alpha-v1,multiapp-v1,multiapp-v2,recoverInstances-v1,webtasks-in-exclusive-mode
08-04 11:18:12.890  1989  1989 I AndroidPanelApp: _oc_enterprise_mode = false
08-04 11:18:12.890  1989  1989 I AndroidPanelApp: _oc_analytics_session_id = fcdeb501-5193-4a60-b4b9-2d507f1476b3
08-04 11:18:12.890  1989  1989 I AndroidPanelApp: _oc_gk:oculus_mobile_settings_release_process = true
08-04 11:18:12.890  1989  1989 I AndroidPanelApp: _oc_shell_view_id_debugging_enabled = false
08-04 11:18:12.890  1989  1989 I AndroidPanelApp: _oc_gk:oculus_mobile_sysux_lightweight_releases = true
08-04 11:18:12.890  1989  1989 I AndroidPanelApp: _oc_ff:aui_android_only_library = false
08-04 11:18:12.890  1989  1989 I AndroidPanelApp: _oc_shell_host = minimal_overlay
08-04 11:18:12.890  1989  1989 I AndroidPanelApp: Created
08-04 11:18:12.895  1989  1989 V [SUI] AnytimeUIAndroidPanelAppBase: Wifi is connected
08-04 11:18:12.895  1989  1989 I [SUI] AnytimeUIAndroidPanelAppBase: Routing to horizon content provider
08-04 11:18:12.898  1989  1989 V [SUI] AnytimeUIAndroidPanelAppBase: Running full notifications initialize
08-04 11:18:12.900  1989  1989 I AndroidPanelApp: Sending surface geometry border radius with type all and value 12 for layer tablet.
08-04 11:18:12.900  1989  1989 I AndroidPanelApp: Sending surface geometry border radius with type left and value 12 for layer tabletNav.
08-04 11:18:12.900  1989  1989 I AndroidPanelApp: Sending surface geometry border radius with type right and value 12 for layer tabletContent.
08-04 11:18:12.900  1989  1989 D [SUI] PauseViewModel: Constructing ViewModel
08-04 11:18:12.900  1989  1989 D [SUI] AnytimeUIAndroidPanelAppV2: Acquiring viewModel PauseViewModel refCount: 1
08-04 11:18:12.900  1989  1989 D [SUI] SharingViewModel: Constructing ViewModel
08-04 11:18:12.900  1989  1989 D [SUI] AnytimeUIAndroidPanelAppV2: Acquiring viewModel SharingViewModel refCount: 1
08-04 11:18:12.900  1989  1989 D [SUI] StoreOptionalityExperiment: No DeviceConfig or Gatekeeper Setup enabled
08-04 11:18:12.900  1989  1989 D [SUI] StoreOptionalityExperiment: Gatekeeper group: -1. Not part of the experiment, no exposure is logged
08-04 11:18:12.900  1989  1989 D [SUI] StoreOptionalityExperiment: mAuiV2Enabled: false
08-04 11:18:12.901  1989  1989 D [SUI] StoreOptionalityExperiment: mGetMoreAppsButtonEnabled: false
08-04 11:18:12.901  1989  1989 D [SUI] StoreOptionalityExperiment: mSystemAppsAsTilesEnabled: false
08-04 11:18:12.901  1989  1989 D [SUI] StoreOptionalityExperiment: mStoreAlwaysFirstAppTileEnabled: false
08-04 11:18:12.901  1989  1989 D [SUI] StoreOptionalityExperiment: mStorePinnedInAuiV2Bar: false
08-04 11:18:12.901  1989  1989 I AndroidPanelApp: Calling ensurePanelLayer on layer "#main" with view ID -1
08-04 11:18:12.901  1989  1989 I AndroidPanelLayer: Setting spec for layer "#main"
08-04 11:18:12.901  1989  1989 I AndroidPanelLayer: Setting size of layer "#main" to have width 774 and height 124
08-04 11:18:12.901  1989  1989 I AndroidPanelLayer: Destroying presentation for layer "#main".
08-04 11:18:12.901  1989  1989 I AndroidPanelLayer: Creating presentation for layer "#main" with width 774 and height 124
08-04 11:18:12.902  1109  1135 I DisplayManagerService: Display device added: DisplayDeviceInfo{"com.oculus.android_panel_app.AndroidPanelLayer-#main": uniqueId="virtual:com.oculus.systemux,10025,com.oculus.android_panel_app.AndroidPanelLayer-#main,0", 774 x 124, modeId 30, defaultModeId 30, supportedModes [{id=30, width=774, height=124, fps=60.0}], colorMode 0, supportedColorModes [0], HdrCapabilities null, density 160, 160.0 x 160.0 dpi, appVsyncOff 0, presDeadline 16666666, touch NONE, rotation 0, type VIRTUAL, state OFF, owner com.oculus.systemux (uid 10025), FLAG_PRIVATE, FLAG_NEVER_BLANK, FLAG_OWN_CONTENT_ONLY}
08-04 11:18:12.903 17483 18029 I Telemetry: App memory usage: PSS=702MB DalvikPSS=1 MB
08-04 11:18:12.907 17483 18029 I VrApi   : FPS=72,Prd=45ms,Tear=0,Early=72,Stale=0,VSnc=1,Lat=1,Fov=0,CPU4/GPU=4/4,2304/670MHz,OC=FF,TA=0/0/0,SP=N/N/N,Mem=1804MHz,Free=1150MB,PSM=0,PLS=0,Temp=0.0C/0.0C,TW=1.66ms,App=7.27ms,GD=0.00ms,CPU&GPU=10.20ms,LCnt=1,GPU%=0.59,CPU%=0.18(W0.19),DSF=1.00
08-04 11:18:12.907 17483 17527 I VrApi   : OVR::Stats thread stopped
08-04 11:18:12.907 17483 17527 I InputDeviceManager: ovrInputDeviceManager::Shutdown
08-04 11:18:12.912  1989  1989 D [SUI] AnytimeUIAndroidPanelAppV2: Inflating view for layer: #main, viewIdentifier = -1
08-04 11:18:12.913  2261  2349 E Security-LocalReporter: UID '10046' is shared by multiple packages: [com.oculus.home, com.oculus.horizon]
08-04 11:18:12.917 17483 18028 I InputHooks_Internal: InputHooksThreadRun ShutdownRequest received
08-04 11:18:12.917 17483 17527 D InputHooksJava: Disabling Java Input Hooks
08-04 11:18:12.919  1989  1989 D [SUI] BarView: Initializing BarView
08-04 11:18:12.920  2272  2301 D VrRuntimeService: this client: 17483:com.beatgames.beatsaber
08-04 11:18:12.921  2272  2301 D VrRuntimeService: enableRendering: clientWindow: null enable: false
08-04 11:18:12.921  2272  2301 I ClientMgr: ClientMgr::EnableRendering 17483:com.beatgames.beatsaber : type 0 : disable
08-04 11:18:12.921  2272  2301 I VrRuntimeServer: RemoveCompositorClient: 0
08-04 11:18:12.921 17483 17527 I BufferObject: ovrBufferObjectFactory::Unimport deleting GL buffer=261
08-04 11:18:12.921 17483 17527 I BufferObject: ovrBufferObjectFactory::Unimport deleting GL memory object=5
08-04 11:18:12.921 17483 17527 I TrackingServiceClient: OVR::TrackingService::ClientSetInterface
08-04 11:18:12.921 17483 17527 D TrackingServiceConnectionNative: onClientDisconnect
08-04 11:18:12.921   730   835 I TrackingService: Unregistering client by ITrackingService.unregisterClient
08-04 11:18:12.921   730   835 I TrackingService: TrackingServiceHost Unregistering client: pid 17483
08-04 11:18:12.921 17483 17527 D BinderConnection: Disconnecting from TrackingService service
08-04 11:18:12.921 17483 17527 D TrackingServiceConnectionNative: onDisconnected
08-04 11:18:12.921 17483 17527 I TrackingServiceClient: OVR::TrackingService::ClientSetInterface
08-04 11:18:12.921 17483 17527 I VrApi   : ---------- vrapi_LeaveVrMode [end] ----------
08-04 11:18:12.921 17483 17527 D OVRPlugin: Unregistering utility receivers.
08-04 11:18:12.922 17483 17527 D UnityVolumeReceiver: Unregistering volume receiver
08-04 11:18:12.922  1989  1989 D [SUI] StatusViewModel: Constructing ViewModel
08-04 11:18:12.922  1989  1989 D [SUI] AnytimeUIAndroidPanelAppV2: Acquiring viewModel StatusViewModel refCount: 1
08-04 11:18:12.923  1989  1989 D [SUI] SocialViewModel: Constructing ViewModel
08-04 11:18:12.923  1989  1989 D [SUI] SocialViewModel: setTabletActive() - isActive: false
08-04 11:18:12.923  1989  1989 D [SUI] AnytimeUIAndroidPanelAppV2: Acquiring viewModel SocialViewModel refCount: 1
08-04 11:18:12.923  1989  1989 D [SUI] SocialViewModel: registerPartyObserver(): 
08-04 11:18:12.923  1989  1989 D [SUI] BarViewModel: Constructing BarViewModel
08-04 11:18:12.923  1989  1989 D [SUI] AnytimeUIAndroidPanelAppV2: Acquiring viewModel BarViewModel refCount: 1
08-04 11:18:12.923  1989  1989 D [SUI] SettingsViewModel: Constructing ViewModel
08-04 11:18:12.923 17483 17527 D HeadsetReceiver: Unregistering headset receiver
08-04 11:18:12.924 17483 17527 D UnityBatteryReceiver: Unregistering battery receiver
08-04 11:18:12.925  1989  1989 D [SUI] AnytimeUIAndroidPanelAppV2: Acquiring viewModel SettingsViewModel refCount: 1
08-04 11:18:12.925  1989  1989 D [SUI] ProfileViewModel: Constructing ViewModel
08-04 11:18:12.925  1989  1989 D [SUI] AnytimeUIAndroidPanelAppV2: Acquiring viewModel ProfileViewModel refCount: 1
08-04 11:18:12.925  1989  1989 D [SUI] AnytimeUIAndroidPanelAppV2: Acquiring viewModel PauseViewModel refCount: 2
08-04 11:18:12.925  1989  1989 D [SUI] BarView: Initializing debug bar
08-04 11:18:12.925  1989  1989 D [SUI] BarView: Initialized debug bar
08-04 11:18:12.925  1989  1989 D [SUI] BarView: Initializing profile navigation button
08-04 11:18:12.925  1989  1989 D [SUI] BarView: Initialized profile navigation button
08-04 11:18:12.925  1989  1989 D [SUI] BarView: Initializing apps navigation button
08-04 11:18:12.925  1989  1989 D [SUI] BarView: Initialized apps navigation button
08-04 11:18:12.925  1989  1989 D [SUI] BarView: Initializing notifications navigation button
08-04 11:18:12.926  1989  1989 D [SUI] BarView: Initialized notifications navigation button
08-04 11:18:12.926  1989  1989 D [SUI] BarView: Initializing sharing navigation button
08-04 11:18:12.926  1989  1989 D [SUI] BarView: Initialized sharing navigation button
08-04 11:18:12.926  1989  1989 D [SUI] BarView: Initializing settings navigation button
08-04 11:18:12.926  1989  1989 D [SUI] BarView: Initialized settings navigation button
08-04 11:18:12.926  1989  1989 D [SUI] BarView: Initializing pause navigation button
08-04 11:18:12.926  1989  1989 D [SUI] BarView: Initialized pause navigation button
08-04 11:18:12.926  1989  1989 D [SUI] BarView: Initializing social navigation button
08-04 11:18:12.926  1989  1989 D [SUI] BarView: Initialized social navigation button
08-04 11:18:12.926  1989  1989 D [SUI] BarView: Initializing store navigation button
08-04 11:18:12.926  1989  1989 D [SUI] BarView: Initialized store navigation button
08-04 11:18:12.926  1989  1989 I AndroidPanelApp: measureLayerView with initial width 774, initial height 124, resize behavior NONE.
08-04 11:18:12.926  1989  1989 I AndroidPanelApp: Measured width 774 and height 124.
08-04 11:18:12.926  1989  1989 I AndroidPanelLayer: Setting size of layer "#main" to have width 774 and height 124
08-04 11:18:12.927 17483 17527 D OVRPlugin: GL_EXTENSIONS:
08-04 11:18:12.927 17483 17527 D OVRPlugin: GL_OES_EGL_image
08-04 11:18:12.927 17483 17527 D OVRPlugin: GL_OES_EGL_image_external
08-04 11:18:12.927 17483 17527 D OVRPlugin: GL_OES_EGL_sync
08-04 11:18:12.927 17483 17527 D OVRPlugin: GL_OES_vertex_half_float
08-04 11:18:12.927 17483 17527 D OVRPlugin: GL_OES_framebuffer_object
08-04 11:18:12.927 17483 17527 D OVRPlugin: GL_OES_rgb8_rgba8
08-04 11:18:12.927 17483 17527 D OVRPlugin: GL_OES_compressed_ETC1_RGB8_texture
08-04 11:18:12.927 17483 17527 D OVRPlugin: GL_AMD_compressed_ATC_texture
08-04 11:18:12.927 17483 17527 D OVRPlugin: GL_KHR_texture_compression_astc_ldr
08-04 11:18:12.927 17483 17527 D OVRPlugin: GL_KHR_texture_compression_astc_hdr
08-04 11:18:12.927 17483 17527 D OVRPlugin: GL_OES_texture_compression_astc
08-04 11:18:12.927 17483 17527 D OVRPlugin: GL_OES_texture_npot
08-04 11:18:12.927 17483 17527 D OVRPlugin: GL_EXT_texture_filter_anisotropic
08-04 11:18:12.927 17483 17527 D OVRPlugin: GL_EXT_texture_format_BGRA8888
08-04 11:18:12.927 17483 17527 D OVRPlugin: GL_EXT_read_format_bgra
08-04 11:18:12.927 17483 17527 D OVRPlugin: GL_OES_texture_3D
08-04 11:18:12.927 17483 17527 D OVRPlugin: GL_EXT_color_buffer_float
08-04 11:18:12.927 17483 17527 D OVRPlugin: GL_EXT_color_buffer_half_float
08-04 11:18:12.927 17483 17527 D OVRPlugin: GL_QCOM_alpha_test
08-04 11:18:12.927 17483 17527 D OVRPlugin: GL_OES_depth24
08-04 11:18:12.927 17483 17527 D OVRPlugin: GL_OES_packed_depth_stencil
08-04 11:18:12.927 17483 17527 D OVRPlugin: GL_OES_depth_texture
08-04 11:18:12.927 17483 17527 D OVRPlugin: GL_OES_depth_texture_cube_map
08-04 11:18:12.927 17483 17527 D OVRPlugin: GL_EXT_sRGB
08-04 11:18:12.927 17483 17527 D OVRPlugin: GL_OES_texture_float
08-04 11:18:12.927 17483 17527 D OVRPlugin: GL_OES_texture_float_linear
08-04 11:18:12.927 17483 17527 D OVRPlugin: GL_OES_texture_half_float
08-04 11:18:12.927 17483 17527 D OVRPlugin: GL_OES_texture_half_float_linear
08-04 11:18:12.927 17483 17527 D OVRPlugin: GL_EXT_texture_type_2_10_10_10_REV
08-04 11:18:12.927 17483 17527 D OVRPlugin: GL_EXT_texture_sRGB_decode
08-04 11:18:12.927 17483 17527 D OVRPlugin: GL_EXT_texture_format_sRGB_override
08-04 11:18:12.927 17483 17527 D OVRPlugin: GL_OES_element_index_uint
08-04 11:18:12.927 17483 17527 D OVRPlugin: GL_EXT_copy_image
08-04 11:18:12.927 17483 17527 D OVRPlugin: GL_EXT_geometry_shader
08-04 11:18:12.927 17483 17527 D OVRPlugin: GL_EXT_tessellation_shader
08-04 11:18:12.927 17483 17527 D OVRPlugin: GL_OES_texture_stencil8
08-04 11:18:12.927 17483 17527 D OVRPlugin: GL_EXT_shader_io_blocks
08-04 11:18:12.927 17483 17527 D OVRPlugin: GL_OES_shader_image_atomic
08-04 11:18:12.927 17483 17527 D OVRPlugin: GL_OES_sample_variables
08-04 11:18:12.927 17483 17527 D OVRPlugin: GL_EXT_texture_border_clamp
08-04 11:18:12.927 17483 17527 D OVRPlugin: GL_EXT_EGL_image_external_wrap_modes
08-04 11:18:12.927 17483 17527 D OVRPlugin: GL_EXT_multisampled_render_to_texture
08-04 11:18:12.927 17483 17527 D OVRPlugin: GL_EXT_multisampled_render_to_texture2
08-04 11:18:12.927 17483 17527 D OVRPlugin: GL_OES_shader_multisample_interpolation
08-04 11:18:12.927 17483 17527 D OVRPlugin: GL_EXT_texture_cube_map_array
08-04 11:18:12.927 17483 17527 D OVRPlugin: GL_EXT_draw_buffers_indexed
08-04 11:18:12.927 17483 17527 D OVRPlugin: GL_EXT_gpu_shader5
08-04 11:18:12.927 17483 17527 D OVRPlugin: GL_EXT_robustness
08-04 11:18:12.927 17483 17527 D OVRPlugin: GL_EXT_texture_buffer
08-04 11:18:12.927 17483 17527 D OVRPlugin: GL_EXT_shader_framebuffer_fetch
08-04 11:18:12.927 17483 17527 D OVRPlugin: GL_ARM_shader_framebuffer_fetch_depth_stencil
08-04 11:18:12.927 17483 17527 D OVRPlugin: GL_OES_texture_storage_multisample_2d_array
08-04 11:18:12.927 17483 17527 D OVRPlugin: GL_OES_sample_shading
08-04 11:18:12.927 17483 17527 D OVRPlugin: GL_OES_get_program_binary
08-04 11:18:12.927 17483 17527 D OVRPlugin: GL_EXT_debug_label
08-04 11:18:12.927 17483 17527 D OVRPlugin: GL_KHR_blend_equation_advanced
08-04 11:18:12.927 17483 17527 D OVRPlugin: GL_KHR_blend_equation_advanced_coherent
08-04 11:18:12.927 17483 17527 D OVRPlugin: GL_QCOM_tiled_rendering
08-04 11:18:12.927 17483 17527 D OVRPlugin: GL_ANDROID_extension_pack_es31a
08-04 11:18:12.927 17483 17527 D OVRPlugin: GL_EXT_primitive_bounding_box
08-04 11:18:12.927 17483 17527 D OVRPlugin: GL_OES_standard_derivatives
08-04 11:18:12.927 17483 17527 D OVRPlugin: GL_OES_vertex_array_object
08-04 11:18:12.927 17483 17527 D OVRPlugin: GL_EXT_disjoint_timer_query
08-04 11:18:12.927 17483 17527 D OVRPlugin: GL_KHR_debug
08-04 11:18:12.927 17483 17527 D OVRPlugin: GL_EXT_YUV_target
08-04 11:18:12.927 17483 17527 D OVRPlugin: GL_EXT_sRGB_write_control
08-04 11:18:12.927 17483 17527 D OVRPlugin: GL_EXT_texture_norm16
08-04 11:18:12.927 17483 17527 D OVRPlugin: GL_EXT_discard_framebuffer
08-04 11:18:12.927 17483 17527 D OVRPlugin: GL_OES_surfaceless_context
08-04 11:18:12.927 17483 17527 D OVRPlugin: GL_OVR_multiview
08-04 11:18:12.927 17483 17527 D OVRPlugin: GL_OVR_multiview2
08-04 11:18:12.927 17483 17527 D OVRPlugin: GL_EXT_texture_sRGB_R8
08-04 11:18:12.927 17483 17527 D OVRPlugin: GL_KHR_no_error
08-04 11:18:12.927 17483 17527 D OVRPlugin: GL_EXT_debug_marker
08-04 11:18:12.927 17483 17527 D OVRPlugin: GL_OES_EGL_image_external_essl3
08-04 11:18:12.927 17483 17527 D OVRPlugin: GL_OVR_multiview_multisampled_render_to_texture
08-04 11:18:12.927 17483 17527 D OVRPlugin: GL_EXT_buffer_storage
08-04 11:18:12.927 17483 17527 D OVRPlugin: GL_EXT_external_buffer
08-04 11:18:12.927 17483 17527 D OVRPlugin: GL_EXT_blit_framebuffer_params
08-04 11:18:12.927 17483 17527 D OVRPlugin: GL_EXT_clip_cull_distance
08-04 11:18:12.927 17483 17527 D OVRPlugin: GL_EXT_protected_textures
08-04 11:18:12.927 17483 17527 D OVRPlugin: GL_EXT_shader_non_constant_global_initializers
08-04 11:18:12.927 17483 17527 D OVRPlugin: GL_QCOM_texture_foveated
08-04 11:18:12.927 17483 17527 D OVRPlugin: GL_QCOM_shader_framebuffer_fetch_noncoherent
08-04 11:18:12.927 17483 17527 D OVRPlugin: GL_QCOM_shader_framebuffer_fetch_rate
08-04 11:18:12.927 17483 17527 D OVRPlugin: GL_EXT_memory_object
08-04 11:18:12.927 17483 17527 D OVRPlugin: GL_EXT_memory_object_fd
08-04 11:18:12.927 17483 17527 D OVRPlugin: GL_EXT_EGL_image_array
08-04 11:18:12.927 17483 17527 D OVRPlugin: GL_NV_shader_noperspective_interpolation
08-04 11:18:12.927 17483 17527 D OVRPlugin: GL_KHR_robust_buffer_access_behavior
08-04 11:18:12.927 17483 17527 D OVRPlugin: GL_EXT_EGL_image_storage
08-04 11:18:12.927 17483 17527 D OVRPlugin: GL_EXT_blend_func_extended
08-04 11:18:12.927 17483 17527 D OVRPlugin: GL_EXT_clip_control
08-04 11:18:12.927 17483 17527 D OVRPlugin: GL_OES_texture_view
08-04 11:18:12.927 17483 17527 D OVRPlugin: GL_EXT_fragment_invocation_density
08-04 11:18:12.927 17483 17527 D OVRPlugin: GL_QCOM_YUV_texture_gather
08-04 11:18:12.927 17483 17527 D OVRPlugin: es3 = TRUE
08-04 11:18:12.927 17483 17527 D OVRPlugin: Found: GL_EXT_discard_framebuffer
08-04 11:18:12.927 17483 17527 D OVRPlugin: Found: GL_EXT_multisampled_render_to_texture
08-04 11:18:12.927 17483 17527 D OVRPlugin: Found: GL_OES_vertex_array_object
08-04 11:18:12.927 17483 17527 D OVRPlugin: Found: GL_QCOM_tiled_rendering
08-04 11:18:12.927 17483 17527 D OVRPlugin: Found: GL_EXT_disjoint_timer_query
08-04 11:18:12.927 17483 17527 D OVRPlugin: Found: GL_EXT_texture_sRGB_decode
08-04 11:18:12.927 17483 17527 D OVRPlugin: Found: GL_EXT_texture_filter_anisotropic
08-04 11:18:12.927 17483 17527 D OVRPlugin: GL_MAX_TEXTURE_SIZE = 16384
08-04 11:18:12.927 17483 17527 D OVRPlugin: GL_MAX_VERTEX_UNIFORM_VECTORS = 256
08-04 11:18:12.927 17483 17527 D OVRPlugin: GL_MAX_FRAGMENT_UNIFORM_VECTORS = 256
08-04 11:18:12.927  1989  1989 I AndroidPanelApp: layerTransform: Showing panel layer "#main" in VrShell with width 774, height 124, position( 0.000000 , 0.000000 ), rotation (0.000000 , 0.000000 , 0.000000 )  hit-testable true, shape 1, and system-positioned true. Density: 4680.000000. Supersampled: false 
08-04 11:18:12.927 17483 17527 D OVRPlugin: Found: GL_EXT_texture_border_clamp
08-04 11:18:12.927 17483 17527 D OVRPlugin: Finished setting up render thread.
08-04 11:18:12.927 17483 17527 D OVRPlugin: Entering VR mode.
08-04 11:18:12.927 17483 17527 I VrApi   : ---------- vrapi_EnterVrMode [start] ----------
08-04 11:18:12.927  1989  1989 I AndroidPanelApp: Calling ensurePanelLayer on layer "tablet" with view ID -1
08-04 11:18:12.927 17483 17527 I VrRuntimeClient: Tracing is disabled
08-04 11:18:12.927  1989  1989 I AndroidPanelLayer: Setting spec for layer "tablet"
08-04 11:18:12.927  1989  1989 I AndroidPanelLayer: Setting size of layer "tablet" to have width 768 and height 340
08-04 11:18:12.927  1989  1989 I AndroidPanelLayer: Destroying presentation for layer "tablet".
08-04 11:18:12.927  1989  1989 I AndroidPanelLayer: Creating presentation for layer "tablet" with width 768 and height 340
08-04 11:18:12.929  2272  2575 I ClientMgr: Non-overlay clients rendering status has changed: prev=17, curr=18, enabled=0
08-04 11:18:12.930 17483 17527 D VrApi   : targetSDKVersion 28
08-04 11:18:12.931  1109  1586 I DisplayManagerService: Display device added: DisplayDeviceInfo{"com.oculus.android_panel_app.AndroidPanelLayer-tablet": uniqueId="virtual:com.oculus.systemux,10025,com.oculus.android_panel_app.AndroidPanelLayer-tablet,0", 768 x 340, modeId 31, defaultModeId 31, supportedModes [{id=31, width=768, height=340, fps=60.0}], colorMode 0, supportedColorModes [0], HdrCapabilities null, density 160, 160.0 x 160.0 dpi, appVsyncOff 0, presDeadline 16666666, touch NONE, rotation 0, type VIRTUAL, state OFF, owner com.oculus.systemux (uid 10025), FLAG_PRIVATE, FLAG_NEVER_BLANK, FLAG_OWN_CONTENT_ONLY}
08-04 11:18:12.934 17483 17527 I VrRuntimeClient: DEVICE MODEL NUMBER = Quest
08-04 11:18:12.934 17483 17527 I VrRuntimeClient: DEVICE HARDWARE = monterey
08-04 11:18:12.934 17483 17527 I VrRuntimeClient: DEVICE BUILD NAME = user-821490.13210.0
08-04 11:18:12.934 17483 17527 I VrRuntimeClient: DEVICE BUILD TYPE = user
